******************************************************************************
                  TI ARM Linker PC v20.2.7                     
******************************************************************************
>> Linked Tue Feb 27 10:49:01 2024

OUTPUT FILE NAME:   <Lab5.out>
ENTRY POINT SYMBOL: "_c_int00_noargs"  address: 00002a51


MEMORY CONFIGURATION

         name            origin    length      used     unused   attr    fill
----------------------  --------  ---------  --------  --------  ----  --------
  FLASH                 00000000   00040000  00002d39  0003d2c7  R  X
  SRAM                  20000000   00008000  00002302  00005cfe  RW X


SEGMENT ALLOCATION MAP

run origin  load origin   length   init length attrs members
----------  ----------- ---------- ----------- ----- -------
00000000    00000000    00002d40   00002d40    r-x
  00000000    00000000    0000026c   0000026c    r-- .intvecs
  0000026c    0000026c    00002984   00002984    r-x .text
  00002bf0    00002bf0    00000109   00000109    r-- .const
  00002d00    00002d00    00000040   00000040    r-- .cinit
20000000    20000000    00002306   00000000    rw-
  20000000    20000000    0000026c   00000000    rw- .vtable
  20000270    20000270    00001000   00000000    rw- .stack
  20001270    20001270    00001000   00000000    rw- .sysmem
  20002270    20002270    0000008c   00000000    rw- .bss
  200022fc    200022fc    0000000a   00000000    rw- .data


SECTION ALLOCATION MAP

 output                                  attributes/
section   page    origin      length       input sections
--------  ----  ----------  ----------   ----------------
.intvecs   0    00000000    0000026c     
                  00000000    0000026c     tm4c123gh6pm_startup_ccs.obj (.intvecs)

.text      0    0000026c    00002984     
                  0000026c    00000a4e     rtsv7M4_T_le_v4SPD16_eabi.lib : _printfi.c.obj (.text:__TI_printfi)
                  00000cba    00000002                                   : div0.asm.obj (.text)
                  00000cbc    00000328     lcd.obj (.text)
                  00000fe4    000002a8     libcybotUART.lib : uart.obj (.text)
                  0000128c    00000270     rtsv7M4_T_le_v4SPD16_eabi.lib : _printfi.c.obj (.text:_pconv_a)
                  000014fc    00000248     Timer.obj (.text)
                  00001744    000001d0     rtsv7M4_T_le_v4SPD16_eabi.lib : _printfi.c.obj (.text:_pconv_g)
                  00001914    000001b6                                   : fd_add_t2.asm.obj (.text)
                  00001aca    00000002     --HOLE-- [fill = 0]
                  00001acc    0000013c                                   : _printfi.c.obj (.text:_pconv_e)
                  00001c08    00000136                                   : fd_div_t2.asm.obj (.text)
                  00001d3e    00000002     --HOLE-- [fill = 0]
                  00001d40    00000124                                   : _printfi.c.obj (.text:fcvt)
                  00001e64    00000124     uart.obj (.text)
                  00001f88    00000110     rtsv7M4_T_le_v4SPD16_eabi.lib : s_scalbn.c.obj (.text:scalbn)
                  00002098    000000fc                                   : fd_mul_t2.asm.obj (.text)
                  00002194    000000dc     lab5_template.obj (.text)
                  00002270    000000b1     rtsv7M4_T_le_v4SPD16_eabi.lib : _printfi.c.obj (.text:_ltostr)
                  00002321    00000003     --HOLE-- [fill = 0]
                  00002324    000000b0     button.obj (.text)
                  000023d4    0000009c     rtsv7M4_T_le_v4SPD16_eabi.lib : memcpy_t2.asm.obj (.text)
                  00002470    00000096                                   : ull_div_t2.asm.obj (.text)
                  00002506    00000086                                   : fd_cmp_t2.asm.obj (.text:__aeabi_cdcmple)
                  0000258c    00000086                                   : fd_cmp_t2.asm.obj (.text:__aeabi_cdrcmple)
                  00002612    0000007a                                   : memset_t2.asm.obj (.text)
                  0000268c    0000006e                                   : _printfi.c.obj (.text:_mcpy)
                  000026fa    00000068                                   : copy_decompress_lzss.c.obj (.text:decompress:lzss:__TI_decompress_lzss)
                  00002762    00000002     --HOLE-- [fill = 0]
                  00002764    00000064                                   : s_frexp.c.obj (.text:frexp)
                  000027c8    00000056                                   : _printfi.c.obj (.text:_pconv_f)
                  0000281e    00000054                                   : _ltoa.c.obj (.text:__TI_ltoa)
                  00002872    00000052                                   : _printfi.c.obj (.text:_ecpy)
                  000028c4    0000004c                                   : atoi.c.obj (.text:atoi)
                  00002910    00000048                                   : fd_toi_t2.asm.obj (.text)
                  00002958    00000044                                   : autoinit.c.obj (.text:__TI_auto_init_nobinit_nopinit:__TI_auto_init_nobinit_nopinit)
                  0000299c    00000040                                   : vsnprintf.c.obj (.text:vsnprintf)
                  000029dc    0000003e                                   : _printfi.c.obj (.text:_fcpy)
                  00002a1a    00000002     --HOLE-- [fill = 0]
                  00002a1c    00000034     driverlib.lib : interrupt.obj (.text:IntRegister)
                  00002a50    00000034     rtsv7M4_T_le_v4SPD16_eabi.lib : boot_cortex_m.c.obj (.text:_c_int00_noargs:_c_int00_noargs)
                  00002a84    00000030                                   : vsnprintf.c.obj (.text:_outs)
                  00002ab4    0000002e                                   : i_tofd_t2.asm.obj (.text)
                  00002ae2    0000001c                                   : copy_zero_init.c.obj (.text:decompress:ZI:__TI_zero_init_nomemset:__TI_zero_init_nomemset)
                  00002afe    0000001c                                   : memccpy.c.obj (.text:memccpy)
                  00002b1a    0000001a                                   : s_copysign.c.obj (.text:copysign)
                  00002b34    00000018                                   : vsnprintf.c.obj (.text:_outc)
                  00002b4c    00000018                                   : strcmp.c.obj (.text:strcmp)
                  00002b64    00000016                                   : strchr.c.obj (.text:strchr)
                  00002b7a    00000014                                   : strcpy.c.obj (.text:strcpy)
                  00002b8e    00000014                                   : strlen.c.obj (.text:strlen)
                  00002ba2    00000012                                   : wcslen.c.obj (.text:wcslen)
                  00002bb4    00000010     lcd.obj (.text:lcd_clear)
                  00002bc4    0000000e     rtsv7M4_T_le_v4SPD16_eabi.lib : copy_decompress_none.c.obj (.text:decompress:none:__TI_decompress_none)
                  00002bd2    0000000c     tm4c123gh6pm_startup_ccs.obj (.text)
                  00002bde    00000002     --HOLE-- [fill = 0]
                  00002be0    00000008     rtsv7M4_T_le_v4SPD16_eabi.lib : errno.c.obj (.text:__aeabi_errno_addr)
                  00002be8    00000004                                   : pre_init.c.obj (.text:_system_pre_init)
                  00002bec    00000004                                   : exit.c.obj (.text:abort:abort)

.const     0    00002bf0    00000109     
                  00002bf0    00000101     rtsv7M4_T_le_v4SPD16_eabi.lib : ctype.c.obj (.const:.string:_ctypes_)
                  00002cf1    00000004     lcd.obj (.const:.string:lineAddress$1)
                  00002cf5    00000004     lcd.obj (.const:.string:lineAddresses$2)

.cinit     0    00002d00    00000040     
                  00002d00    0000000c     (__TI_handler_table)
                  00002d0c    00000004     --HOLE-- [fill = 0]
                  00002d10    00000008     (.cinit..bss.load) [load image, compression = zero_init]
                  00002d18    00000008     (.cinit..vtable.load) [load image, compression = zero_init]
                  00002d20    00000007     (.cinit..data.load) [load image, compression = lzss]
                  00002d27    00000001     --HOLE-- [fill = 0]
                  00002d28    00000018     (__TI_cinit_table)

.init_array 
*          0    00000000    00000000     UNINITIALIZED

.vtable    0    20000000    0000026c     UNINITIALIZED
                  20000000    0000026c     driverlib.lib : interrupt.obj (.vtable)

.stack     0    20000270    00001000     UNINITIALIZED
                  20000270    00000004     rtsv7M4_T_le_v4SPD16_eabi.lib : boot_cortex_m.c.obj (.stack)
                  20000274    00000ffc     --HOLE--

.sysmem    0    20001270    00001000     UNINITIALIZED
                  20001270    00000010     rtsv7M4_T_le_v4SPD16_eabi.lib : memory.c.obj (.sysmem)
                  20001280    00000ff0     --HOLE--

.bss       0    20002270    0000008c     UNINITIALIZED
                  20002270    00000054     lcd.obj (.bss:lastbuffer$3)
                  200022c4    00000034     (.common:isr_char_buffer)
                  200022f8    00000004     (.common:_timeout_ticks)

.data      0    200022fc    0000000a     UNINITIALIZED
                  200022fc    00000004     libcybotUART.lib : uart.obj (.data)
                  20002300    00000004     rtsv7M4_T_le_v4SPD16_eabi.lib : errno.c.obj (.data)
                  20002304    00000001     Timer.obj (.data)
                  20002305    00000001     button.obj (.data)

__llvm_prf_cnts 
*          0    20000000    00000000     UNINITIALIZED

MODULE SUMMARY

       Module                         code    ro data   rw data
       ------                         ----    -------   -------
    .\
       lcd.obj                        824     8         84     
       tm4c123gh6pm_startup_ccs.obj   12      620       0      
       Timer.obj                      584     0         5      
       uart.obj                       292     0         0      
       lab5_template.obj              220     0         0      
       button.obj                     176     0         1      
    +--+------------------------------+-------+---------+---------+
       Total:                         2108    628       90     
                                                               
    ../libcybotUART.lib
       uart.obj                       680     0         56     
    +--+------------------------------+-------+---------+---------+
       Total:                         680     0         56     
                                                               
    C:/ti/TivaWare_C_Series-2.2.0.295/driverlib/ccs/Debug/driverlib.lib
       interrupt.obj                  52      0         620    
    +--+------------------------------+-------+---------+---------+
       Total:                         52      0         620    
                                                               
    C:\ti\ccs1230\ccs\tools\compiler\ti-cgt-arm_20.2.7.LTS\lib\rtsv7M4_T_le_v4SPD16_eabi.lib
       _printfi.c.obj                 4851    0         0      
       fd_add_t2.asm.obj              438     0         0      
       fd_div_t2.asm.obj              310     0         0      
       s_scalbn.c.obj                 272     0         0      
       fd_cmp_t2.asm.obj              268     0         0      
       ctype.c.obj                    0       257       0      
       fd_mul_t2.asm.obj              252     0         0      
       memcpy_t2.asm.obj              156     0         0      
       ull_div_t2.asm.obj             150     0         0      
       vsnprintf.c.obj                136     0         0      
       memset_t2.asm.obj              122     0         0      
       copy_decompress_lzss.c.obj     104     0         0      
       s_frexp.c.obj                  100     0         0      
       _ltoa.c.obj                    84      0         0      
       atoi.c.obj                     76      0         0      
       fd_toi_t2.asm.obj              72      0         0      
       autoinit.c.obj                 68      0         0      
       boot_cortex_m.c.obj            52      0         0      
       i_tofd_t2.asm.obj              46      0         0      
       copy_zero_init.c.obj           28      0         0      
       memccpy.c.obj                  28      0         0      
       s_copysign.c.obj               26      0         0      
       strcmp.c.obj                   24      0         0      
       strchr.c.obj                   22      0         0      
       strcpy.c.obj                   20      0         0      
       strlen.c.obj                   20      0         0      
       wcslen.c.obj                   18      0         0      
       copy_decompress_none.c.obj     14      0         0      
       errno.c.obj                    8       0         4      
       exit.c.obj                     4       0         0      
       pre_init.c.obj                 4       0         0      
       div0.asm.obj                   2       0         0      
    +--+------------------------------+-------+---------+---------+
       Total:                         7775    257       4      
                                                               
       Heap:                          0       0         4096   
       Stack:                         0       0         4096   
       Linker Generated:              0       59        0      
    +--+------------------------------+-------+---------+---------+
       Grand Total:                   10615   944       8962   


LINKER GENERATED COPY TABLES

__TI_cinit_table @ 00002d28 records: 3, size/record: 8, table size: 24
	.bss: load addr=00002d10, load size=00000008 bytes, run addr=20002270, run size=0000008c bytes, compression=zero_init
	.vtable: load addr=00002d18, load size=00000008 bytes, run addr=20000000, run size=0000026c bytes, compression=zero_init
	.data: load addr=00002d20, load size=00000007 bytes, run addr=200022fc, run size=0000000a bytes, compression=lzss


LINKER GENERATED HANDLER TABLE

__TI_handler_table @ 00002d00 records: 3, size/record: 4, table size: 12
	index: 0, handler: __TI_zero_init
	index: 1, handler: __TI_decompress_lzss
	index: 2, handler: __TI_decompress_none


GLOBAL SYMBOLS: SORTED ALPHABETICALLY BY Name 

address   name                          
-------   ----                          
00002bed  C$$EXIT                       
00002a1d  IntRegister                   
00002bd3  ResetISR                      
20001270  __STACK_END                   
00001000  __STACK_SIZE                  
20000470  __STACK_TOP                   
00001000  __SYSMEM_SIZE                 
00002d28  __TI_CINIT_Base               
00002d40  __TI_CINIT_Limit              
00002d00  __TI_Handler_Table_Base       
00002d0c  __TI_Handler_Table_Limit      
00002959  __TI_auto_init_nobinit_nopinit
000026fb  __TI_decompress_lzss          
00002bc5  __TI_decompress_none          
0000281f  __TI_ltoa                     
ffffffff  __TI_pprof_out_hndl           
0000026d  __TI_printfi                  
ffffffff  __TI_prof_data_size           
ffffffff  __TI_prof_data_start          
00000000  __TI_static_base__            
00002ae3  __TI_zero_init_nomemset       
00002507  __aeabi_cdcmpeq               
00002507  __aeabi_cdcmple               
0000258d  __aeabi_cdrcmple              
00002911  __aeabi_d2iz                  
0000191f  __aeabi_dadd                  
00001c09  __aeabi_ddiv                  
00002099  __aeabi_dmul                  
00001915  __aeabi_dsub                  
00002be1  __aeabi_errno_addr            
00002ab5  __aeabi_i2d                   
00000cbb  __aeabi_idiv0                 
00000cbb  __aeabi_ldiv0                 
00002613  __aeabi_memclr                
00002613  __aeabi_memclr4               
00002613  __aeabi_memclr8               
000023d5  __aeabi_memcpy                
000023d5  __aeabi_memcpy4               
000023d5  __aeabi_memcpy8               
00002615  __aeabi_memset                
00002615  __aeabi_memset4               
00002615  __aeabi_memset8               
00002471  __aeabi_uldivmod              
ffffffff  __binit__                     
ffffffff  __c_args__                    
UNDEFED   __mpu_init                    
20000270  __stack                       
20000000  __start___llvm_prf_cnts       
20000000  __stop___llvm_prf_cnts        
00002a51  _c_int00_noargs               
00002bf0  _ctypes_                      
20002304  _running                      
20001270  _sys_memory                   
UNDEFED   _system_post_cinit            
00002be9  _system_pre_init              
200022f8  _timeout_ticks                
00002bed  abort                         
000028c5  atoi                          
ffffffff  binit                         
00002351  button_getButton              
00002325  button_init                   
00002b1b  copysign                      
00002b1b  copysignl                     
00001231  cyBot_UART1_Handler           
00001223  cyBot_getByte_blocking        
00001203  cyBot_getByte_nonblocking     
00000fe5  cyBot_sendByte                
000011e9  cyBot_uart_flush              
00001153  cyBot_uart_init               
000010f3  cyBot_uart_init_PHJ_first_half
0000109b  cyBot_uart_init_clean         
00001023  cyBot_uart_init_last_half     
0000100b  cyBot_uart_sendBuffer         
00000ff1  cyBot_uart_sendStr            
20002300  errno                         
00002765  frexp                         
00002765  frexpl                        
20000000  g_pfnRAMVectors               
00000000  g_pfnVectors                  
200022c4  isr_char_buffer               
200022fc  isr_counter                   
00002bb5  lcd_clear                     
00000e91  lcd_gotoLine                  
00000cf9  lcd_init                      
00000ef7  lcd_printf                    
00000db9  lcd_putc                      
00000df1  lcd_puts                      
00000cbd  lcd_reverseNibble             
00000e0f  lcd_sendCommand               
00000e4d  lcd_sendNibble                
00000eb9  lcd_setCursorPos              
00001f89  ldexp                         
00001f89  ldexpl                        
00002195  main                          
00002aff  memccpy                       
000023d5  memcpy                        
0000261b  memset                        
00001f89  scalbn                        
00001f89  scalbnl                       
00002b65  strchr                        
00002b4d  strcmp                        
00002b7b  strcpy                        
00002b8f  strlen                        
0000161b  timer_getMicros               
000015c3  timer_getMillis               
000014fd  timer_init                    
0000159f  timer_pause                   
000015b1  timer_resume                  
00001575  timer_stop                    
00001675  timer_waitMicros              
000016a7  timer_waitMillis              
00001e65  uart_init                     
00001eff  uart_receive                  
00001ee3  uart_sendChar                 
00001f31  uart_sendStr                  
0000299d  vsnprintf                     
00002ba3  wcslen                        


GLOBAL SYMBOLS: SORTED BY Symbol Address 

address   name                          
-------   ----                          
00000000  __TI_static_base__            
00000000  g_pfnVectors                  
0000026d  __TI_printfi                  
00000cbb  __aeabi_idiv0                 
00000cbb  __aeabi_ldiv0                 
00000cbd  lcd_reverseNibble             
00000cf9  lcd_init                      
00000db9  lcd_putc                      
00000df1  lcd_puts                      
00000e0f  lcd_sendCommand               
00000e4d  lcd_sendNibble                
00000e91  lcd_gotoLine                  
00000eb9  lcd_setCursorPos              
00000ef7  lcd_printf                    
00000fe5  cyBot_sendByte                
00000ff1  cyBot_uart_sendStr            
00001000  __STACK_SIZE                  
00001000  __SYSMEM_SIZE                 
0000100b  cyBot_uart_sendBuffer         
00001023  cyBot_uart_init_last_half     
0000109b  cyBot_uart_init_clean         
000010f3  cyBot_uart_init_PHJ_first_half
00001153  cyBot_uart_init               
000011e9  cyBot_uart_flush              
00001203  cyBot_getByte_nonblocking     
00001223  cyBot_getByte_blocking        
00001231  cyBot_UART1_Handler           
000014fd  timer_init                    
00001575  timer_stop                    
0000159f  timer_pause                   
000015b1  timer_resume                  
000015c3  timer_getMillis               
0000161b  timer_getMicros               
00001675  timer_waitMicros              
000016a7  timer_waitMillis              
00001915  __aeabi_dsub                  
0000191f  __aeabi_dadd                  
00001c09  __aeabi_ddiv                  
00001e65  uart_init                     
00001ee3  uart_sendChar                 
00001eff  uart_receive                  
00001f31  uart_sendStr                  
00001f89  ldexp                         
00001f89  ldexpl                        
00001f89  scalbn                        
00001f89  scalbnl                       
00002099  __aeabi_dmul                  
00002195  main                          
00002325  button_init                   
00002351  button_getButton              
000023d5  __aeabi_memcpy                
000023d5  __aeabi_memcpy4               
000023d5  __aeabi_memcpy8               
000023d5  memcpy                        
00002471  __aeabi_uldivmod              
00002507  __aeabi_cdcmpeq               
00002507  __aeabi_cdcmple               
0000258d  __aeabi_cdrcmple              
00002613  __aeabi_memclr                
00002613  __aeabi_memclr4               
00002613  __aeabi_memclr8               
00002615  __aeabi_memset                
00002615  __aeabi_memset4               
00002615  __aeabi_memset8               
0000261b  memset                        
000026fb  __TI_decompress_lzss          
00002765  frexp                         
00002765  frexpl                        
0000281f  __TI_ltoa                     
000028c5  atoi                          
00002911  __aeabi_d2iz                  
00002959  __TI_auto_init_nobinit_nopinit
0000299d  vsnprintf                     
00002a1d  IntRegister                   
00002a51  _c_int00_noargs               
00002ab5  __aeabi_i2d                   
00002ae3  __TI_zero_init_nomemset       
00002aff  memccpy                       
00002b1b  copysign                      
00002b1b  copysignl                     
00002b4d  strcmp                        
00002b65  strchr                        
00002b7b  strcpy                        
00002b8f  strlen                        
00002ba3  wcslen                        
00002bb5  lcd_clear                     
00002bc5  __TI_decompress_none          
00002bd3  ResetISR                      
00002be1  __aeabi_errno_addr            
00002be9  _system_pre_init              
00002bed  C$$EXIT                       
00002bed  abort                         
00002bf0  _ctypes_                      
00002d00  __TI_Handler_Table_Base       
00002d0c  __TI_Handler_Table_Limit      
00002d28  __TI_CINIT_Base               
00002d40  __TI_CINIT_Limit              
20000000  __start___llvm_prf_cnts       
20000000  __stop___llvm_prf_cnts        
20000000  g_pfnRAMVectors               
20000270  __stack                       
20000470  __STACK_TOP                   
20001270  __STACK_END                   
20001270  _sys_memory                   
200022c4  isr_char_buffer               
200022f8  _timeout_ticks                
200022fc  isr_counter                   
20002300  errno                         
20002304  _running                      
ffffffff  __TI_pprof_out_hndl           
ffffffff  __TI_prof_data_size           
ffffffff  __TI_prof_data_start          
ffffffff  __binit__                     
ffffffff  __c_args__                    
ffffffff  binit                         
UNDEFED   __mpu_init                    
UNDEFED   _system_post_cinit            

[117 symbols]
