******************************************************************************
                  TI ARM Linker PC v20.2.7                     
******************************************************************************
>> Linked Mon Feb 12 10:39:37 2024

OUTPUT FILE NAME:   <Lab3.out>
ENTRY POINT SYMBOL: "_c_int00_noargs"  address: 00004501


MEMORY CONFIGURATION

         name            origin    length      used     unused   attr    fill
----------------------  --------  ---------  --------  --------  ----  --------
  FLASH                 00000000   00040000  000049b9  0003b647  R  X
  SRAM                  20000000   00008000  0000231e  00005ce2  RW X


SEGMENT ALLOCATION MAP

run origin  load origin   length   init length attrs members
----------  ----------- ---------- ----------- ----- -------
00000000    00000000    000049c0   000049c0    r-x
  00000000    00000000    0000026c   0000026c    r-- .intvecs
  0000026c    0000026c    00004470   00004470    r-x .text
  000046e0    000046e0    0000029d   0000029d    r-- .const
  00004980    00004980    00000040   00000040    r-- .cinit
20000000    20000000    00002325   00000000    rw-
  20000000    20000000    0000026c   00000000    rw- .vtable
  20000270    20000270    00001000   00000000    rw- .stack
  20001270    20001270    00001000   00000000    rw- .sysmem
  20002270    20002270    000000a5   00000000    rw- .bss
  20002318    20002318    0000000d   00000000    rw- .data


SECTION ALLOCATION MAP

 output                                  attributes/
section   page    origin      length       input sections
--------  ----  ----------  ----------   ----------------
.intvecs   0    00000000    0000026c     
                  00000000    0000026c     tm4c123gh6pm_startup_ccs.obj (.intvecs)

.text      0    0000026c    00004470     
                  0000026c    00000a4e     rtsv7M4_T_le_v4SPD16_eabi.lib : _printfi.c.obj (.text:__TI_printfi)
                  00000cba    00000002                                   : div0.asm.obj (.text)
                  00000cbc    00000738                                   : k_rem_pio2.c.obj (.text:__kernel_rem_pio2)
                  000013f4    00000688     main.obj (.text)
                  00001a7c    000005e0     rtsv7M4_T_le_v4SPD16_eabi.lib : s_sin.c.obj (.text:sin)
                  0000205c    00000328     lcd.obj (.text)
                  00002384    00000270     rtsv7M4_T_le_v4SPD16_eabi.lib : _printfi.c.obj (.text:_pconv_a)
                  000025f4    00000260     libcybotScan.lib : cyBot_Scan.obj (.text)
                  00002854    00000248     Timer.obj (.text)
                  00002a9c    000001ec     libcybotScan.lib : ping.obj (.text)
                  00002c88    000001d0     rtsv7M4_T_le_v4SPD16_eabi.lib : _printfi.c.obj (.text:_pconv_g)
                  00002e58    000001b6                                   : fd_add_t2.asm.obj (.text)
                  0000300e    00000002     --HOLE-- [fill = 0]
                  00003010    00000174                                   : k_sin.c.obj (.text:__kernel_sin)
                  00003184    00000170                                   : k_cos.c.obj (.text:__kernel_cos)
                  000032f4    0000015c     libcybotUART.lib : uart.obj (.text)
                  00003450    00000158     libcybotScan.lib : servo.obj (.text)
                  000035a8    0000013c     rtsv7M4_T_le_v4SPD16_eabi.lib : _printfi.c.obj (.text:_pconv_e)
                  000036e4    00000136                                   : fd_div_t2.asm.obj (.text)
                  0000381a    00000002     --HOLE-- [fill = 0]
                  0000381c    00000124                                   : _printfi.c.obj (.text:fcvt)
                  00003940    00000118     libcybotScan.lib : ir.obj (.text)
                  00003a58    00000110     rtsv7M4_T_le_v4SPD16_eabi.lib : s_scalbn.c.obj (.text:scalbn)
                  00003b68    000000fc                                   : fd_mul_t2.asm.obj (.text)
                  00003c64    000000f8                                   : s_floor.c.obj (.text:floor)
                  00003d5c    000000b1                                   : _printfi.c.obj (.text:_ltostr)
                  00003e0d    00000001     --HOLE-- [fill = 0]
                  00003e0e    0000009c                                   : memcpy_t2.asm.obj (.text)
                  00003eaa    00000096                                   : ull_div_t2.asm.obj (.text)
                  00003f40    00000086                                   : fd_cmp_t2.asm.obj (.text:__aeabi_cdcmple)
                  00003fc6    00000086                                   : fd_cmp_t2.asm.obj (.text:__aeabi_cdrcmple)
                  0000404c    0000007a                                   : memset_t2.asm.obj (.text)
                  000040c6    0000006e                                   : _printfi.c.obj (.text:_mcpy)
                  00004134    00000068                                   : copy_decompress_lzss.c.obj (.text:decompress:lzss:__TI_decompress_lzss)
                  0000419c    00000064                                   : s_frexp.c.obj (.text:frexp)
                  00004200    00000056                                   : _printfi.c.obj (.text:_pconv_f)
                  00004256    00000054                                   : _ltoa.c.obj (.text:__TI_ltoa)
                  000042aa    00000052                                   : _printfi.c.obj (.text:_ecpy)
                  000042fc    0000004c                                   : atoi.c.obj (.text:atoi)
                  00004348    00000048                                   : fd_toi_t2.asm.obj (.text)
                  00004390    00000044                                   : autoinit.c.obj (.text:__TI_auto_init_nobinit_nopinit:__TI_auto_init_nobinit_nopinit)
                  000043d4    00000040                                   : sprintf.c.obj (.text:sprintf)
                  00004414    00000040                                   : vsnprintf.c.obj (.text:vsnprintf)
                  00004454    0000003e                                   : _printfi.c.obj (.text:_fcpy)
                  00004492    00000038                                   : fs_tod_t2.asm.obj (.text)
                  000044ca    00000002     --HOLE-- [fill = 0]
                  000044cc    00000034     driverlib.lib : interrupt.obj (.text:IntRegister)
                  00004500    00000034     rtsv7M4_T_le_v4SPD16_eabi.lib : boot_cortex_m.c.obj (.text:_c_int00_noargs:_c_int00_noargs)
                  00004534    00000030                                   : vsnprintf.c.obj (.text:_outs)
                  00004564    0000002e                                   : i_tofd_t2.asm.obj (.text)
                  00004592    0000001c                                   : copy_zero_init.c.obj (.text:decompress:ZI:__TI_zero_init_nomemset:__TI_zero_init_nomemset)
                  000045ae    0000001c                                   : memccpy.c.obj (.text:memccpy)
                  000045ca    0000001a                                   : s_copysign.c.obj (.text:copysign)
                  000045e4    00000018                                   : vsnprintf.c.obj (.text:_outc)
                  000045fc    00000018                                   : sprintf.c.obj (.text:_outs)
                  00004614    00000018                                   : strcmp.c.obj (.text:strcmp)
                  0000462c    00000016                                   : strchr.c.obj (.text:strchr)
                  00004642    00000014                                   : strcpy.c.obj (.text:strcpy)
                  00004656    00000014                                   : strlen.c.obj (.text:strlen)
                  0000466a    00000012                                   : wcslen.c.obj (.text:wcslen)
                  0000467c    00000010     driverlib.lib : interrupt.obj (.text:IntMasterEnable)
                  0000468c    00000010     lcd.obj (.text:lcd_clear)
                  0000469c    0000000e     rtsv7M4_T_le_v4SPD16_eabi.lib : copy_decompress_none.c.obj (.text:decompress:none:__TI_decompress_none)
                  000046aa    0000000c     driverlib.lib : cpu.obj (.text:CPUcpsie)
                  000046b6    0000000c     tm4c123gh6pm_startup_ccs.obj (.text)
                  000046c2    0000000a     rtsv7M4_T_le_v4SPD16_eabi.lib : sprintf.c.obj (.text:_outc)
                  000046cc    00000008                                   : errno.c.obj (.text:__aeabi_errno_addr)
                  000046d4    00000004                                   : pre_init.c.obj (.text:_system_pre_init)
                  000046d8    00000004                                   : exit.c.obj (.text:abort:abort)

.const     0    000046e0    0000029d     
                  000046e0    00000158     rtsv7M4_T_le_v4SPD16_eabi.lib : k_rem_pio2.c.obj (.const:$O1$$)
                  00004838    00000101                                   : ctype.c.obj (.const:.string:_ctypes_)
                  00004939    0000000e     main.obj (.const:.string:$P$T1$2)
                  00004947    00000009     main.obj (.const:.string:$P$T2$3)
                  00004950    00000009     main.obj (.const:.string:$P$T5$6)
                  00004959    00000008     main.obj (.const:.string:$P$T0$1)
                  00004961    00000008     main.obj (.const:.string:$P$T3$4)
                  00004969    00000006     main.obj (.const:.string:$P$T4$5)
                  0000496f    00000006     main.obj (.const:.string:$P$T6$7)
                  00004975    00000004     lcd.obj (.const:.string:lineAddress$1)
                  00004979    00000004     lcd.obj (.const:.string:lineAddresses$2)

.cinit     0    00004980    00000040     
                  00004980    0000000c     (__TI_handler_table)
                  0000498c    00000004     --HOLE-- [fill = 0]
                  00004990    00000008     (.cinit..bss.load) [load image, compression = zero_init]
                  00004998    00000008     (.cinit..vtable.load) [load image, compression = zero_init]
                  000049a0    00000007     (.cinit..data.load) [load image, compression = lzss]
                  000049a7    00000001     --HOLE-- [fill = 0]
                  000049a8    00000018     (__TI_cinit_table)

.init_array 
*          0    00000000    00000000     UNINITIALIZED

.vtable    0    20000000    0000026c     UNINITIALIZED
                  20000000    0000026c     driverlib.lib : interrupt.obj (.vtable)

.stack     0    20000270    00001000     UNINITIALIZED
                  20000270    00000004     rtsv7M4_T_le_v4SPD16_eabi.lib : boot_cortex_m.c.obj (.stack)
                  20000274    00000ffc     --HOLE--

.sysmem    0    20001270    00001000     UNINITIALIZED
                  20001270    00000010     rtsv7M4_T_le_v4SPD16_eabi.lib : memory.c.obj (.sysmem)
                  20001280    00000ff0     --HOLE--

.bss       0    20002270    000000a5     UNINITIALIZED
                  20002270    00000054     lcd.obj (.bss:lastbuffer$3)
                  200022c4    00000034     (.common:isr_char_buffer)
                  200022f8    00000004     (.common:_timeout_ticks)
                  200022fc    00000004     (.common:fallingEdge)
                  20002300    00000004     (.common:isr_int_value)
                  20002304    00000004     (.common:left_calibration_value)
                  20002308    00000004     (.common:pulseLength)
                  2000230c    00000004     (.common:right_calibration_value)
                  20002310    00000004     (.common:risingEdge)
                  20002314    00000001     (.common:isRisingEdge)

.data      0    20002318    0000000d     UNINITIALIZED
                  20002318    00000004     libcybotScan.lib : cyBot_Scan.obj (.data)
                  2000231c    00000004     libcybotUART.lib : uart.obj (.data)
                  20002320    00000004     rtsv7M4_T_le_v4SPD16_eabi.lib : errno.c.obj (.data)
                  20002324    00000001     Timer.obj (.data)

__llvm_prf_cnts 
*          0    20000000    00000000     UNINITIALIZED

MODULE SUMMARY

       Module                         code    ro data   rw data
       ------                         ----    -------   -------
    .\
       main.obj                       1672    60        8      
       lcd.obj                        824     8         84     
       tm4c123gh6pm_startup_ccs.obj   12      620       0      
       Timer.obj                      584     0         5      
    +--+------------------------------+-------+---------+---------+
       Total:                         3092    688       97     
                                                               
    ../libcybotScan.lib
       cyBot_Scan.obj                 608     0         4      
       ping.obj                       492     0         13     
       servo.obj                      344     0         0      
       ir.obj                         280     0         4      
    +--+------------------------------+-------+---------+---------+
       Total:                         1724    0         21     
                                                               
    ../libcybotUART.lib
       uart.obj                       348     0         56     
    +--+------------------------------+-------+---------+---------+
       Total:                         348     0         56     
                                                               
    C:/ti/TivaWare_C_Series-2.2.0.295/driverlib/ccs/Debug/driverlib.lib
       interrupt.obj                  68      0         620    
       cpu.obj                        12      0         0      
    +--+------------------------------+-------+---------+---------+
       Total:                         80      0         620    
                                                               
    C:\ti\ccs1230\ccs\tools\compiler\ti-cgt-arm_20.2.7.LTS\lib\rtsv7M4_T_le_v4SPD16_eabi.lib
       _printfi.c.obj                 4851    0         0      
       k_rem_pio2.c.obj               1848    344       0      
       s_sin.c.obj                    1504    0         0      
       fd_add_t2.asm.obj              438     0         0      
       k_sin.c.obj                    372     0         0      
       k_cos.c.obj                    368     0         0      
       fd_div_t2.asm.obj              310     0         0      
       s_scalbn.c.obj                 272     0         0      
       fd_cmp_t2.asm.obj              268     0         0      
       ctype.c.obj                    0       257       0      
       fd_mul_t2.asm.obj              252     0         0      
       s_floor.c.obj                  248     0         0      
       memcpy_t2.asm.obj              156     0         0      
       ull_div_t2.asm.obj             150     0         0      
       vsnprintf.c.obj                136     0         0      
       memset_t2.asm.obj              122     0         0      
       copy_decompress_lzss.c.obj     104     0         0      
       s_frexp.c.obj                  100     0         0      
       sprintf.c.obj                  98      0         0      
       _ltoa.c.obj                    84      0         0      
       atoi.c.obj                     76      0         0      
       fd_toi_t2.asm.obj              72      0         0      
       autoinit.c.obj                 68      0         0      
       fs_tod_t2.asm.obj              56      0         0      
       boot_cortex_m.c.obj            52      0         0      
       i_tofd_t2.asm.obj              46      0         0      
       copy_zero_init.c.obj           28      0         0      
       memccpy.c.obj                  28      0         0      
       s_copysign.c.obj               26      0         0      
       strcmp.c.obj                   24      0         0      
       strchr.c.obj                   22      0         0      
       strcpy.c.obj                   20      0         0      
       strlen.c.obj                   20      0         0      
       wcslen.c.obj                   18      0         0      
       copy_decompress_none.c.obj     14      0         0      
       errno.c.obj                    8       0         4      
       exit.c.obj                     4       0         0      
       pre_init.c.obj                 4       0         0      
       div0.asm.obj                   2       0         0      
    +--+------------------------------+-------+---------+---------+
       Total:                         12269   601       4      
                                                               
       Heap:                          0       0         4096   
       Stack:                         0       0         4096   
       Linker Generated:              0       59        0      
    +--+------------------------------+-------+---------+---------+
       Grand Total:                   17513   1348      8990   


LINKER GENERATED COPY TABLES

__TI_cinit_table @ 000049a8 records: 3, size/record: 8, table size: 24
	.bss: load addr=00004990, load size=00000008 bytes, run addr=20002270, run size=000000a5 bytes, compression=zero_init
	.vtable: load addr=00004998, load size=00000008 bytes, run addr=20000000, run size=0000026c bytes, compression=zero_init
	.data: load addr=000049a0, load size=00000007 bytes, run addr=20002318, run size=0000000d bytes, compression=lzss


LINKER GENERATED HANDLER TABLE

__TI_handler_table @ 00004980 records: 3, size/record: 4, table size: 12
	index: 0, handler: __TI_zero_init
	index: 1, handler: __TI_decompress_lzss
	index: 2, handler: __TI_decompress_none


GLOBAL SYMBOLS: SORTED ALPHABETICALLY BY Name 

address   name                          
-------   ----                          
000039d9  ADC0SS0_Handler               
000046d9  C$$EXIT                       
000046ab  CPUcpsie                      
0000467d  IntMasterEnable               
000044cd  IntRegister                   
000046b7  ResetISR                      
00002b8d  TIMER3B_Handler               
20001270  __STACK_END                   
00001000  __STACK_SIZE                  
20000470  __STACK_TOP                   
00001000  __SYSMEM_SIZE                 
000049a8  __TI_CINIT_Base               
000049c0  __TI_CINIT_Limit              
00004980  __TI_Handler_Table_Base       
0000498c  __TI_Handler_Table_Limit      
00004391  __TI_auto_init_nobinit_nopinit
00004135  __TI_decompress_lzss          
0000469d  __TI_decompress_none          
00004257  __TI_ltoa                     
ffffffff  __TI_pprof_out_hndl           
0000026d  __TI_printfi                  
ffffffff  __TI_prof_data_size           
ffffffff  __TI_prof_data_start          
00000000  __TI_static_base__            
00004593  __TI_zero_init_nomemset       
00003f41  __aeabi_cdcmpeq               
00003f41  __aeabi_cdcmple               
00003fc7  __aeabi_cdrcmple              
00004349  __aeabi_d2iz                  
00002e63  __aeabi_dadd                  
000036e5  __aeabi_ddiv                  
00003b69  __aeabi_dmul                  
00002e59  __aeabi_dsub                  
000046cd  __aeabi_errno_addr            
00004493  __aeabi_f2d                   
00004565  __aeabi_i2d                   
00000cbb  __aeabi_idiv0                 
00000cbb  __aeabi_ldiv0                 
0000404d  __aeabi_memclr                
0000404d  __aeabi_memclr4               
0000404d  __aeabi_memclr8               
00003e0f  __aeabi_memcpy                
00003e0f  __aeabi_memcpy4               
00003e0f  __aeabi_memcpy8               
0000404f  __aeabi_memset                
0000404f  __aeabi_memset4               
0000404f  __aeabi_memset8               
00003eab  __aeabi_uldivmod              
ffffffff  __binit__                     
ffffffff  __c_args__                    
00003185  __kernel_cos                  
00000cbd  __kernel_rem_pio2             
00003011  __kernel_sin                  
UNDEFED   __mpu_init                    
20000270  __stack                       
20000000  __start___llvm_prf_cnts       
20000000  __stop___llvm_prf_cnts        
00004501  _c_int00_noargs               
00004838  _ctypes_                      
20002324  _running                      
20001270  _sys_memory                   
UNDEFED   _system_post_cinit            
000046d5  _system_pre_init              
200022f8  _timeout_ticks                
000046d9  abort                         
000042fd  atoi                          
ffffffff  binit                         
000045cb  copysign                      
000045cb  copysignl                     
000026cd  cyBOT_SERVO_cal               
0000265b  cyBOT_Scan                    
00002603  cyBOT_init_Scan               
20002318  cyBOT_scan_features           
000025f5  cyBOT_scan_version            
000033fd  cyBot_UART1_Handler           
000033e3  cyBot_getByte                 
000032f5  cyBot_sendByte                
000033c5  cyBot_uart_flush              
00003333  cyBot_uart_init               
0000331b  cyBot_uart_sendBuffer         
00003301  cyBot_uart_sendStr            
20002320  errno                         
200022fc  fallingEdge                   
00003c65  floor                         
00003c65  floorl                        
0000419d  frexp                         
0000419d  frexpl                        
20000000  g_pfnRAMVectors               
00000000  g_pfnVectors                  
000039ef  ir_enableInterrupt            
000039d1  ir_getDistance                
000039a9  ir_getValue                   
00003941  ir_init                       
20002314  isRisingEdge                  
200022c4  isr_char_buffer               
2000231c  isr_counter                   
20002300  isr_int_value                 
0000468d  lcd_clear                     
00002231  lcd_gotoLine                  
00002099  lcd_init                      
00002297  lcd_printf                    
00002159  lcd_putc                      
00002191  lcd_puts                      
0000205d  lcd_reverseNibble             
000021af  lcd_sendCommand               
000021ed  lcd_sendNibble                
00002259  lcd_setCursorPos              
00003a59  ldexp                         
00003a59  ldexpl                        
20002304  left_calibration_value        
000013f5  main                          
000045af  memccpy                       
00003e0f  memcpy                        
00004055  memset                        
00002bdf  ping_getDistance              
00002a9d  ping_init                     
00002b23  ping_trigger                  
20002308  pulseLength                   
2000230c  right_calibration_value       
20002310  risingEdge                    
00003a59  scalbn                        
00003a59  scalbnl                       
00003451  servo_init                    
000034e1  servo_move                    
00003541  servo_setPWM                  
000034d5  servo_stop                    
00001a7d  sin                           
00001a7d  sinl                          
000043d5  sprintf                       
0000462d  strchr                        
00004615  strcmp                        
00004643  strcpy                        
00004657  strlen                        
00002973  timer_getMicros               
0000291b  timer_getMillis               
00002855  timer_init                    
000028f7  timer_pause                   
00002909  timer_resume                  
000028cd  timer_stop                    
000029cd  timer_waitMicros              
000029ff  timer_waitMillis              
00004415  vsnprintf                     
0000466b  wcslen                        


GLOBAL SYMBOLS: SORTED BY Symbol Address 

address   name                          
-------   ----                          
00000000  __TI_static_base__            
00000000  g_pfnVectors                  
0000026d  __TI_printfi                  
00000cbb  __aeabi_idiv0                 
00000cbb  __aeabi_ldiv0                 
00000cbd  __kernel_rem_pio2             
00001000  __STACK_SIZE                  
00001000  __SYSMEM_SIZE                 
000013f5  main                          
00001a7d  sin                           
00001a7d  sinl                          
0000205d  lcd_reverseNibble             
00002099  lcd_init                      
00002159  lcd_putc                      
00002191  lcd_puts                      
000021af  lcd_sendCommand               
000021ed  lcd_sendNibble                
00002231  lcd_gotoLine                  
00002259  lcd_setCursorPos              
00002297  lcd_printf                    
000025f5  cyBOT_scan_version            
00002603  cyBOT_init_Scan               
0000265b  cyBOT_Scan                    
000026cd  cyBOT_SERVO_cal               
00002855  timer_init                    
000028cd  timer_stop                    
000028f7  timer_pause                   
00002909  timer_resume                  
0000291b  timer_getMillis               
00002973  timer_getMicros               
000029cd  timer_waitMicros              
000029ff  timer_waitMillis              
00002a9d  ping_init                     
00002b23  ping_trigger                  
00002b8d  TIMER3B_Handler               
00002bdf  ping_getDistance              
00002e59  __aeabi_dsub                  
00002e63  __aeabi_dadd                  
00003011  __kernel_sin                  
00003185  __kernel_cos                  
000032f5  cyBot_sendByte                
00003301  cyBot_uart_sendStr            
0000331b  cyBot_uart_sendBuffer         
00003333  cyBot_uart_init               
000033c5  cyBot_uart_flush              
000033e3  cyBot_getByte                 
000033fd  cyBot_UART1_Handler           
00003451  servo_init                    
000034d5  servo_stop                    
000034e1  servo_move                    
00003541  servo_setPWM                  
000036e5  __aeabi_ddiv                  
00003941  ir_init                       
000039a9  ir_getValue                   
000039d1  ir_getDistance                
000039d9  ADC0SS0_Handler               
000039ef  ir_enableInterrupt            
00003a59  ldexp                         
00003a59  ldexpl                        
00003a59  scalbn                        
00003a59  scalbnl                       
00003b69  __aeabi_dmul                  
00003c65  floor                         
00003c65  floorl                        
00003e0f  __aeabi_memcpy                
00003e0f  __aeabi_memcpy4               
00003e0f  __aeabi_memcpy8               
00003e0f  memcpy                        
00003eab  __aeabi_uldivmod              
00003f41  __aeabi_cdcmpeq               
00003f41  __aeabi_cdcmple               
00003fc7  __aeabi_cdrcmple              
0000404d  __aeabi_memclr                
0000404d  __aeabi_memclr4               
0000404d  __aeabi_memclr8               
0000404f  __aeabi_memset                
0000404f  __aeabi_memset4               
0000404f  __aeabi_memset8               
00004055  memset                        
00004135  __TI_decompress_lzss          
0000419d  frexp                         
0000419d  frexpl                        
00004257  __TI_ltoa                     
000042fd  atoi                          
00004349  __aeabi_d2iz                  
00004391  __TI_auto_init_nobinit_nopinit
000043d5  sprintf                       
00004415  vsnprintf                     
00004493  __aeabi_f2d                   
000044cd  IntRegister                   
00004501  _c_int00_noargs               
00004565  __aeabi_i2d                   
00004593  __TI_zero_init_nomemset       
000045af  memccpy                       
000045cb  copysign                      
000045cb  copysignl                     
00004615  strcmp                        
0000462d  strchr                        
00004643  strcpy                        
00004657  strlen                        
0000466b  wcslen                        
0000467d  IntMasterEnable               
0000468d  lcd_clear                     
0000469d  __TI_decompress_none          
000046ab  CPUcpsie                      
000046b7  ResetISR                      
000046cd  __aeabi_errno_addr            
000046d5  _system_pre_init              
000046d9  C$$EXIT                       
000046d9  abort                         
00004838  _ctypes_                      
00004980  __TI_Handler_Table_Base       
0000498c  __TI_Handler_Table_Limit      
000049a8  __TI_CINIT_Base               
000049c0  __TI_CINIT_Limit              
20000000  __start___llvm_prf_cnts       
20000000  __stop___llvm_prf_cnts        
20000000  g_pfnRAMVectors               
20000270  __stack                       
20000470  __STACK_TOP                   
20001270  __STACK_END                   
20001270  _sys_memory                   
200022c4  isr_char_buffer               
200022f8  _timeout_ticks                
200022fc  fallingEdge                   
20002300  isr_int_value                 
20002304  left_calibration_value        
20002308  pulseLength                   
2000230c  right_calibration_value       
20002310  risingEdge                    
20002314  isRisingEdge                  
20002318  cyBOT_scan_features           
2000231c  isr_counter                   
20002320  errno                         
20002324  _running                      
ffffffff  __TI_pprof_out_hndl           
ffffffff  __TI_prof_data_size           
ffffffff  __TI_prof_data_start          
ffffffff  __binit__                     
ffffffff  __c_args__                    
ffffffff  binit                         
UNDEFED   __mpu_init                    
UNDEFED   _system_post_cinit            

[143 symbols]
