******************************************************************************
                  TI ARM Linker PC v20.2.7                     
******************************************************************************
>> Linked Tue Mar 19 15:46:58 2024

OUTPUT FILE NAME:   <Lab7.out>
ENTRY POINT SYMBOL: "_c_int00_noargs"  address: 00005cb9


MEMORY CONFIGURATION

         name            origin    length      used     unused   attr    fill
----------------------  --------  ---------  --------  --------  ----  --------
  FLASH                 00000000   00040000  000062ae  00039d52  R  X
  SRAM                  20000000   00008000  00002336  00005cca  RW X


SEGMENT ALLOCATION MAP

run origin  load origin   length   init length attrs members
----------  ----------- ---------- ----------- ----- -------
00000000    00000000    000062b8   000062b8    r-x
  00000000    00000000    0000026c   0000026c    r-- .intvecs
  0000026c    0000026c    00005c90   00005c90    r-x .text
  00005f00    00005f00    0000035a   0000035a    r-- .const
  00006260    00006260    00000058   00000058    r-- .cinit
20000000    20000000    0000233d   00000000    rw-
  20000000    20000000    0000026c   00000000    rw- .vtable
  20000270    20000270    00001000   00000000    rw- .stack
  20001270    20001270    00001000   00000000    rw- .sysmem
  20002270    20002270    00000089   00000000    rw- .bss
  200022fc    200022fc    00000041   00000000    rw- .data


SECTION ALLOCATION MAP

 output                                  attributes/
section   page    origin      length       input sections
--------  ----  ----------  ----------   ----------------
.intvecs   0    00000000    0000026c     
                  00000000    0000026c     tm4c123gh6pm_startup_ccs.obj (.intvecs)

.text      0    0000026c    00005c90     
                  0000026c    00000e04     open_interface.obj (.text)
                  00001070    00000a94     main7.obj (.text)
                  00001b04    00000a4e     rtsv7M4_T_le_v4SPD16_eabi.lib : _printfi.c.obj (.text:__TI_printfi)
                  00002552    00000002                                   : _lock.c.obj (.text:_nop)
                  00002554    00000738                                   : k_rem_pio2.c.obj (.text:__kernel_rem_pio2)
                  00002c8c    000005e0                                   : s_sin.c.obj (.text:sin)
                  0000326c    00000328     lcd.obj (.text)
                  00003594    00000270     rtsv7M4_T_le_v4SPD16_eabi.lib : _printfi.c.obj (.text:_pconv_a)
                  00003804    00000260     libcybotScan.lib : cyBot_Scan.obj (.text)
                  00003a64    00000248     Timer.obj (.text)
                  00003cac    000001ec     libcybotScan.lib : ping.obj (.text)
                  00003e98    000001d0     rtsv7M4_T_le_v4SPD16_eabi.lib : _printfi.c.obj (.text:_pconv_g)
                  00004068    000001d0     uart-interrupt.obj (.text)
                  00004238    000001b6     rtsv7M4_T_le_v4SPD16_eabi.lib : fd_add_t2.asm.obj (.text)
                  000043ee    00000002                                   : div0.asm.obj (.text)
                  000043f0    00000174                                   : k_sin.c.obj (.text:__kernel_sin)
                  00004564    00000170                                   : k_cos.c.obj (.text:__kernel_cos)
                  000046d4    00000158     libcybotScan.lib : servo.obj (.text)
                  0000482c    0000013c     rtsv7M4_T_le_v4SPD16_eabi.lib : _printfi.c.obj (.text:_pconv_e)
                  00004968    00000136                                   : fd_div_t2.asm.obj (.text)
                  00004a9e    00000002     --HOLE-- [fill = 0]
                  00004aa0    00000124                                   : _printfi.c.obj (.text:fcvt)
                  00004bc4    00000124     uart.obj (.text)
                  00004ce8    00000118     libcybotScan.lib : ir.obj (.text)
                  00004e00    00000114     movement.obj (.text)
                  00004f14    00000110     rtsv7M4_T_le_v4SPD16_eabi.lib : s_scalbn.c.obj (.text:scalbn)
                  00005024    00000100                                   : memory.c.obj (.text:aligned_alloc)
                  00005124    000000fc                                   : fd_mul_t2.asm.obj (.text)
                  00005220    000000f8                                   : s_floor.c.obj (.text:floor)
                  00005318    000000e4                                   : memory.c.obj (.text:free)
                  000053fc    000000b1                                   : _printfi.c.obj (.text:_ltostr)
                  000054ad    00000001     --HOLE-- [fill = 0]
                  000054ae    0000009c                                   : memcpy_t2.asm.obj (.text)
                  0000554a    00000096                                   : ull_div_t2.asm.obj (.text)
                  000055e0    00000086                                   : fd_cmp_t2.asm.obj (.text:__aeabi_cdcmple)
                  00005666    00000086                                   : fd_cmp_t2.asm.obj (.text:__aeabi_cdrcmple)
                  000056ec    0000007a                                   : memset_t2.asm.obj (.text)
                  00005766    00000002     --HOLE-- [fill = 0]
                  00005768    00000070                                   : memory.c.obj (.text:split)
                  000057d8    0000006e                                   : _printfi.c.obj (.text:_mcpy)
                  00005846    0000006e                                   : fd_tos_t2.asm.obj (.text)
                  000058b4    00000068                                   : copy_decompress_lzss.c.obj (.text:decompress:lzss:__TI_decompress_lzss)
                  0000591c    00000064                                   : s_frexp.c.obj (.text:frexp)
                  00005980    00000056                                   : _printfi.c.obj (.text:_pconv_f)
                  000059d6    00000054                                   : _ltoa.c.obj (.text:__TI_ltoa)
                  00005a2a    00000052                                   : _printfi.c.obj (.text:_ecpy)
                  00005a7c    0000004c                                   : atoi.c.obj (.text:atoi)
                  00005ac8    00000048                                   : fd_toi_t2.asm.obj (.text)
                  00005b10    00000044                                   : autoinit.c.obj (.text:__TI_auto_init_nobinit_nopinit:__TI_auto_init_nobinit_nopinit)
                  00005b54    00000040                                   : sprintf.c.obj (.text:sprintf)
                  00005b94    00000040                                   : vsnprintf.c.obj (.text:vsnprintf)
                  00005bd4    0000003e                                   : _printfi.c.obj (.text:_fcpy)
                  00005c12    00000002     --HOLE-- [fill = 0]
                  00005c14    00000038                                   : memory.c.obj (.text:calloc)
                  00005c4c    00000038                                   : fs_tod_t2.asm.obj (.text)
                  00005c84    00000034     driverlib.lib : interrupt.obj (.text:IntRegister)
                  00005cb8    00000034     rtsv7M4_T_le_v4SPD16_eabi.lib : boot_cortex_m.c.obj (.text:_c_int00_noargs:_c_int00_noargs)
                  00005cec    00000030                                   : vsnprintf.c.obj (.text:_outs)
                  00005d1c    0000002e                                   : i_tofd_t2.asm.obj (.text)
                  00005d4a    00000002     --HOLE-- [fill = 0]
                  00005d4c    00000028                                   : memory.c.obj (.text:free_list_insert)
                  00005d74    0000001c                                   : copy_zero_init.c.obj (.text:decompress:ZI:__TI_zero_init_nomemset:__TI_zero_init_nomemset)
                  00005d90    0000001c                                   : memory.c.obj (.text:free_list_remove)
                  00005dac    0000001c                                   : memccpy.c.obj (.text:memccpy)
                  00005dc8    0000001a                                   : s_copysign.c.obj (.text:copysign)
                  00005de2    00000018                                   : vsnprintf.c.obj (.text:_outc)
                  00005dfa    00000018                                   : sprintf.c.obj (.text:_outs)
                  00005e12    00000018     open_interface.obj (.text:oi_parseInt)
                  00005e2a    00000018     rtsv7M4_T_le_v4SPD16_eabi.lib : strcmp.c.obj (.text:strcmp)
                  00005e42    00000016                                   : strchr.c.obj (.text:strchr)
                  00005e58    00000014                                   : strcpy.c.obj (.text:strcpy)
                  00005e6c    00000014                                   : strlen.c.obj (.text:strlen)
                  00005e80    00000012                                   : wcslen.c.obj (.text:wcslen)
                  00005e92    00000010     driverlib.lib : interrupt.obj (.text:IntMasterEnable)
                  00005ea2    00000010     lcd.obj (.text:lcd_clear)
                  00005eb2    0000000e     rtsv7M4_T_le_v4SPD16_eabi.lib : copy_decompress_none.c.obj (.text:decompress:none:__TI_decompress_none)
                  00005ec0    0000000c     driverlib.lib : cpu.obj (.text:CPUcpsie)
                  00005ecc    0000000c     tm4c123gh6pm_startup_ccs.obj (.text)
                  00005ed8    0000000a     rtsv7M4_T_le_v4SPD16_eabi.lib : sprintf.c.obj (.text:_outc)
                  00005ee2    00000002     --HOLE-- [fill = 0]
                  00005ee4    00000008                                   : errno.c.obj (.text:__aeabi_errno_addr)
                  00005eec    00000008                                   : memory.c.obj (.text:malloc)
                  00005ef4    00000004                                   : pre_init.c.obj (.text:_system_pre_init)
                  00005ef8    00000004                                   : exit.c.obj (.text:abort:abort)

.const     0    00005f00    0000035a     
                  00005f00    00000158     rtsv7M4_T_le_v4SPD16_eabi.lib : k_rem_pio2.c.obj (.const:$O1$$)
                  00006058    00000101                                   : ctype.c.obj (.const:.string:_ctypes_)
                  00006159    0000001d     main7.obj (.const:.string:$P$T18$19)
                  00006176    0000000f     open_interface.obj (.const:.string:$P$T0$3)
                  00006185    0000000e     main7.obj (.const:.string:$P$T1$2)
                  00006193    0000000e     main7.obj (.const:.string:$P$T12$13)
                  000061a1    0000000e     main7.obj (.const:.string:$P$T20$21)
                  000061af    0000000e     main7.obj (.const:.string:$P$T8$9)
                  000061bd    0000000d     main7.obj (.const:.string:$P$T7$8)
                  000061ca    0000000c     main7.obj (.const:.string:$P$T13$14)
                  000061d6    0000000c     main7.obj (.const:.string:$P$T21$22)
                  000061e2    0000000b     main7.obj (.const:.string:$P$T10$11)
                  000061ed    0000000a     main7.obj (.const:.string:$P$T9$10)
                  000061f7    00000009     main7.obj (.const:.string:$P$T16$17)
                  00006200    00000009     main7.obj (.const:.string:$P$T2$3)
                  00006209    00000009     main7.obj (.const:.string:$P$T5$6)
                  00006212    00000008     main7.obj (.const:.string:$P$T0$1)
                  0000621a    00000008     main7.obj (.const:.string:$P$T11$12)
                  00006222    00000008     main7.obj (.const:.string:$P$T14$15)
                  0000622a    00000008     main7.obj (.const:.string:$P$T19$20)
                  00006232    00000008     main7.obj (.const:.string:$P$T3$4)
                  0000623a    00000006     main7.obj (.const:.string:$P$T15$16)
                  00006240    00000006     main7.obj (.const:.string:$P$T17$18)
                  00006246    00000006     main7.obj (.const:.string:$P$T4$5)
                  0000624c    00000006     main7.obj (.const:.string:$P$T6$7)
                  00006252    00000004     lcd.obj (.const:.string:lineAddress$1)
                  00006256    00000004     lcd.obj (.const:.string:lineAddresses$2)

.cinit     0    00006260    00000058     
                  00006260    0000001f     (.cinit..data.load) [load image, compression = lzss]
                  0000627f    00000001     --HOLE-- [fill = 0]
                  00006280    0000000c     (__TI_handler_table)
                  0000628c    00000004     --HOLE-- [fill = 0]
                  00006290    00000008     (.cinit..bss.load) [load image, compression = zero_init]
                  00006298    00000008     (.cinit..vtable.load) [load image, compression = zero_init]
                  000062a0    00000018     (__TI_cinit_table)

.init_array 
*          0    00000000    00000000     UNINITIALIZED

.vtable    0    20000000    0000026c     UNINITIALIZED
                  20000000    0000026c     driverlib.lib : interrupt.obj (.vtable)

.stack     0    20000270    00001000     UNINITIALIZED
                  20000270    00000004     rtsv7M4_T_le_v4SPD16_eabi.lib : boot_cortex_m.c.obj (.stack)
                  20000274    00000ffc     --HOLE--

.sysmem    0    20001270    00001000     UNINITIALIZED
                  20001270    00000010     rtsv7M4_T_le_v4SPD16_eabi.lib : memory.c.obj (.sysmem)
                  20001280    00000ff0     --HOLE--

.bss       0    20002270    00000089     UNINITIALIZED
                  20002270    00000054     lcd.obj (.bss:lastbuffer$3)
                  200022c4    00000018     open_interface.obj (.bss:firmware$2)
                  200022dc    00000004     (.common:_timeout_ticks)
                  200022e0    00000004     (.common:fallingEdge)
                  200022e4    00000004     (.common:isr_int_value)
                  200022e8    00000004     (.common:left_calibration_value)
                  200022ec    00000004     (.common:pulseLength)
                  200022f0    00000004     (.common:right_calibration_value)
                  200022f4    00000004     (.common:risingEdge)
                  200022f8    00000001     (.common:isRisingEdge)

.data      0    200022fc    00000041     UNINITIALIZED
                  200022fc    00000020     open_interface.obj (.data)
                  2000231c    00000008     rtsv7M4_T_le_v4SPD16_eabi.lib : _lock.c.obj (.data:$O1$$)
                  20002324    00000008                                   : memory.c.obj (.data:$O1$$)
                  2000232c    00000008     uart-interrupt.obj (.data)
                  20002334    00000004     libcybotScan.lib : cyBot_Scan.obj (.data)
                  20002338    00000004     rtsv7M4_T_le_v4SPD16_eabi.lib : errno.c.obj (.data)
                  2000233c    00000001     Timer.obj (.data)

__llvm_prf_cnts 
*          0    20000000    00000000     UNINITIALIZED

MODULE SUMMARY

       Module                         code    ro data   rw data
       ------                         ----    -------   -------
    .\
       open_interface.obj             3612    15        56     
       main7.obj                      2708    234       8      
       lcd.obj                        824     8         84     
       tm4c123gh6pm_startup_ccs.obj   12      620       0      
       Timer.obj                      584     0         5      
       uart-interrupt.obj             464     0         8      
       uart.obj                       292     0         0      
       movement.obj                   276     0         0      
    +--+------------------------------+-------+---------+---------+
       Total:                         8772    877       161    
                                                               
    ../libcybotScan.lib
       cyBot_Scan.obj                 608     0         4      
       ping.obj                       492     0         13     
       servo.obj                      344     0         0      
       ir.obj                         280     0         4      
    +--+------------------------------+-------+---------+---------+
       Total:                         1724    0         21     
                                                               
    C:/ti/TivaWare_C_Series-2.2.0.295/driverlib/ccs/Debug/driverlib.lib
       interrupt.obj                  68      0         620    
       cpu.obj                        12      0         0      
    +--+------------------------------+-------+---------+---------+
       Total:                         80      0         620    
                                                               
    C:\ti\ccs1230\ccs\tools\compiler\ti-cgt-arm_20.2.7.LTS\lib\rtsv7M4_T_le_v4SPD16_eabi.lib
       _printfi.c.obj                 4851    0         0      
       k_rem_pio2.c.obj               1848    344       0      
       s_sin.c.obj                    1504    0         0      
       memory.c.obj                   728     0         8      
       fd_add_t2.asm.obj              438     0         0      
       k_sin.c.obj                    372     0         0      
       k_cos.c.obj                    368     0         0      
       fd_div_t2.asm.obj              310     0         0      
       s_scalbn.c.obj                 272     0         0      
       fd_cmp_t2.asm.obj              268     0         0      
       ctype.c.obj                    0       257       0      
       fd_mul_t2.asm.obj              252     0         0      
       s_floor.c.obj                  248     0         0      
       memcpy_t2.asm.obj              156     0         0      
       ull_div_t2.asm.obj             150     0         0      
       vsnprintf.c.obj                136     0         0      
       memset_t2.asm.obj              122     0         0      
       fd_tos_t2.asm.obj              110     0         0      
       copy_decompress_lzss.c.obj     104     0         0      
       s_frexp.c.obj                  100     0         0      
       sprintf.c.obj                  98      0         0      
       _ltoa.c.obj                    84      0         0      
       atoi.c.obj                     76      0         0      
       fd_toi_t2.asm.obj              72      0         0      
       autoinit.c.obj                 68      0         0      
       fs_tod_t2.asm.obj              56      0         0      
       boot_cortex_m.c.obj            52      0         0      
       i_tofd_t2.asm.obj              46      0         0      
       copy_zero_init.c.obj           28      0         0      
       memccpy.c.obj                  28      0         0      
       s_copysign.c.obj               26      0         0      
       strcmp.c.obj                   24      0         0      
       strchr.c.obj                   22      0         0      
       strcpy.c.obj                   20      0         0      
       strlen.c.obj                   20      0         0      
       wcslen.c.obj                   18      0         0      
       copy_decompress_none.c.obj     14      0         0      
       errno.c.obj                    8       0         4      
       _lock.c.obj                    2       0         8      
       exit.c.obj                     4       0         0      
       pre_init.c.obj                 4       0         0      
       div0.asm.obj                   2       0         0      
    +--+------------------------------+-------+---------+---------+
       Total:                         13109   601       20     
                                                               
       Heap:                          0       0         4096   
       Stack:                         0       0         4096   
       Linker Generated:              0       83        0      
    +--+------------------------------+-------+---------+---------+
       Grand Total:                   23685   1561      9014   


LINKER GENERATED COPY TABLES

__TI_cinit_table @ 000062a0 records: 3, size/record: 8, table size: 24
	.data: load addr=00006260, load size=0000001f bytes, run addr=200022fc, run size=00000041 bytes, compression=lzss
	.bss: load addr=00006290, load size=00000008 bytes, run addr=20002270, run size=00000089 bytes, compression=zero_init
	.vtable: load addr=00006298, load size=00000008 bytes, run addr=20000000, run size=0000026c bytes, compression=zero_init


LINKER GENERATED HANDLER TABLE

__TI_handler_table @ 00006280 records: 3, size/record: 4, table size: 12
	index: 0, handler: __TI_zero_init
	index: 1, handler: __TI_decompress_lzss
	index: 2, handler: __TI_decompress_none


GLOBAL SYMBOLS: SORTED ALPHABETICALLY BY Name 

address   name                          
-------   ----                          
00004d81  ADC0SS0_Handler               
00005ef9  C$$EXIT                       
00005ec1  CPUcpsie                      
00000bc3  GPIOF_Handler                 
00005e93  IntMasterEnable               
00005c85  IntRegister                   
00005ecd  ResetISR                      
00003d9d  TIMER3B_Handler               
0000418f  UART1_Handler                 
20001270  __STACK_END                   
00001000  __STACK_SIZE                  
20000470  __STACK_TOP                   
00001000  __SYSMEM_SIZE                 
000062a0  __TI_CINIT_Base               
000062b8  __TI_CINIT_Limit              
00006280  __TI_Handler_Table_Base       
0000628c  __TI_Handler_Table_Limit      
00005b11  __TI_auto_init_nobinit_nopinit
000058b5  __TI_decompress_lzss          
00005eb3  __TI_decompress_none          
000059d7  __TI_ltoa                     
ffffffff  __TI_pprof_out_hndl           
00001b05  __TI_printfi                  
ffffffff  __TI_prof_data_size           
ffffffff  __TI_prof_data_start          
00000000  __TI_static_base__            
00005d75  __TI_zero_init_nomemset       
000055e1  __aeabi_cdcmpeq               
000055e1  __aeabi_cdcmple               
00005667  __aeabi_cdrcmple              
00005847  __aeabi_d2f                   
00005ac9  __aeabi_d2iz                  
00004243  __aeabi_dadd                  
00004969  __aeabi_ddiv                  
00005125  __aeabi_dmul                  
00004239  __aeabi_dsub                  
00005ee5  __aeabi_errno_addr            
00005c4d  __aeabi_f2d                   
00005d1d  __aeabi_i2d                   
000043ef  __aeabi_idiv0                 
000043ef  __aeabi_ldiv0                 
000056ed  __aeabi_memclr                
000056ed  __aeabi_memclr4               
000056ed  __aeabi_memclr8               
000054af  __aeabi_memcpy                
000054af  __aeabi_memcpy4               
000054af  __aeabi_memcpy8               
000056ef  __aeabi_memset                
000056ef  __aeabi_memset4               
000056ef  __aeabi_memset8               
0000554b  __aeabi_uldivmod              
ffffffff  __binit__                     
ffffffff  __c_args__                    
00004565  __kernel_cos                  
00002555  __kernel_rem_pio2             
000043f1  __kernel_sin                  
UNDEFED   __mpu_init                    
20000270  __stack                       
20000000  __start___llvm_prf_cnts       
20000000  __stop___llvm_prf_cnts        
00005cb9  _c_int00_noargs               
00006058  _ctypes_                      
2000231c  _lock                         
00002553  _nop                          
2000233c  _running                      
20001270  _sys_memory                   
UNDEFED   _system_post_cinit            
00005ef5  _system_pre_init              
200022dc  _timeout_ticks                
20002320  _unlock                       
00005ef9  abort                         
00005025  aligned_alloc                 
00005a7d  atoi                          
ffffffff  binit                         
00005c15  calloc                        
00004e01  collisionBumpLeft             
00004e7b  collisionBumpRight            
2000232c  command_byte                  
20002330  command_flag                  
00005dc9  copysign                      
00005dc9  copysignl                     
000038dd  cyBOT_SERVO_cal               
0000386b  cyBOT_Scan                    
00003813  cyBOT_init_Scan               
20002334  cyBOT_scan_features           
00003805  cyBOT_scan_version            
20002338  errno                         
200022e0  fallingEdge                   
00005221  floor                         
00005221  floorl                        
00005319  free                          
0000591d  frexp                         
0000591d  frexpl                        
20000000  g_pfnRAMVectors               
00000000  g_pfnVectors                  
0000097f  go_charge                     
00004d97  ir_enableInterrupt            
00004d79  ir_getDistance                
00004d51  ir_getValue                   
00004ce9  ir_init                       
200022f8  isRisingEdge                  
200022e4  isr_int_value                 
00005ea3  lcd_clear                     
00003441  lcd_gotoLine                  
000032a9  lcd_init                      
000034a7  lcd_printf                    
00003369  lcd_putc                      
000033a1  lcd_puts                      
0000326d  lcd_reverseNibble             
000033bf  lcd_sendCommand               
000033fd  lcd_sendNibble                
00003469  lcd_setCursorPos              
00004f15  ldexp                         
00004f15  ldexpl                        
200022e8  left_calibration_value        
00001071  main                          
00005eed  malloc                        
00005025  memalign                      
00005dad  memccpy                       
000054af  memcpy                        
000056f5  memset                        
200022fc  motor_cal_factor_L            
20002300  motor_cal_factor_R            
00004ef5  move_forward                  
0000026d  oi_alloc                      
00000aa9  oi_checkFirmware              
000002c7  oi_close                      
00000279  oi_free                       
00000ded  oi_getMotorCalibrationLeft    
00000e01  oi_getMotorCalibrationRight   
000002b1  oi_init                       
00000289  oi_init_noupdate              
00000915  oi_loadSong                   
00000f01  oi_moveBackward               
00000e41  oi_moveForward                
00005e13  oi_parseInt                   
0000032b  oi_parsePacket                
0000096b  oi_play_song                  
0000084b  oi_setLeds                    
00000db1  oi_setMotorCalibration        
0000088f  oi_setWheels                  
00000b51  oi_shutoff_init               
00000fed  oi_turnClockwise              
00000f79  oi_turnCounterClockwise       
0000098d  oi_uartInit                   
00000a31  oi_uartReceive                
00000a77  oi_uartSendBuff               
00000a15  oi_uartSendChar               
00000a59  oi_uartSendStr                
000002d9  oi_update                     
00003def  ping_getDistance              
00003cad  ping_init                     
00003d33  ping_trigger                  
200022ec  pulseLength                   
200022f0  right_calibration_value       
200022f4  risingEdge                    
00004f15  scalbn                        
00004f15  scalbnl                       
000046d5  servo_init                    
00004765  servo_move                    
000047c5  servo_setPWM                  
00004759  servo_stop                    
00002c8d  sin                           
00002c8d  sinl                          
00005b55  sprintf                       
00005e43  strchr                        
00005e2b  strcmp                        
00005e59  strcpy                        
00005e6d  strlen                        
00003b83  timer_getMicros               
00003b2b  timer_getMillis               
00003a65  timer_init                    
00003b07  timer_pause                   
00003b19  timer_resume                  
00003add  timer_stop                    
00003bdd  timer_waitMicros              
00003c0f  timer_waitMillis              
00004bc5  uart_init                     
00004069  uart_interrupt_init           
00004c5f  uart_receive                  
0000413b  uart_receive_nonblocking      
00004c43  uart_sendChar                 
0000411f  uart_sendChar_interrupt       
00004c91  uart_sendStr                  
00004171  uart_sendStr_interrupt        
00005b95  vsnprintf                     
00005e81  wcslen                        


GLOBAL SYMBOLS: SORTED BY Symbol Address 

address   name                          
-------   ----                          
00000000  __TI_static_base__            
00000000  g_pfnVectors                  
0000026d  oi_alloc                      
00000279  oi_free                       
00000289  oi_init_noupdate              
000002b1  oi_init                       
000002c7  oi_close                      
000002d9  oi_update                     
0000032b  oi_parsePacket                
0000084b  oi_setLeds                    
0000088f  oi_setWheels                  
00000915  oi_loadSong                   
0000096b  oi_play_song                  
0000097f  go_charge                     
0000098d  oi_uartInit                   
00000a15  oi_uartSendChar               
00000a31  oi_uartReceive                
00000a59  oi_uartSendStr                
00000a77  oi_uartSendBuff               
00000aa9  oi_checkFirmware              
00000b51  oi_shutoff_init               
00000bc3  GPIOF_Handler                 
00000db1  oi_setMotorCalibration        
00000ded  oi_getMotorCalibrationLeft    
00000e01  oi_getMotorCalibrationRight   
00000e41  oi_moveForward                
00000f01  oi_moveBackward               
00000f79  oi_turnCounterClockwise       
00000fed  oi_turnClockwise              
00001000  __STACK_SIZE                  
00001000  __SYSMEM_SIZE                 
00001071  main                          
00001b05  __TI_printfi                  
00002553  _nop                          
00002555  __kernel_rem_pio2             
00002c8d  sin                           
00002c8d  sinl                          
0000326d  lcd_reverseNibble             
000032a9  lcd_init                      
00003369  lcd_putc                      
000033a1  lcd_puts                      
000033bf  lcd_sendCommand               
000033fd  lcd_sendNibble                
00003441  lcd_gotoLine                  
00003469  lcd_setCursorPos              
000034a7  lcd_printf                    
00003805  cyBOT_scan_version            
00003813  cyBOT_init_Scan               
0000386b  cyBOT_Scan                    
000038dd  cyBOT_SERVO_cal               
00003a65  timer_init                    
00003add  timer_stop                    
00003b07  timer_pause                   
00003b19  timer_resume                  
00003b2b  timer_getMillis               
00003b83  timer_getMicros               
00003bdd  timer_waitMicros              
00003c0f  timer_waitMillis              
00003cad  ping_init                     
00003d33  ping_trigger                  
00003d9d  TIMER3B_Handler               
00003def  ping_getDistance              
00004069  uart_interrupt_init           
0000411f  uart_sendChar_interrupt       
0000413b  uart_receive_nonblocking      
00004171  uart_sendStr_interrupt        
0000418f  UART1_Handler                 
00004239  __aeabi_dsub                  
00004243  __aeabi_dadd                  
000043ef  __aeabi_idiv0                 
000043ef  __aeabi_ldiv0                 
000043f1  __kernel_sin                  
00004565  __kernel_cos                  
000046d5  servo_init                    
00004759  servo_stop                    
00004765  servo_move                    
000047c5  servo_setPWM                  
00004969  __aeabi_ddiv                  
00004bc5  uart_init                     
00004c43  uart_sendChar                 
00004c5f  uart_receive                  
00004c91  uart_sendStr                  
00004ce9  ir_init                       
00004d51  ir_getValue                   
00004d79  ir_getDistance                
00004d81  ADC0SS0_Handler               
00004d97  ir_enableInterrupt            
00004e01  collisionBumpLeft             
00004e7b  collisionBumpRight            
00004ef5  move_forward                  
00004f15  ldexp                         
00004f15  ldexpl                        
00004f15  scalbn                        
00004f15  scalbnl                       
00005025  aligned_alloc                 
00005025  memalign                      
00005125  __aeabi_dmul                  
00005221  floor                         
00005221  floorl                        
00005319  free                          
000054af  __aeabi_memcpy                
000054af  __aeabi_memcpy4               
000054af  __aeabi_memcpy8               
000054af  memcpy                        
0000554b  __aeabi_uldivmod              
000055e1  __aeabi_cdcmpeq               
000055e1  __aeabi_cdcmple               
00005667  __aeabi_cdrcmple              
000056ed  __aeabi_memclr                
000056ed  __aeabi_memclr4               
000056ed  __aeabi_memclr8               
000056ef  __aeabi_memset                
000056ef  __aeabi_memset4               
000056ef  __aeabi_memset8               
000056f5  memset                        
00005847  __aeabi_d2f                   
000058b5  __TI_decompress_lzss          
0000591d  frexp                         
0000591d  frexpl                        
000059d7  __TI_ltoa                     
00005a7d  atoi                          
00005ac9  __aeabi_d2iz                  
00005b11  __TI_auto_init_nobinit_nopinit
00005b55  sprintf                       
00005b95  vsnprintf                     
00005c15  calloc                        
00005c4d  __aeabi_f2d                   
00005c85  IntRegister                   
00005cb9  _c_int00_noargs               
00005d1d  __aeabi_i2d                   
00005d75  __TI_zero_init_nomemset       
00005dad  memccpy                       
00005dc9  copysign                      
00005dc9  copysignl                     
00005e13  oi_parseInt                   
00005e2b  strcmp                        
00005e43  strchr                        
00005e59  strcpy                        
00005e6d  strlen                        
00005e81  wcslen                        
00005e93  IntMasterEnable               
00005ea3  lcd_clear                     
00005eb3  __TI_decompress_none          
00005ec1  CPUcpsie                      
00005ecd  ResetISR                      
00005ee5  __aeabi_errno_addr            
00005eed  malloc                        
00005ef5  _system_pre_init              
00005ef9  C$$EXIT                       
00005ef9  abort                         
00006058  _ctypes_                      
00006280  __TI_Handler_Table_Base       
0000628c  __TI_Handler_Table_Limit      
000062a0  __TI_CINIT_Base               
000062b8  __TI_CINIT_Limit              
20000000  __start___llvm_prf_cnts       
20000000  __stop___llvm_prf_cnts        
20000000  g_pfnRAMVectors               
20000270  __stack                       
20000470  __STACK_TOP                   
20001270  __STACK_END                   
20001270  _sys_memory                   
200022dc  _timeout_ticks                
200022e0  fallingEdge                   
200022e4  isr_int_value                 
200022e8  left_calibration_value        
200022ec  pulseLength                   
200022f0  right_calibration_value       
200022f4  risingEdge                    
200022f8  isRisingEdge                  
200022fc  motor_cal_factor_L            
20002300  motor_cal_factor_R            
2000231c  _lock                         
20002320  _unlock                       
2000232c  command_byte                  
20002330  command_flag                  
20002334  cyBOT_scan_features           
20002338  errno                         
2000233c  _running                      
ffffffff  __TI_pprof_out_hndl           
ffffffff  __TI_prof_data_size           
ffffffff  __TI_prof_data_start          
ffffffff  __binit__                     
ffffffff  __c_args__                    
ffffffff  binit                         
UNDEFED   __mpu_init                    
UNDEFED   _system_post_cinit            

[187 symbols]
