******************************************************************************
                  TI ARM Linker PC v20.2.7                     
******************************************************************************
>> Linked Tue Mar 26 16:22:14 2024

OUTPUT FILE NAME:   <Lab8.out>
ENTRY POINT SYMBOL: "_c_int00_noargs"  address: 00004131


MEMORY CONFIGURATION

         name            origin    length      used     unused   attr    fill
----------------------  --------  ---------  --------  --------  ----  --------
  FLASH                 00000000   00040000  000044dc  0003bb24  R  X
  SRAM                  20000000   00008000  00002333  00005ccd  RW X


SEGMENT ALLOCATION MAP

run origin  load origin   length   init length attrs members
----------  ----------- ---------- ----------- ----- -------
00000000    00000000    000044e0   000044e0    r-x
  00000000    00000000    0000026c   0000026c    r-- .intvecs
  0000026c    0000026c    00004108   00004108    r-x .text
  00004374    00004374    00000118   00000118    r-- .const
  00004490    00004490    00000050   00000050    r-- .cinit
20000000    20000000    00002339   00000000    rw-
  20000000    20000000    0000026c   00000000    rw- .vtable
  20000270    20000270    00001000   00000000    rw- .stack
  20001270    20001270    00001000   00000000    rw- .sysmem
  20002270    20002270    0000008e   00000000    rw- .bss
  20002300    20002300    00000039   00000000    rw- .data


SECTION ALLOCATION MAP

 output                                  attributes/
section   page    origin      length       input sections
--------  ----  ----------  ----------   ----------------
.intvecs   0    00000000    0000026c     
                  00000000    0000026c     tm4c123gh6pm_startup_ccs.obj (.intvecs)

.text      0    0000026c    00004108     
                  0000026c    00000e04     open_interface.obj (.text)
                  00001070    00000a4e     rtsv7M4_T_le_v4SPD16_eabi.lib : _printfi.c.obj (.text:__TI_printfi)
                  00001abe    00000002                                   : _lock.c.obj (.text:_nop)
                  00001ac0    00000328     lcd.obj (.text)
                  00001de8    00000270     rtsv7M4_T_le_v4SPD16_eabi.lib : _printfi.c.obj (.text:_pconv_a)
                  00002058    00000260     libcybotScan.lib : cyBot_Scan.obj (.text)
                  000022b8    00000248     Timer.obj (.text)
                  00002500    000001ec     libcybotScan.lib : ping.obj (.text)
                  000026ec    000001d0     rtsv7M4_T_le_v4SPD16_eabi.lib : _printfi.c.obj (.text:_pconv_g)
                  000028bc    000001b6                                   : fd_add_t2.asm.obj (.text)
                  00002a72    00000002                                   : div0.asm.obj (.text)
                  00002a74    0000016c     uart.obj (.text)
                  00002be0    00000158     libcybotScan.lib : servo.obj (.text)
                  00002d38    0000013c     rtsv7M4_T_le_v4SPD16_eabi.lib : _printfi.c.obj (.text:_pconv_e)
                  00002e74    00000136                                   : fd_div_t2.asm.obj (.text)
                  00002faa    00000002     --HOLE-- [fill = 0]
                  00002fac    00000124                                   : _printfi.c.obj (.text:fcvt)
                  000030d0    00000118     libcybotScan.lib : ir.obj (.text)
                  000031e8    00000114     movement.obj (.text)
                  000032fc    00000110     rtsv7M4_T_le_v4SPD16_eabi.lib : s_scalbn.c.obj (.text:scalbn)
                  0000340c    00000100                                   : memory.c.obj (.text:aligned_alloc)
                  0000350c    000000fc                                   : fd_mul_t2.asm.obj (.text)
                  00003608    000000e4                                   : memory.c.obj (.text:free)
                  000036ec    000000c4     adc.obj (.text)
                  000037b0    000000c4     main8.obj (.text)
                  00003874    000000b1     rtsv7M4_T_le_v4SPD16_eabi.lib : _printfi.c.obj (.text:_ltostr)
                  00003925    00000001     --HOLE-- [fill = 0]
                  00003926    0000009c                                   : memcpy_t2.asm.obj (.text)
                  000039c2    00000096                                   : ull_div_t2.asm.obj (.text)
                  00003a58    00000086                                   : fd_cmp_t2.asm.obj (.text:__aeabi_cdcmple)
                  00003ade    00000086                                   : fd_cmp_t2.asm.obj (.text:__aeabi_cdrcmple)
                  00003b64    0000007a                                   : memset_t2.asm.obj (.text)
                  00003bde    00000002     --HOLE-- [fill = 0]
                  00003be0    00000070                                   : memory.c.obj (.text:split)
                  00003c50    0000006e                                   : _printfi.c.obj (.text:_mcpy)
                  00003cbe    0000006e                                   : fd_tos_t2.asm.obj (.text)
                  00003d2c    00000068                                   : copy_decompress_lzss.c.obj (.text:decompress:lzss:__TI_decompress_lzss)
                  00003d94    00000064                                   : s_frexp.c.obj (.text:frexp)
                  00003df8    00000056                                   : _printfi.c.obj (.text:_pconv_f)
                  00003e4e    00000054                                   : _ltoa.c.obj (.text:__TI_ltoa)
                  00003ea2    00000052                                   : _printfi.c.obj (.text:_ecpy)
                  00003ef4    0000004c                                   : atoi.c.obj (.text:atoi)
                  00003f40    00000048                                   : fd_toi_t2.asm.obj (.text)
                  00003f88    00000044                                   : autoinit.c.obj (.text:__TI_auto_init_nobinit_nopinit:__TI_auto_init_nobinit_nopinit)
                  00003fcc    00000040                                   : sprintf.c.obj (.text:sprintf)
                  0000400c    00000040                                   : vsnprintf.c.obj (.text:vsnprintf)
                  0000404c    0000003e                                   : _printfi.c.obj (.text:_fcpy)
                  0000408a    00000002     --HOLE-- [fill = 0]
                  0000408c    00000038                                   : memory.c.obj (.text:calloc)
                  000040c4    00000038                                   : fs_tod_t2.asm.obj (.text)
                  000040fc    00000034     driverlib.lib : interrupt.obj (.text:IntRegister)
                  00004130    00000034     rtsv7M4_T_le_v4SPD16_eabi.lib : boot_cortex_m.c.obj (.text:_c_int00_noargs:_c_int00_noargs)
                  00004164    00000030                                   : vsnprintf.c.obj (.text:_outs)
                  00004194    0000002e                                   : i_tofd_t2.asm.obj (.text)
                  000041c2    00000002     --HOLE-- [fill = 0]
                  000041c4    00000028                                   : memory.c.obj (.text:free_list_insert)
                  000041ec    0000001c                                   : copy_zero_init.c.obj (.text:decompress:ZI:__TI_zero_init_nomemset:__TI_zero_init_nomemset)
                  00004208    0000001c                                   : memory.c.obj (.text:free_list_remove)
                  00004224    0000001c                                   : memccpy.c.obj (.text:memccpy)
                  00004240    0000001a                                   : s_copysign.c.obj (.text:copysign)
                  0000425a    00000018                                   : vsnprintf.c.obj (.text:_outc)
                  00004272    00000018                                   : sprintf.c.obj (.text:_outs)
                  0000428a    00000018     open_interface.obj (.text:oi_parseInt)
                  000042a2    00000018     rtsv7M4_T_le_v4SPD16_eabi.lib : strcmp.c.obj (.text:strcmp)
                  000042ba    00000016                                   : strchr.c.obj (.text:strchr)
                  000042d0    00000014                                   : strcpy.c.obj (.text:strcpy)
                  000042e4    00000014                                   : strlen.c.obj (.text:strlen)
                  000042f8    00000012                                   : wcslen.c.obj (.text:wcslen)
                  0000430a    00000010     driverlib.lib : interrupt.obj (.text:IntMasterEnable)
                  0000431a    00000010     lcd.obj (.text:lcd_clear)
                  0000432a    0000000e     rtsv7M4_T_le_v4SPD16_eabi.lib : copy_decompress_none.c.obj (.text:decompress:none:__TI_decompress_none)
                  00004338    0000000c     driverlib.lib : cpu.obj (.text:CPUcpsie)
                  00004344    0000000c     tm4c123gh6pm_startup_ccs.obj (.text)
                  00004350    0000000a     rtsv7M4_T_le_v4SPD16_eabi.lib : sprintf.c.obj (.text:_outc)
                  0000435a    00000002     --HOLE-- [fill = 0]
                  0000435c    00000008                                   : errno.c.obj (.text:__aeabi_errno_addr)
                  00004364    00000008                                   : memory.c.obj (.text:malloc)
                  0000436c    00000004                                   : pre_init.c.obj (.text:_system_pre_init)
                  00004370    00000004                                   : exit.c.obj (.text:abort:abort)

.const     0    00004374    00000118     
                  00004374    00000101     rtsv7M4_T_le_v4SPD16_eabi.lib : ctype.c.obj (.const:.string:_ctypes_)
                  00004475    0000000f     open_interface.obj (.const:.string:$P$T0$3)
                  00004484    00000004     lcd.obj (.const:.string:lineAddress$1)
                  00004488    00000004     lcd.obj (.const:.string:lineAddresses$2)

.cinit     0    00004490    00000050     
                  00004490    00000018     (.cinit..data.load) [load image, compression = lzss]
                  000044a8    0000000c     (__TI_handler_table)
                  000044b4    00000004     --HOLE-- [fill = 0]
                  000044b8    00000008     (.cinit..bss.load) [load image, compression = zero_init]
                  000044c0    00000008     (.cinit..vtable.load) [load image, compression = zero_init]
                  000044c8    00000018     (__TI_cinit_table)

.init_array 
*          0    00000000    00000000     UNINITIALIZED

.vtable    0    20000000    0000026c     UNINITIALIZED
                  20000000    0000026c     driverlib.lib : interrupt.obj (.vtable)

.stack     0    20000270    00001000     UNINITIALIZED
                  20000270    00000004     rtsv7M4_T_le_v4SPD16_eabi.lib : boot_cortex_m.c.obj (.stack)
                  20000274    00000ffc     --HOLE--

.sysmem    0    20001270    00001000     UNINITIALIZED
                  20001270    00000010     rtsv7M4_T_le_v4SPD16_eabi.lib : memory.c.obj (.sysmem)
                  20001280    00000ff0     --HOLE--

.bss       0    20002270    0000008e     UNINITIALIZED
                  20002270    00000054     lcd.obj (.bss:lastbuffer$3)
                  200022c4    00000018     open_interface.obj (.bss:firmware$2)
                  200022dc    00000004     (.common:_timeout_ticks)
                  200022e0    00000004     (.common:fallingEdge)
                  200022e4    00000004     (.common:isr_int_value)
                  200022e8    00000004     (.common:left_calibration_value)
                  200022ec    00000004     (.common:pulseLength)
                  200022f0    00000004     (.common:right_calibration_value)
                  200022f4    00000004     (.common:risingEdge)
                  200022f8    00000004     (.common:uart_event)
                  200022fc    00000001     (.common:isRisingEdge)
                  200022fd    00000001     (.common:uart_typed)

.data      0    20002300    00000039     UNINITIALIZED
                  20002300    00000020     open_interface.obj (.data)
                  20002320    00000008     rtsv7M4_T_le_v4SPD16_eabi.lib : _lock.c.obj (.data:$O1$$)
                  20002328    00000008                                   : memory.c.obj (.data:$O1$$)
                  20002330    00000004     libcybotScan.lib : cyBot_Scan.obj (.data)
                  20002334    00000004     rtsv7M4_T_le_v4SPD16_eabi.lib : errno.c.obj (.data)
                  20002338    00000001     Timer.obj (.data)

__llvm_prf_cnts 
*          0    20000000    00000000     UNINITIALIZED

MODULE SUMMARY

       Module                         code    ro data   rw data
       ------                         ----    -------   -------
    .\
       open_interface.obj             3612    15        56     
       lcd.obj                        824     8         84     
       tm4c123gh6pm_startup_ccs.obj   12      620       0      
       Timer.obj                      584     0         5      
       uart.obj                       364     0         0      
       movement.obj                   276     0         0      
       main8.obj                      196     0         13     
       adc.obj                        196     0         0      
    +--+------------------------------+-------+---------+---------+
       Total:                         6064    643       158    
                                                               
    ../libcybotScan.lib
       cyBot_Scan.obj                 608     0         4      
       ping.obj                       492     0         13     
       servo.obj                      344     0         0      
       ir.obj                         280     0         4      
    +--+------------------------------+-------+---------+---------+
       Total:                         1724    0         21     
                                                               
    C:/ti/TivaWare_C_Series-2.2.0.295/driverlib/ccs/Debug/driverlib.lib
       interrupt.obj                  68      0         620    
       cpu.obj                        12      0         0      
    +--+------------------------------+-------+---------+---------+
       Total:                         80      0         620    
                                                               
    C:\ti\ccs1230\ccs\tools\compiler\ti-cgt-arm_20.2.7.LTS\lib\rtsv7M4_T_le_v4SPD16_eabi.lib
       _printfi.c.obj                 4851    0         0      
       memory.c.obj                   728     0         8      
       fd_add_t2.asm.obj              438     0         0      
       fd_div_t2.asm.obj              310     0         0      
       s_scalbn.c.obj                 272     0         0      
       fd_cmp_t2.asm.obj              268     0         0      
       ctype.c.obj                    0       257       0      
       fd_mul_t2.asm.obj              252     0         0      
       memcpy_t2.asm.obj              156     0         0      
       ull_div_t2.asm.obj             150     0         0      
       vsnprintf.c.obj                136     0         0      
       memset_t2.asm.obj              122     0         0      
       fd_tos_t2.asm.obj              110     0         0      
       copy_decompress_lzss.c.obj     104     0         0      
       s_frexp.c.obj                  100     0         0      
       sprintf.c.obj                  98      0         0      
       _ltoa.c.obj                    84      0         0      
       atoi.c.obj                     76      0         0      
       fd_toi_t2.asm.obj              72      0         0      
       autoinit.c.obj                 68      0         0      
       fs_tod_t2.asm.obj              56      0         0      
       boot_cortex_m.c.obj            52      0         0      
       i_tofd_t2.asm.obj              46      0         0      
       copy_zero_init.c.obj           28      0         0      
       memccpy.c.obj                  28      0         0      
       s_copysign.c.obj               26      0         0      
       strcmp.c.obj                   24      0         0      
       strchr.c.obj                   22      0         0      
       strcpy.c.obj                   20      0         0      
       strlen.c.obj                   20      0         0      
       wcslen.c.obj                   18      0         0      
       copy_decompress_none.c.obj     14      0         0      
       errno.c.obj                    8       0         4      
       _lock.c.obj                    2       0         8      
       exit.c.obj                     4       0         0      
       pre_init.c.obj                 4       0         0      
       div0.asm.obj                   2       0         0      
    +--+------------------------------+-------+---------+---------+
       Total:                         8769    257       20     
                                                               
       Heap:                          0       0         4096   
       Stack:                         0       0         4096   
       Linker Generated:              0       76        0      
    +--+------------------------------+-------+---------+---------+
       Grand Total:                   16637   976       9011   


LINKER GENERATED COPY TABLES

__TI_cinit_table @ 000044c8 records: 3, size/record: 8, table size: 24
	.data: load addr=00004490, load size=00000018 bytes, run addr=20002300, run size=00000039 bytes, compression=lzss
	.bss: load addr=000044b8, load size=00000008 bytes, run addr=20002270, run size=0000008e bytes, compression=zero_init
	.vtable: load addr=000044c0, load size=00000008 bytes, run addr=20000000, run size=0000026c bytes, compression=zero_init


LINKER GENERATED HANDLER TABLE

__TI_handler_table @ 000044a8 records: 3, size/record: 4, table size: 12
	index: 0, handler: __TI_zero_init
	index: 1, handler: __TI_decompress_lzss
	index: 2, handler: __TI_decompress_none


GLOBAL SYMBOLS: SORTED ALPHABETICALLY BY Name 

address   name                          
-------   ----                          
00003169  ADC0SS0_Handler               
00004371  C$$EXIT                       
00004339  CPUcpsie                      
00000bc3  GPIOF_Handler                 
0000430b  IntMasterEnable               
000040fd  IntRegister                   
00004345  ResetISR                      
000025f1  TIMER3B_Handler               
20001270  __STACK_END                   
00001000  __STACK_SIZE                  
20000470  __STACK_TOP                   
00001000  __SYSMEM_SIZE                 
000044c8  __TI_CINIT_Base               
000044e0  __TI_CINIT_Limit              
000044a8  __TI_Handler_Table_Base       
000044b4  __TI_Handler_Table_Limit      
00003f89  __TI_auto_init_nobinit_nopinit
00003d2d  __TI_decompress_lzss          
0000432b  __TI_decompress_none          
00003e4f  __TI_ltoa                     
ffffffff  __TI_pprof_out_hndl           
00001071  __TI_printfi                  
ffffffff  __TI_prof_data_size           
ffffffff  __TI_prof_data_start          
00000000  __TI_static_base__            
000041ed  __TI_zero_init_nomemset       
00003a59  __aeabi_cdcmpeq               
00003a59  __aeabi_cdcmple               
00003adf  __aeabi_cdrcmple              
00003cbf  __aeabi_d2f                   
00003f41  __aeabi_d2iz                  
000028c7  __aeabi_dadd                  
00002e75  __aeabi_ddiv                  
0000350d  __aeabi_dmul                  
000028bd  __aeabi_dsub                  
0000435d  __aeabi_errno_addr            
000040c5  __aeabi_f2d                   
00004195  __aeabi_i2d                   
00002a73  __aeabi_idiv0                 
00002a73  __aeabi_ldiv0                 
00003b65  __aeabi_memclr                
00003b65  __aeabi_memclr4               
00003b65  __aeabi_memclr8               
00003927  __aeabi_memcpy                
00003927  __aeabi_memcpy4               
00003927  __aeabi_memcpy8               
00003b67  __aeabi_memset                
00003b67  __aeabi_memset4               
00003b67  __aeabi_memset8               
000039c3  __aeabi_uldivmod              
ffffffff  __binit__                     
ffffffff  __c_args__                    
UNDEFED   __mpu_init                    
20000270  __stack                       
20000000  __start___llvm_prf_cnts       
20000000  __stop___llvm_prf_cnts        
00004131  _c_int00_noargs               
00004374  _ctypes_                      
20002320  _lock                         
00001abf  _nop                          
20002338  _running                      
20001270  _sys_memory                   
UNDEFED   _system_post_cinit            
0000436d  _system_pre_init              
200022dc  _timeout_ticks                
20002324  _unlock                       
00004371  abort                         
000036ed  adc_init                      
0000375f  adc_read                      
0000340d  aligned_alloc                 
00003ef5  atoi                          
ffffffff  binit                         
0000408d  calloc                        
000031e9  collisionBumpLeft             
00003263  collisionBumpRight            
00004241  copysign                      
00004241  copysignl                     
00002131  cyBOT_SERVO_cal               
000020bf  cyBOT_Scan                    
00002067  cyBOT_init_Scan               
20002330  cyBOT_scan_features           
00002059  cyBOT_scan_version            
20002334  errno                         
200022e0  fallingEdge                   
00003609  free                          
00003d95  frexp                         
00003d95  frexpl                        
20000000  g_pfnRAMVectors               
00000000  g_pfnVectors                  
0000097f  go_charge                     
0000317f  ir_enableInterrupt            
00003161  ir_getDistance                
00003139  ir_getValue                   
000030d1  ir_init                       
200022fc  isRisingEdge                  
200022e4  isr_int_value                 
0000431b  lcd_clear                     
00001c95  lcd_gotoLine                  
00001afd  lcd_init                      
00001cfb  lcd_printf                    
00001bbd  lcd_putc                      
00001bf5  lcd_puts                      
00001ac1  lcd_reverseNibble             
00001c13  lcd_sendCommand               
00001c51  lcd_sendNibble                
00001cbd  lcd_setCursorPos              
000032fd  ldexp                         
000032fd  ldexpl                        
200022e8  left_calibration_value        
000037b1  main                          
00004365  malloc                        
0000340d  memalign                      
00004225  memccpy                       
00003927  memcpy                        
00003b6d  memset                        
20002300  motor_cal_factor_L            
20002304  motor_cal_factor_R            
000032dd  move_forward                  
0000026d  oi_alloc                      
00000aa9  oi_checkFirmware              
000002c7  oi_close                      
00000279  oi_free                       
00000ded  oi_getMotorCalibrationLeft    
00000e01  oi_getMotorCalibrationRight   
000002b1  oi_init                       
00000289  oi_init_noupdate              
00000915  oi_loadSong                   
00000f01  oi_moveBackward               
00000e41  oi_moveForward                
0000428b  oi_parseInt                   
0000032b  oi_parsePacket                
0000096b  oi_play_song                  
0000084b  oi_setLeds                    
00000db1  oi_setMotorCalibration        
0000088f  oi_setWheels                  
00000b51  oi_shutoff_init               
00000fed  oi_turnClockwise              
00000f79  oi_turnCounterClockwise       
0000098d  oi_uartInit                   
00000a31  oi_uartReceive                
00000a77  oi_uartSendBuff               
00000a15  oi_uartSendChar               
00000a59  oi_uartSendStr                
000002d9  oi_update                     
00002643  ping_getDistance              
00002501  ping_init                     
00002587  ping_trigger                  
200022ec  pulseLength                   
200022f0  right_calibration_value       
200022f4  risingEdge                    
000032fd  scalbn                        
000032fd  scalbnl                       
00002be1  servo_init                    
00002c71  servo_move                    
00002cd1  servo_setPWM                  
00002c65  servo_stop                    
00003fcd  sprintf                       
000042bb  strchr                        
000042a3  strcmp                        
000042d1  strcpy                        
000042e5  strlen                        
000023d7  timer_getMicros               
0000237f  timer_getMillis               
000022b9  timer_init                    
0000235b  timer_pause                   
0000236d  timer_resume                  
00002331  timer_stop                    
00002431  timer_waitMicros              
00002463  timer_waitMillis              
200022f8  uart_event                    
00002a75  uart_init                     
00002b65  uart_interrupt_handler        
00002b3f  uart_interrupt_init           
00002afd  uart_receive                  
00002ae1  uart_sendChar                 
00002b35  uart_sendStr                  
200022fd  uart_typed                    
0000400d  vsnprintf                     
000042f9  wcslen                        


GLOBAL SYMBOLS: SORTED BY Symbol Address 

address   name                          
-------   ----                          
00000000  __TI_static_base__            
00000000  g_pfnVectors                  
0000026d  oi_alloc                      
00000279  oi_free                       
00000289  oi_init_noupdate              
000002b1  oi_init                       
000002c7  oi_close                      
000002d9  oi_update                     
0000032b  oi_parsePacket                
0000084b  oi_setLeds                    
0000088f  oi_setWheels                  
00000915  oi_loadSong                   
0000096b  oi_play_song                  
0000097f  go_charge                     
0000098d  oi_uartInit                   
00000a15  oi_uartSendChar               
00000a31  oi_uartReceive                
00000a59  oi_uartSendStr                
00000a77  oi_uartSendBuff               
00000aa9  oi_checkFirmware              
00000b51  oi_shutoff_init               
00000bc3  GPIOF_Handler                 
00000db1  oi_setMotorCalibration        
00000ded  oi_getMotorCalibrationLeft    
00000e01  oi_getMotorCalibrationRight   
00000e41  oi_moveForward                
00000f01  oi_moveBackward               
00000f79  oi_turnCounterClockwise       
00000fed  oi_turnClockwise              
00001000  __STACK_SIZE                  
00001000  __SYSMEM_SIZE                 
00001071  __TI_printfi                  
00001abf  _nop                          
00001ac1  lcd_reverseNibble             
00001afd  lcd_init                      
00001bbd  lcd_putc                      
00001bf5  lcd_puts                      
00001c13  lcd_sendCommand               
00001c51  lcd_sendNibble                
00001c95  lcd_gotoLine                  
00001cbd  lcd_setCursorPos              
00001cfb  lcd_printf                    
00002059  cyBOT_scan_version            
00002067  cyBOT_init_Scan               
000020bf  cyBOT_Scan                    
00002131  cyBOT_SERVO_cal               
000022b9  timer_init                    
00002331  timer_stop                    
0000235b  timer_pause                   
0000236d  timer_resume                  
0000237f  timer_getMillis               
000023d7  timer_getMicros               
00002431  timer_waitMicros              
00002463  timer_waitMillis              
00002501  ping_init                     
00002587  ping_trigger                  
000025f1  TIMER3B_Handler               
00002643  ping_getDistance              
000028bd  __aeabi_dsub                  
000028c7  __aeabi_dadd                  
00002a73  __aeabi_idiv0                 
00002a73  __aeabi_ldiv0                 
00002a75  uart_init                     
00002ae1  uart_sendChar                 
00002afd  uart_receive                  
00002b35  uart_sendStr                  
00002b3f  uart_interrupt_init           
00002b65  uart_interrupt_handler        
00002be1  servo_init                    
00002c65  servo_stop                    
00002c71  servo_move                    
00002cd1  servo_setPWM                  
00002e75  __aeabi_ddiv                  
000030d1  ir_init                       
00003139  ir_getValue                   
00003161  ir_getDistance                
00003169  ADC0SS0_Handler               
0000317f  ir_enableInterrupt            
000031e9  collisionBumpLeft             
00003263  collisionBumpRight            
000032dd  move_forward                  
000032fd  ldexp                         
000032fd  ldexpl                        
000032fd  scalbn                        
000032fd  scalbnl                       
0000340d  aligned_alloc                 
0000340d  memalign                      
0000350d  __aeabi_dmul                  
00003609  free                          
000036ed  adc_init                      
0000375f  adc_read                      
000037b1  main                          
00003927  __aeabi_memcpy                
00003927  __aeabi_memcpy4               
00003927  __aeabi_memcpy8               
00003927  memcpy                        
000039c3  __aeabi_uldivmod              
00003a59  __aeabi_cdcmpeq               
00003a59  __aeabi_cdcmple               
00003adf  __aeabi_cdrcmple              
00003b65  __aeabi_memclr                
00003b65  __aeabi_memclr4               
00003b65  __aeabi_memclr8               
00003b67  __aeabi_memset                
00003b67  __aeabi_memset4               
00003b67  __aeabi_memset8               
00003b6d  memset                        
00003cbf  __aeabi_d2f                   
00003d2d  __TI_decompress_lzss          
00003d95  frexp                         
00003d95  frexpl                        
00003e4f  __TI_ltoa                     
00003ef5  atoi                          
00003f41  __aeabi_d2iz                  
00003f89  __TI_auto_init_nobinit_nopinit
00003fcd  sprintf                       
0000400d  vsnprintf                     
0000408d  calloc                        
000040c5  __aeabi_f2d                   
000040fd  IntRegister                   
00004131  _c_int00_noargs               
00004195  __aeabi_i2d                   
000041ed  __TI_zero_init_nomemset       
00004225  memccpy                       
00004241  copysign                      
00004241  copysignl                     
0000428b  oi_parseInt                   
000042a3  strcmp                        
000042bb  strchr                        
000042d1  strcpy                        
000042e5  strlen                        
000042f9  wcslen                        
0000430b  IntMasterEnable               
0000431b  lcd_clear                     
0000432b  __TI_decompress_none          
00004339  CPUcpsie                      
00004345  ResetISR                      
0000435d  __aeabi_errno_addr            
00004365  malloc                        
0000436d  _system_pre_init              
00004371  C$$EXIT                       
00004371  abort                         
00004374  _ctypes_                      
000044a8  __TI_Handler_Table_Base       
000044b4  __TI_Handler_Table_Limit      
000044c8  __TI_CINIT_Base               
000044e0  __TI_CINIT_Limit              
20000000  __start___llvm_prf_cnts       
20000000  __stop___llvm_prf_cnts        
20000000  g_pfnRAMVectors               
20000270  __stack                       
20000470  __STACK_TOP                   
20001270  __STACK_END                   
20001270  _sys_memory                   
200022dc  _timeout_ticks                
200022e0  fallingEdge                   
200022e4  isr_int_value                 
200022e8  left_calibration_value        
200022ec  pulseLength                   
200022f0  right_calibration_value       
200022f4  risingEdge                    
200022f8  uart_event                    
200022fc  isRisingEdge                  
200022fd  uart_typed                    
20002300  motor_cal_factor_L            
20002304  motor_cal_factor_R            
20002320  _lock                         
20002324  _unlock                       
20002330  cyBOT_scan_features           
20002334  errno                         
20002338  _running                      
ffffffff  __TI_pprof_out_hndl           
ffffffff  __TI_prof_data_size           
ffffffff  __TI_prof_data_start          
ffffffff  __binit__                     
ffffffff  __c_args__                    
ffffffff  binit                         
UNDEFED   __mpu_init                    
UNDEFED   _system_post_cinit            

[179 symbols]
