******************************************************************************
                  TI ARM Linker PC v20.2.7                     
******************************************************************************
>> Linked Mon Apr  1 16:01:02 2024

OUTPUT FILE NAME:   <Lab9.out>
ENTRY POINT SYMBOL: "_c_int00_noargs"  address: 000028b5


MEMORY CONFIGURATION

         name            origin    length      used     unused   attr    fill
----------------------  --------  ---------  --------  --------  ----  --------
  FLASH                 00000000   00040000  00002bd9  0003d427  R  X
  SRAM                  20000000   00008000  000022d9  00005d27  RW X


SEGMENT ALLOCATION MAP

run origin  load origin   length   init length attrs members
----------  ----------- ---------- ----------- ----- -------
00000000    00000000    00002be0   00002be0    r-x
  00000000    00000000    0000026c   0000026c    r-- .intvecs
  0000026c    0000026c    00002824   00002824    r-x .text
  00002a90    00002a90    00000109   00000109    r-- .const
  00002ba0    00002ba0    00000040   00000040    r-- .cinit
20000000    20000000    000022dd   00000000    rw-
  20000000    20000000    0000026c   00000000    rw- .vtable
  20000270    20000270    00001000   00000000    rw- .stack
  20001270    20001270    00001000   00000000    rw- .sysmem
  20002270    20002270    00000058   00000000    rw- .bss
  200022c8    200022c8    00000015   00000000    rw- .data


SECTION ALLOCATION MAP

 output                                  attributes/
section   page    origin      length       input sections
--------  ----  ----------  ----------   ----------------
.intvecs   0    00000000    0000026c     
                  00000000    0000026c     tm4c123gh6pm_startup_ccs.obj (.intvecs)

.text      0    0000026c    00002824     
                  0000026c    00000a4e     rtsv7M4_T_le_v4SPD16_eabi.lib : _printfi.c.obj (.text:__TI_printfi)
                  00000cba    00000002                                   : div0.asm.obj (.text)
                  00000cbc    00000328     lcd.obj (.text)
                  00000fe4    000002c0     ping_template.obj (.text)
                  000012a4    00000270     rtsv7M4_T_le_v4SPD16_eabi.lib : _printfi.c.obj (.text:_pconv_a)
                  00001514    00000248     Timer.obj (.text)
                  0000175c    000001d0     rtsv7M4_T_le_v4SPD16_eabi.lib : _printfi.c.obj (.text:_pconv_g)
                  0000192c    000001b6                                   : fd_add_t2.asm.obj (.text)
                  00001ae2    00000002     --HOLE-- [fill = 0]
                  00001ae4    0000013c                                   : _printfi.c.obj (.text:_pconv_e)
                  00001c20    00000136                                   : fd_div_t2.asm.obj (.text)
                  00001d56    00000002     --HOLE-- [fill = 0]
                  00001d58    00000124                                   : _printfi.c.obj (.text:fcvt)
                  00001e7c    00000110                                   : s_scalbn.c.obj (.text:scalbn)
                  00001f8c    000000fc                                   : fd_mul_t2.asm.obj (.text)
                  00002088    000000b1                                   : _printfi.c.obj (.text:_ltostr)
                  00002139    00000001     --HOLE-- [fill = 0]
                  0000213a    0000009c                                   : memcpy_t2.asm.obj (.text)
                  000021d6    00000096                                   : ull_div_t2.asm.obj (.text)
                  0000226c    00000086                                   : fd_cmp_t2.asm.obj (.text:__aeabi_cdcmple)
                  000022f2    00000086                                   : fd_cmp_t2.asm.obj (.text:__aeabi_cdrcmple)
                  00002378    0000007a                                   : memset_t2.asm.obj (.text)
                  000023f2    0000006e                                   : _printfi.c.obj (.text:_mcpy)
                  00002460    0000006e                                   : fd_tos_t2.asm.obj (.text)
                  000024ce    00000068                                   : copy_decompress_lzss.c.obj (.text:decompress:lzss:__TI_decompress_lzss)
                  00002536    00000002     --HOLE-- [fill = 0]
                  00002538    00000064                                   : s_frexp.c.obj (.text:frexp)
                  0000259c    00000056                                   : _printfi.c.obj (.text:_pconv_f)
                  000025f2    00000054                                   : _ltoa.c.obj (.text:__TI_ltoa)
                  00002646    00000002     --HOLE-- [fill = 0]
                  00002648    00000054     lab9.obj (.text)
                  0000269c    00000052     rtsv7M4_T_le_v4SPD16_eabi.lib : _printfi.c.obj (.text:_ecpy)
                  000026ee    00000002     --HOLE-- [fill = 0]
                  000026f0    0000004c                                   : atoi.c.obj (.text:atoi)
                  0000273c    00000048                                   : fd_toi_t2.asm.obj (.text)
                  00002784    00000044                                   : autoinit.c.obj (.text:__TI_auto_init_nobinit_nopinit:__TI_auto_init_nobinit_nopinit)
                  000027c8    00000040                                   : vsnprintf.c.obj (.text:vsnprintf)
                  00002808    0000003e                                   : _printfi.c.obj (.text:_fcpy)
                  00002846    00000038                                   : fs_tod_t2.asm.obj (.text)
                  0000287e    00000002     --HOLE-- [fill = 0]
                  00002880    00000034     driverlib.lib : interrupt.obj (.text:IntRegister)
                  000028b4    00000034     rtsv7M4_T_le_v4SPD16_eabi.lib : boot_cortex_m.c.obj (.text:_c_int00_noargs:_c_int00_noargs)
                  000028e8    00000030                                   : vsnprintf.c.obj (.text:_outs)
                  00002918    0000002e                                   : i_tofd_t2.asm.obj (.text)
                  00002946    00000020                                   : u_tofd_t2.asm.obj (.text)
                  00002966    0000001c                                   : copy_zero_init.c.obj (.text:decompress:ZI:__TI_zero_init_nomemset:__TI_zero_init_nomemset)
                  00002982    0000001c                                   : memccpy.c.obj (.text:memccpy)
                  0000299e    0000001a                                   : s_copysign.c.obj (.text:copysign)
                  000029b8    00000018                                   : vsnprintf.c.obj (.text:_outc)
                  000029d0    00000018                                   : strcmp.c.obj (.text:strcmp)
                  000029e8    00000016                                   : strchr.c.obj (.text:strchr)
                  000029fe    00000014                                   : strcpy.c.obj (.text:strcpy)
                  00002a12    00000014                                   : strlen.c.obj (.text:strlen)
                  00002a26    00000012                                   : wcslen.c.obj (.text:wcslen)
                  00002a38    00000010     driverlib.lib : interrupt.obj (.text:IntMasterEnable)
                  00002a48    00000010     lcd.obj (.text:lcd_clear)
                  00002a58    0000000e     rtsv7M4_T_le_v4SPD16_eabi.lib : copy_decompress_none.c.obj (.text:decompress:none:__TI_decompress_none)
                  00002a66    0000000c     driverlib.lib : cpu.obj (.text:CPUcpsie)
                  00002a72    0000000c     tm4c123gh6pm_startup_ccs.obj (.text)
                  00002a7e    00000002     --HOLE-- [fill = 0]
                  00002a80    00000008     rtsv7M4_T_le_v4SPD16_eabi.lib : errno.c.obj (.text:__aeabi_errno_addr)
                  00002a88    00000004                                   : pre_init.c.obj (.text:_system_pre_init)
                  00002a8c    00000004                                   : exit.c.obj (.text:abort:abort)

.const     0    00002a90    00000109     
                  00002a90    00000101     rtsv7M4_T_le_v4SPD16_eabi.lib : ctype.c.obj (.const:.string:_ctypes_)
                  00002b91    00000004     lcd.obj (.const:.string:lineAddress$1)
                  00002b95    00000004     lcd.obj (.const:.string:lineAddresses$2)

.cinit     0    00002ba0    00000040     
                  00002ba0    0000000c     (.cinit..data.load) [load image, compression = lzss]
                  00002bac    0000000c     (__TI_handler_table)
                  00002bb8    00000008     (.cinit..bss.load) [load image, compression = zero_init]
                  00002bc0    00000008     (.cinit..vtable.load) [load image, compression = zero_init]
                  00002bc8    00000018     (__TI_cinit_table)

.init_array 
*          0    00000000    00000000     UNINITIALIZED

.vtable    0    20000000    0000026c     UNINITIALIZED
                  20000000    0000026c     driverlib.lib : interrupt.obj (.vtable)

.stack     0    20000270    00001000     UNINITIALIZED
                  20000270    00000004     rtsv7M4_T_le_v4SPD16_eabi.lib : boot_cortex_m.c.obj (.stack)
                  20000274    00000ffc     --HOLE--

.sysmem    0    20001270    00001000     UNINITIALIZED
                  20001270    00000010     rtsv7M4_T_le_v4SPD16_eabi.lib : memory.c.obj (.sysmem)
                  20001280    00000ff0     --HOLE--

.bss       0    20002270    00000058     UNINITIALIZED
                  20002270    00000054     lcd.obj (.bss:lastbuffer$3)
                  200022c4    00000004     (.common:_timeout_ticks)

.data      0    200022c8    00000015     UNINITIALIZED
                  200022c8    00000010     ping_template.obj (.data)
                  200022d8    00000004     rtsv7M4_T_le_v4SPD16_eabi.lib : errno.c.obj (.data)
                  200022dc    00000001     Timer.obj (.data)

__llvm_prf_cnts 
*          0    20000000    00000000     UNINITIALIZED

MODULE SUMMARY

       Module                         code    ro data   rw data
       ------                         ----    -------   -------
    .\
       lcd.obj                        824     8         84     
       ping_template.obj              704     0         16     
       tm4c123gh6pm_startup_ccs.obj   12      620       0      
       Timer.obj                      584     0         5      
       lab9.obj                       84      0         0      
    +--+------------------------------+-------+---------+---------+
       Total:                         2208    628       105    
                                                               
    C:/ti/TivaWare_C_Series-2.2.0.295/driverlib/ccs/Debug/driverlib.lib
       interrupt.obj                  68      0         620    
       cpu.obj                        12      0         0      
    +--+------------------------------+-------+---------+---------+
       Total:                         80      0         620    
                                                               
    C:\ti\ccs1230\ccs\tools\compiler\ti-cgt-arm_20.2.7.LTS\lib\rtsv7M4_T_le_v4SPD16_eabi.lib
       _printfi.c.obj                 4851    0         0      
       fd_add_t2.asm.obj              438     0         0      
       fd_div_t2.asm.obj              310     0         0      
       s_scalbn.c.obj                 272     0         0      
       fd_cmp_t2.asm.obj              268     0         0      
       ctype.c.obj                    0       257       0      
       fd_mul_t2.asm.obj              252     0         0      
       memcpy_t2.asm.obj              156     0         0      
       ull_div_t2.asm.obj             150     0         0      
       vsnprintf.c.obj                136     0         0      
       memset_t2.asm.obj              122     0         0      
       fd_tos_t2.asm.obj              110     0         0      
       copy_decompress_lzss.c.obj     104     0         0      
       s_frexp.c.obj                  100     0         0      
       _ltoa.c.obj                    84      0         0      
       atoi.c.obj                     76      0         0      
       fd_toi_t2.asm.obj              72      0         0      
       autoinit.c.obj                 68      0         0      
       fs_tod_t2.asm.obj              56      0         0      
       boot_cortex_m.c.obj            52      0         0      
       i_tofd_t2.asm.obj              46      0         0      
       u_tofd_t2.asm.obj              32      0         0      
       copy_zero_init.c.obj           28      0         0      
       memccpy.c.obj                  28      0         0      
       s_copysign.c.obj               26      0         0      
       strcmp.c.obj                   24      0         0      
       strchr.c.obj                   22      0         0      
       strcpy.c.obj                   20      0         0      
       strlen.c.obj                   20      0         0      
       wcslen.c.obj                   18      0         0      
       copy_decompress_none.c.obj     14      0         0      
       errno.c.obj                    8       0         4      
       exit.c.obj                     4       0         0      
       pre_init.c.obj                 4       0         0      
       div0.asm.obj                   2       0         0      
    +--+------------------------------+-------+---------+---------+
       Total:                         7973    257       4      
                                                               
       Heap:                          0       0         4096   
       Stack:                         0       0         4096   
       Linker Generated:              0       64        0      
    +--+------------------------------+-------+---------+---------+
       Grand Total:                   10261   949       8921   


LINKER GENERATED COPY TABLES

__TI_cinit_table @ 00002bc8 records: 3, size/record: 8, table size: 24
	.data: load addr=00002ba0, load size=0000000c bytes, run addr=200022c8, run size=00000015 bytes, compression=lzss
	.bss: load addr=00002bb8, load size=00000008 bytes, run addr=20002270, run size=00000058 bytes, compression=zero_init
	.vtable: load addr=00002bc0, load size=00000008 bytes, run addr=20000000, run size=0000026c bytes, compression=zero_init


LINKER GENERATED HANDLER TABLE

__TI_handler_table @ 00002bac records: 3, size/record: 4, table size: 12
	index: 0, handler: __TI_zero_init
	index: 1, handler: __TI_decompress_lzss
	index: 2, handler: __TI_decompress_none


GLOBAL SYMBOLS: SORTED ALPHABETICALLY BY Name 

address   name                          
-------   ----                          
00002a8d  C$$EXIT                       
00002a67  CPUcpsie                      
200022cc  END_TIME                      
00002a39  IntMasterEnable               
00002881  IntRegister                   
00002a73  ResetISR                      
200022c8  START_TIME                    
200022d0  STATE                         
00001147  TIMER3B_Handler               
20001270  __STACK_END                   
00001000  __STACK_SIZE                  
20000470  __STACK_TOP                   
00001000  __SYSMEM_SIZE                 
00002bc8  __TI_CINIT_Base               
00002be0  __TI_CINIT_Limit              
00002bac  __TI_Handler_Table_Base       
00002bb8  __TI_Handler_Table_Limit      
00002785  __TI_auto_init_nobinit_nopinit
000024cf  __TI_decompress_lzss          
00002a59  __TI_decompress_none          
000025f3  __TI_ltoa                     
ffffffff  __TI_pprof_out_hndl           
0000026d  __TI_printfi                  
ffffffff  __TI_prof_data_size           
ffffffff  __TI_prof_data_start          
00000000  __TI_static_base__            
00002967  __TI_zero_init_nomemset       
0000226d  __aeabi_cdcmpeq               
0000226d  __aeabi_cdcmple               
000022f3  __aeabi_cdrcmple              
00002461  __aeabi_d2f                   
0000273d  __aeabi_d2iz                  
00001937  __aeabi_dadd                  
00001c21  __aeabi_ddiv                  
00001f8d  __aeabi_dmul                  
0000192d  __aeabi_dsub                  
00002a81  __aeabi_errno_addr            
00002847  __aeabi_f2d                   
00002919  __aeabi_i2d                   
00000cbb  __aeabi_idiv0                 
00000cbb  __aeabi_ldiv0                 
00002379  __aeabi_memclr                
00002379  __aeabi_memclr4               
00002379  __aeabi_memclr8               
0000213b  __aeabi_memcpy                
0000213b  __aeabi_memcpy4               
0000213b  __aeabi_memcpy8               
0000237b  __aeabi_memset                
0000237b  __aeabi_memset4               
0000237b  __aeabi_memset8               
00002947  __aeabi_ui2d                  
000021d7  __aeabi_uldivmod              
ffffffff  __binit__                     
ffffffff  __c_args__                    
UNDEFED   __mpu_init                    
20000270  __stack                       
20000000  __start___llvm_prf_cnts       
20000000  __stop___llvm_prf_cnts        
000028b5  _c_int00_noargs               
00002a90  _ctypes_                      
200022dc  _running                      
20001270  _sys_memory                   
UNDEFED   _system_post_cinit            
00002a89  _system_pre_init              
200022c4  _timeout_ticks                
00002a8d  abort                         
000026f1  atoi                          
ffffffff  binit                         
0000299f  copysign                      
0000299f  copysignl                     
200022d8  errno                         
00002539  frexp                         
00002539  frexpl                        
20000000  g_pfnRAMVectors               
00000000  g_pfnVectors                  
00002a49  lcd_clear                     
00000e91  lcd_gotoLine                  
00000cf9  lcd_init                      
00000ef7  lcd_printf                    
00000db9  lcd_putc                      
00000df1  lcd_puts                      
00000cbd  lcd_reverseNibble             
00000e0f  lcd_sendCommand               
00000e4d  lcd_sendNibble                
00000eb9  lcd_setCursorPos              
00001e7d  ldexp                         
00001e7d  ldexpl                        
00002649  main                          
00002983  memccpy                       
0000213b  memcpy                        
00002381  memset                        
200022d4  overflow                      
00001183  ping_getDistance              
00000fe5  ping_init                     
000010bd  ping_trigger                  
00001e7d  scalbn                        
00001e7d  scalbnl                       
000029e9  strchr                        
000029d1  strcmp                        
000029ff  strcpy                        
00002a13  strlen                        
00001633  timer_getMicros               
000015db  timer_getMillis               
00001515  timer_init                    
000015b7  timer_pause                   
000015c9  timer_resume                  
0000158d  timer_stop                    
0000168d  timer_waitMicros              
000016bf  timer_waitMillis              
000027c9  vsnprintf                     
00002a27  wcslen                        


GLOBAL SYMBOLS: SORTED BY Symbol Address 

address   name                          
-------   ----                          
00000000  __TI_static_base__            
00000000  g_pfnVectors                  
0000026d  __TI_printfi                  
00000cbb  __aeabi_idiv0                 
00000cbb  __aeabi_ldiv0                 
00000cbd  lcd_reverseNibble             
00000cf9  lcd_init                      
00000db9  lcd_putc                      
00000df1  lcd_puts                      
00000e0f  lcd_sendCommand               
00000e4d  lcd_sendNibble                
00000e91  lcd_gotoLine                  
00000eb9  lcd_setCursorPos              
00000ef7  lcd_printf                    
00000fe5  ping_init                     
00001000  __STACK_SIZE                  
00001000  __SYSMEM_SIZE                 
000010bd  ping_trigger                  
00001147  TIMER3B_Handler               
00001183  ping_getDistance              
00001515  timer_init                    
0000158d  timer_stop                    
000015b7  timer_pause                   
000015c9  timer_resume                  
000015db  timer_getMillis               
00001633  timer_getMicros               
0000168d  timer_waitMicros              
000016bf  timer_waitMillis              
0000192d  __aeabi_dsub                  
00001937  __aeabi_dadd                  
00001c21  __aeabi_ddiv                  
00001e7d  ldexp                         
00001e7d  ldexpl                        
00001e7d  scalbn                        
00001e7d  scalbnl                       
00001f8d  __aeabi_dmul                  
0000213b  __aeabi_memcpy                
0000213b  __aeabi_memcpy4               
0000213b  __aeabi_memcpy8               
0000213b  memcpy                        
000021d7  __aeabi_uldivmod              
0000226d  __aeabi_cdcmpeq               
0000226d  __aeabi_cdcmple               
000022f3  __aeabi_cdrcmple              
00002379  __aeabi_memclr                
00002379  __aeabi_memclr4               
00002379  __aeabi_memclr8               
0000237b  __aeabi_memset                
0000237b  __aeabi_memset4               
0000237b  __aeabi_memset8               
00002381  memset                        
00002461  __aeabi_d2f                   
000024cf  __TI_decompress_lzss          
00002539  frexp                         
00002539  frexpl                        
000025f3  __TI_ltoa                     
00002649  main                          
000026f1  atoi                          
0000273d  __aeabi_d2iz                  
00002785  __TI_auto_init_nobinit_nopinit
000027c9  vsnprintf                     
00002847  __aeabi_f2d                   
00002881  IntRegister                   
000028b5  _c_int00_noargs               
00002919  __aeabi_i2d                   
00002947  __aeabi_ui2d                  
00002967  __TI_zero_init_nomemset       
00002983  memccpy                       
0000299f  copysign                      
0000299f  copysignl                     
000029d1  strcmp                        
000029e9  strchr                        
000029ff  strcpy                        
00002a13  strlen                        
00002a27  wcslen                        
00002a39  IntMasterEnable               
00002a49  lcd_clear                     
00002a59  __TI_decompress_none          
00002a67  CPUcpsie                      
00002a73  ResetISR                      
00002a81  __aeabi_errno_addr            
00002a89  _system_pre_init              
00002a8d  C$$EXIT                       
00002a8d  abort                         
00002a90  _ctypes_                      
00002bac  __TI_Handler_Table_Base       
00002bb8  __TI_Handler_Table_Limit      
00002bc8  __TI_CINIT_Base               
00002be0  __TI_CINIT_Limit              
20000000  __start___llvm_prf_cnts       
20000000  __stop___llvm_prf_cnts        
20000000  g_pfnRAMVectors               
20000270  __stack                       
20000470  __STACK_TOP                   
20001270  __STACK_END                   
20001270  _sys_memory                   
200022c4  _timeout_ticks                
200022c8  START_TIME                    
200022cc  END_TIME                      
200022d0  STATE                         
200022d4  overflow                      
200022d8  errno                         
200022dc  _running                      
ffffffff  __TI_pprof_out_hndl           
ffffffff  __TI_prof_data_size           
ffffffff  __TI_prof_data_start          
ffffffff  __binit__                     
ffffffff  __c_args__                    
ffffffff  binit                         
UNDEFED   __mpu_init                    
UNDEFED   _system_post_cinit            

[111 symbols]
