<?xml version="1.0" encoding="ISO-8859-1" ?>
<link_info>
   <banner>TI ARM Linker PC v20.2.7.LTS</banner>
   <copyright>Copyright (c) 1996-2018 Texas Instruments Incorporated</copyright>
   <link_time>0x65ca49c9</link_time>
   <link_errors>0x0</link_errors>
   <output_file>Lab3.out</output_file>
   <entry_point>
      <name>_c_int00_noargs</name>
      <address>0x4501</address>
   </entry_point>
   <input_file_list>
      <input_file id="fl-2">
         <path>.\</path>
         <kind>object</kind>
         <file>Timer.obj</file>
         <name>Timer.obj</name>
      </input_file>
      <input_file id="fl-3">
         <path>.\</path>
         <kind>object</kind>
         <file>lcd.obj</file>
         <name>lcd.obj</name>
      </input_file>
      <input_file id="fl-4">
         <path>.\</path>
         <kind>object</kind>
         <file>main.obj</file>
         <name>main.obj</name>
      </input_file>
      <input_file id="fl-5">
         <path>.\</path>
         <kind>object</kind>
         <file>open_interface.obj</file>
         <name>open_interface.obj</name>
      </input_file>
      <input_file id="fl-6">
         <path>.\</path>
         <kind>object</kind>
         <file>tm4c123gh6pm_startup_ccs.obj</file>
         <name>tm4c123gh6pm_startup_ccs.obj</name>
      </input_file>
      <input_file id="fl-d">
         <kind>object</kind>
         <file>&lt;internal&gt;</file>
         <name>&lt;internal&gt;</name>
      </input_file>
      <input_file id="fl-e">
         <path>..\</path>
         <kind>archive</kind>
         <file>libcybotScan.lib</file>
         <name>cyBot_Scan.obj</name>
      </input_file>
      <input_file id="fl-f">
         <path>..\</path>
         <kind>archive</kind>
         <file>libcybotScan.lib</file>
         <name>ir.obj</name>
      </input_file>
      <input_file id="fl-10">
         <path>..\</path>
         <kind>archive</kind>
         <file>libcybotScan.lib</file>
         <name>ping.obj</name>
      </input_file>
      <input_file id="fl-11">
         <path>..\</path>
         <kind>archive</kind>
         <file>libcybotScan.lib</file>
         <name>servo.obj</name>
      </input_file>
      <input_file id="fl-12">
         <path>..\</path>
         <kind>archive</kind>
         <file>libcybotUART.lib</file>
         <name>uart.obj</name>
      </input_file>
      <input_file id="fl-13">
         <path>C:\ti\TivaWare_C_Series-2.2.0.295\driverlib\ccs\Debug\</path>
         <kind>archive</kind>
         <file>driverlib.lib</file>
         <name>interrupt.obj</name>
      </input_file>
      <input_file id="fl-14">
         <path>C:\ti\TivaWare_C_Series-2.2.0.295\driverlib\ccs\Debug\</path>
         <kind>archive</kind>
         <file>driverlib.lib</file>
         <name>cpu.obj</name>
      </input_file>
      <input_file id="fl-ca">
         <path>C:\ti\ccs1230\ccs\tools\compiler\ti-cgt-arm_20.2.7.LTS\lib\</path>
         <kind>archive</kind>
         <file>rtsv7M4_T_le_v4SPD16_eabi.lib</file>
         <name>s_sin.c.obj</name>
      </input_file>
      <input_file id="fl-cb">
         <path>C:\ti\ccs1230\ccs\tools\compiler\ti-cgt-arm_20.2.7.LTS\lib\</path>
         <kind>archive</kind>
         <file>rtsv7M4_T_le_v4SPD16_eabi.lib</file>
         <name>sprintf.c.obj</name>
      </input_file>
      <input_file id="fl-cc">
         <path>C:\ti\ccs1230\ccs\tools\compiler\ti-cgt-arm_20.2.7.LTS\lib\</path>
         <kind>archive</kind>
         <file>rtsv7M4_T_le_v4SPD16_eabi.lib</file>
         <name>vsnprintf.c.obj</name>
      </input_file>
      <input_file id="fl-cd">
         <path>C:\ti\ccs1230\ccs\tools\compiler\ti-cgt-arm_20.2.7.LTS\lib\</path>
         <kind>archive</kind>
         <file>rtsv7M4_T_le_v4SPD16_eabi.lib</file>
         <name>fd_add_t2.asm.obj</name>
      </input_file>
      <input_file id="fl-ce">
         <path>C:\ti\ccs1230\ccs\tools\compiler\ti-cgt-arm_20.2.7.LTS\lib\</path>
         <kind>archive</kind>
         <file>rtsv7M4_T_le_v4SPD16_eabi.lib</file>
         <name>fd_cmp_t2.asm.obj</name>
      </input_file>
      <input_file id="fl-cf">
         <path>C:\ti\ccs1230\ccs\tools\compiler\ti-cgt-arm_20.2.7.LTS\lib\</path>
         <kind>archive</kind>
         <file>rtsv7M4_T_le_v4SPD16_eabi.lib</file>
         <name>fd_div_t2.asm.obj</name>
      </input_file>
      <input_file id="fl-d0">
         <path>C:\ti\ccs1230\ccs\tools\compiler\ti-cgt-arm_20.2.7.LTS\lib\</path>
         <kind>archive</kind>
         <file>rtsv7M4_T_le_v4SPD16_eabi.lib</file>
         <name>fd_mul_t2.asm.obj</name>
      </input_file>
      <input_file id="fl-d1">
         <path>C:\ti\ccs1230\ccs\tools\compiler\ti-cgt-arm_20.2.7.LTS\lib\</path>
         <kind>archive</kind>
         <file>rtsv7M4_T_le_v4SPD16_eabi.lib</file>
         <name>fd_toi_t2.asm.obj</name>
      </input_file>
      <input_file id="fl-d2">
         <path>C:\ti\ccs1230\ccs\tools\compiler\ti-cgt-arm_20.2.7.LTS\lib\</path>
         <kind>archive</kind>
         <file>rtsv7M4_T_le_v4SPD16_eabi.lib</file>
         <name>fd_tos_t2.asm.obj</name>
      </input_file>
      <input_file id="fl-d3">
         <path>C:\ti\ccs1230\ccs\tools\compiler\ti-cgt-arm_20.2.7.LTS\lib\</path>
         <kind>archive</kind>
         <file>rtsv7M4_T_le_v4SPD16_eabi.lib</file>
         <name>fs_tod_t2.asm.obj</name>
      </input_file>
      <input_file id="fl-d4">
         <path>C:\ti\ccs1230\ccs\tools\compiler\ti-cgt-arm_20.2.7.LTS\lib\</path>
         <kind>archive</kind>
         <file>rtsv7M4_T_le_v4SPD16_eabi.lib</file>
         <name>i_tofd_t2.asm.obj</name>
      </input_file>
      <input_file id="fl-d5">
         <path>C:\ti\ccs1230\ccs\tools\compiler\ti-cgt-arm_20.2.7.LTS\lib\</path>
         <kind>archive</kind>
         <file>rtsv7M4_T_le_v4SPD16_eabi.lib</file>
         <name>memcpy_t2.asm.obj</name>
      </input_file>
      <input_file id="fl-d6">
         <path>C:\ti\ccs1230\ccs\tools\compiler\ti-cgt-arm_20.2.7.LTS\lib\</path>
         <kind>archive</kind>
         <file>rtsv7M4_T_le_v4SPD16_eabi.lib</file>
         <name>memset_t2.asm.obj</name>
      </input_file>
      <input_file id="fl-d7">
         <path>C:\ti\ccs1230\ccs\tools\compiler\ti-cgt-arm_20.2.7.LTS\lib\</path>
         <kind>archive</kind>
         <file>rtsv7M4_T_le_v4SPD16_eabi.lib</file>
         <name>copy_zero_init.c.obj</name>
      </input_file>
      <input_file id="fl-d8">
         <path>C:\ti\ccs1230\ccs\tools\compiler\ti-cgt-arm_20.2.7.LTS\lib\</path>
         <kind>archive</kind>
         <file>rtsv7M4_T_le_v4SPD16_eabi.lib</file>
         <name>copy_decompress_none.c.obj</name>
      </input_file>
      <input_file id="fl-d9">
         <path>C:\ti\ccs1230\ccs\tools\compiler\ti-cgt-arm_20.2.7.LTS\lib\</path>
         <kind>archive</kind>
         <file>rtsv7M4_T_le_v4SPD16_eabi.lib</file>
         <name>copy_decompress_lzss.c.obj</name>
      </input_file>
      <input_file id="fl-da">
         <path>C:\ti\ccs1230\ccs\tools\compiler\ti-cgt-arm_20.2.7.LTS\lib\</path>
         <kind>archive</kind>
         <file>rtsv7M4_T_le_v4SPD16_eabi.lib</file>
         <name>memory.c.obj</name>
      </input_file>
      <input_file id="fl-db">
         <path>C:\ti\ccs1230\ccs\tools\compiler\ti-cgt-arm_20.2.7.LTS\lib\</path>
         <kind>archive</kind>
         <file>rtsv7M4_T_le_v4SPD16_eabi.lib</file>
         <name>strcmp.c.obj</name>
      </input_file>
      <input_file id="fl-dc">
         <path>C:\ti\ccs1230\ccs\tools\compiler\ti-cgt-arm_20.2.7.LTS\lib\</path>
         <kind>archive</kind>
         <file>rtsv7M4_T_le_v4SPD16_eabi.lib</file>
         <name>strcpy.c.obj</name>
      </input_file>
      <input_file id="fl-dd">
         <path>C:\ti\ccs1230\ccs\tools\compiler\ti-cgt-arm_20.2.7.LTS\lib\</path>
         <kind>archive</kind>
         <file>rtsv7M4_T_le_v4SPD16_eabi.lib</file>
         <name>strlen.c.obj</name>
      </input_file>
      <input_file id="fl-de">
         <path>C:\ti\ccs1230\ccs\tools\compiler\ti-cgt-arm_20.2.7.LTS\lib\</path>
         <kind>archive</kind>
         <file>rtsv7M4_T_le_v4SPD16_eabi.lib</file>
         <name>k_rem_pio2.c.obj</name>
      </input_file>
      <input_file id="fl-df">
         <path>C:\ti\ccs1230\ccs\tools\compiler\ti-cgt-arm_20.2.7.LTS\lib\</path>
         <kind>archive</kind>
         <file>rtsv7M4_T_le_v4SPD16_eabi.lib</file>
         <name>boot_cortex_m.c.obj</name>
      </input_file>
      <input_file id="fl-e0">
         <path>C:\ti\ccs1230\ccs\tools\compiler\ti-cgt-arm_20.2.7.LTS\lib\</path>
         <kind>archive</kind>
         <file>rtsv7M4_T_le_v4SPD16_eabi.lib</file>
         <name>k_cos.c.obj</name>
      </input_file>
      <input_file id="fl-e1">
         <path>C:\ti\ccs1230\ccs\tools\compiler\ti-cgt-arm_20.2.7.LTS\lib\</path>
         <kind>archive</kind>
         <file>rtsv7M4_T_le_v4SPD16_eabi.lib</file>
         <name>k_sin.c.obj</name>
      </input_file>
      <input_file id="fl-e2">
         <path>C:\ti\ccs1230\ccs\tools\compiler\ti-cgt-arm_20.2.7.LTS\lib\</path>
         <kind>archive</kind>
         <file>rtsv7M4_T_le_v4SPD16_eabi.lib</file>
         <name>s_floor.c.obj</name>
      </input_file>
      <input_file id="fl-e3">
         <path>C:\ti\ccs1230\ccs\tools\compiler\ti-cgt-arm_20.2.7.LTS\lib\</path>
         <kind>archive</kind>
         <file>rtsv7M4_T_le_v4SPD16_eabi.lib</file>
         <name>s_scalbn.c.obj</name>
      </input_file>
      <input_file id="fl-e4">
         <path>C:\ti\ccs1230\ccs\tools\compiler\ti-cgt-arm_20.2.7.LTS\lib\</path>
         <kind>archive</kind>
         <file>rtsv7M4_T_le_v4SPD16_eabi.lib</file>
         <name>_printfi.c.obj</name>
      </input_file>
      <input_file id="fl-e5">
         <path>C:\ti\ccs1230\ccs\tools\compiler\ti-cgt-arm_20.2.7.LTS\lib\</path>
         <kind>archive</kind>
         <file>rtsv7M4_T_le_v4SPD16_eabi.lib</file>
         <name>ull_div_t2.asm.obj</name>
      </input_file>
      <input_file id="fl-e6">
         <path>C:\ti\ccs1230\ccs\tools\compiler\ti-cgt-arm_20.2.7.LTS\lib\</path>
         <kind>archive</kind>
         <file>rtsv7M4_T_le_v4SPD16_eabi.lib</file>
         <name>autoinit.c.obj</name>
      </input_file>
      <input_file id="fl-e7">
         <path>C:\ti\ccs1230\ccs\tools\compiler\ti-cgt-arm_20.2.7.LTS\lib\</path>
         <kind>archive</kind>
         <file>rtsv7M4_T_le_v4SPD16_eabi.lib</file>
         <name>pre_init.c.obj</name>
      </input_file>
      <input_file id="fl-e8">
         <path>C:\ti\ccs1230\ccs\tools\compiler\ti-cgt-arm_20.2.7.LTS\lib\</path>
         <kind>archive</kind>
         <file>rtsv7M4_T_le_v4SPD16_eabi.lib</file>
         <name>cpy_tbl.c.obj</name>
      </input_file>
      <input_file id="fl-e9">
         <path>C:\ti\ccs1230\ccs\tools\compiler\ti-cgt-arm_20.2.7.LTS\lib\</path>
         <kind>archive</kind>
         <file>rtsv7M4_T_le_v4SPD16_eabi.lib</file>
         <name>exit.c.obj</name>
      </input_file>
      <input_file id="fl-ea">
         <path>C:\ti\ccs1230\ccs\tools\compiler\ti-cgt-arm_20.2.7.LTS\lib\</path>
         <kind>archive</kind>
         <file>rtsv7M4_T_le_v4SPD16_eabi.lib</file>
         <name>_lock.c.obj</name>
      </input_file>
      <input_file id="fl-eb">
         <path>C:\ti\ccs1230\ccs\tools\compiler\ti-cgt-arm_20.2.7.LTS\lib\</path>
         <kind>archive</kind>
         <file>rtsv7M4_T_le_v4SPD16_eabi.lib</file>
         <name>_ltoa.c.obj</name>
      </input_file>
      <input_file id="fl-ec">
         <path>C:\ti\ccs1230\ccs\tools\compiler\ti-cgt-arm_20.2.7.LTS\lib\</path>
         <kind>archive</kind>
         <file>rtsv7M4_T_le_v4SPD16_eabi.lib</file>
         <name>args_main.c.obj</name>
      </input_file>
      <input_file id="fl-ed">
         <path>C:\ti\ccs1230\ccs\tools\compiler\ti-cgt-arm_20.2.7.LTS\lib\</path>
         <kind>archive</kind>
         <file>rtsv7M4_T_le_v4SPD16_eabi.lib</file>
         <name>atoi.c.obj</name>
      </input_file>
      <input_file id="fl-ee">
         <path>C:\ti\ccs1230\ccs\tools\compiler\ti-cgt-arm_20.2.7.LTS\lib\</path>
         <kind>archive</kind>
         <file>rtsv7M4_T_le_v4SPD16_eabi.lib</file>
         <name>ctype.c.obj</name>
      </input_file>
      <input_file id="fl-ef">
         <path>C:\ti\ccs1230\ccs\tools\compiler\ti-cgt-arm_20.2.7.LTS\lib\</path>
         <kind>archive</kind>
         <file>rtsv7M4_T_le_v4SPD16_eabi.lib</file>
         <name>memccpy.c.obj</name>
      </input_file>
      <input_file id="fl-f0">
         <path>C:\ti\ccs1230\ccs\tools\compiler\ti-cgt-arm_20.2.7.LTS\lib\</path>
         <kind>archive</kind>
         <file>rtsv7M4_T_le_v4SPD16_eabi.lib</file>
         <name>strchr.c.obj</name>
      </input_file>
      <input_file id="fl-f1">
         <path>C:\ti\ccs1230\ccs\tools\compiler\ti-cgt-arm_20.2.7.LTS\lib\</path>
         <kind>archive</kind>
         <file>rtsv7M4_T_le_v4SPD16_eabi.lib</file>
         <name>errno.c.obj</name>
      </input_file>
      <input_file id="fl-f2">
         <path>C:\ti\ccs1230\ccs\tools\compiler\ti-cgt-arm_20.2.7.LTS\lib\</path>
         <kind>archive</kind>
         <file>rtsv7M4_T_le_v4SPD16_eabi.lib</file>
         <name>wcslen.c.obj</name>
      </input_file>
      <input_file id="fl-f3">
         <path>C:\ti\ccs1230\ccs\tools\compiler\ti-cgt-arm_20.2.7.LTS\lib\</path>
         <kind>archive</kind>
         <file>rtsv7M4_T_le_v4SPD16_eabi.lib</file>
         <name>s_copysign.c.obj</name>
      </input_file>
      <input_file id="fl-f4">
         <path>C:\ti\ccs1230\ccs\tools\compiler\ti-cgt-arm_20.2.7.LTS\lib\</path>
         <kind>archive</kind>
         <file>rtsv7M4_T_le_v4SPD16_eabi.lib</file>
         <name>s_frexp.c.obj</name>
      </input_file>
      <input_file id="fl-f5">
         <path>C:\ti\ccs1230\ccs\tools\compiler\ti-cgt-arm_20.2.7.LTS\lib\</path>
         <kind>archive</kind>
         <file>rtsv7M4_T_le_v4SPD16_eabi.lib</file>
         <name>div0.asm.obj</name>
      </input_file>
   </input_file_list>
   <object_component_list>
      <object_component id="oc-12">
         <name>.intvecs</name>
         <load_address>0x0</load_address>
         <run_address>0x0</run_address>
         <size>0x26c</size>
         <input_file_ref idref="fl-6"/>
      </object_component>
      <object_component id="oc-1c8">
         <name>.text:__TI_printfi</name>
         <load_address>0x26c</load_address>
         <run_address>0x26c</run_address>
         <size>0xa4e</size>
         <input_file_ref idref="fl-e4"/>
      </object_component>
      <object_component id="oc-3d2">
         <name>.text</name>
         <load_address>0xcba</load_address>
         <run_address>0xcba</run_address>
         <size>0x2</size>
         <input_file_ref idref="fl-f5"/>
      </object_component>
      <object_component id="oc-20b">
         <name>.text:__kernel_rem_pio2</name>
         <load_address>0xcbc</load_address>
         <run_address>0xcbc</run_address>
         <size>0x738</size>
         <input_file_ref idref="fl-de"/>
      </object_component>
      <object_component id="oc-a2">
         <name>.text</name>
         <load_address>0x13f4</load_address>
         <run_address>0x13f4</run_address>
         <size>0x688</size>
         <input_file_ref idref="fl-4"/>
      </object_component>
      <object_component id="oc-125">
         <name>.text:sin</name>
         <load_address>0x1a7c</load_address>
         <run_address>0x1a7c</run_address>
         <size>0x5e0</size>
         <input_file_ref idref="fl-ca"/>
      </object_component>
      <object_component id="oc-dd">
         <name>.text</name>
         <load_address>0x205c</load_address>
         <run_address>0x205c</run_address>
         <size>0x328</size>
         <input_file_ref idref="fl-3"/>
      </object_component>
      <object_component id="oc-2b5">
         <name>.text:_pconv_a</name>
         <load_address>0x2384</load_address>
         <run_address>0x2384</run_address>
         <size>0x270</size>
         <input_file_ref idref="fl-e4"/>
      </object_component>
      <object_component id="oc-e9">
         <name>.text</name>
         <load_address>0x25f4</load_address>
         <run_address>0x25f4</run_address>
         <size>0x260</size>
         <input_file_ref idref="fl-e"/>
      </object_component>
      <object_component id="oc-d7">
         <name>.text</name>
         <load_address>0x2854</load_address>
         <run_address>0x2854</run_address>
         <size>0x248</size>
         <input_file_ref idref="fl-2"/>
      </object_component>
      <object_component id="oc-1b1">
         <name>.text</name>
         <load_address>0x2a9c</load_address>
         <run_address>0x2a9c</run_address>
         <size>0x1ec</size>
         <input_file_ref idref="fl-10"/>
      </object_component>
      <object_component id="oc-2a3">
         <name>.text:_pconv_g</name>
         <load_address>0x2c88</load_address>
         <run_address>0x2c88</run_address>
         <size>0x1d0</size>
         <input_file_ref idref="fl-e4"/>
      </object_component>
      <object_component id="oc-201">
         <name>.text</name>
         <load_address>0x2e58</load_address>
         <run_address>0x2e58</run_address>
         <size>0x1b6</size>
         <input_file_ref idref="fl-cd"/>
      </object_component>
      <object_component id="oc-1fb">
         <name>.text:__kernel_sin</name>
         <load_address>0x3010</load_address>
         <run_address>0x3010</run_address>
         <size>0x174</size>
         <input_file_ref idref="fl-e1"/>
      </object_component>
      <object_component id="oc-211">
         <name>.text:__kernel_cos</name>
         <load_address>0x3184</load_address>
         <run_address>0x3184</run_address>
         <size>0x170</size>
         <input_file_ref idref="fl-e0"/>
      </object_component>
      <object_component id="oc-e3">
         <name>.text</name>
         <load_address>0x32f4</load_address>
         <run_address>0x32f4</run_address>
         <size>0x15c</size>
         <input_file_ref idref="fl-12"/>
      </object_component>
      <object_component id="oc-1ab">
         <name>.text</name>
         <load_address>0x3450</load_address>
         <run_address>0x3450</run_address>
         <size>0x158</size>
         <input_file_ref idref="fl-11"/>
      </object_component>
      <object_component id="oc-2af">
         <name>.text:_pconv_e</name>
         <load_address>0x35a8</load_address>
         <run_address>0x35a8</run_address>
         <size>0x13c</size>
         <input_file_ref idref="fl-e4"/>
      </object_component>
      <object_component id="oc-358">
         <name>.text</name>
         <load_address>0x36e4</load_address>
         <run_address>0x36e4</run_address>
         <size>0x136</size>
         <input_file_ref idref="fl-cf"/>
      </object_component>
      <object_component id="oc-370">
         <name>.text:fcvt</name>
         <load_address>0x381c</load_address>
         <run_address>0x381c</run_address>
         <size>0x124</size>
         <input_file_ref idref="fl-e4"/>
      </object_component>
      <object_component id="oc-1b7">
         <name>.text</name>
         <load_address>0x3940</load_address>
         <run_address>0x3940</run_address>
         <size>0x118</size>
         <input_file_ref idref="fl-f"/>
      </object_component>
      <object_component id="oc-2e1">
         <name>.text:scalbn</name>
         <load_address>0x3a58</load_address>
         <run_address>0x3a58</run_address>
         <size>0x110</size>
         <input_file_ref idref="fl-e3"/>
      </object_component>
      <object_component id="oc-120">
         <name>.text</name>
         <load_address>0x3b68</load_address>
         <run_address>0x3b68</run_address>
         <size>0xfc</size>
         <input_file_ref idref="fl-d0"/>
      </object_component>
      <object_component id="oc-2e7">
         <name>.text:floor</name>
         <load_address>0x3c64</load_address>
         <run_address>0x3c64</run_address>
         <size>0xf8</size>
         <input_file_ref idref="fl-e2"/>
      </object_component>
      <object_component id="oc-29d">
         <name>.text:_ltostr</name>
         <load_address>0x3d5c</load_address>
         <run_address>0x3d5c</run_address>
         <size>0xb1</size>
         <input_file_ref idref="fl-e4"/>
      </object_component>
      <object_component id="oc-3e">
         <name>.text</name>
         <load_address>0x3e0e</load_address>
         <run_address>0x3e0e</run_address>
         <size>0x9c</size>
         <input_file_ref idref="fl-d5"/>
      </object_component>
      <object_component id="oc-352">
         <name>.text</name>
         <load_address>0x3eaa</load_address>
         <run_address>0x3eaa</run_address>
         <size>0x96</size>
         <input_file_ref idref="fl-e5"/>
      </object_component>
      <object_component id="oc-206">
         <name>.text:__aeabi_cdcmple</name>
         <load_address>0x3f40</load_address>
         <run_address>0x3f40</run_address>
         <size>0x86</size>
         <input_file_ref idref="fl-ce"/>
      </object_component>
      <object_component id="oc-2ed">
         <name>.text:__aeabi_cdrcmple</name>
         <load_address>0x3fc6</load_address>
         <run_address>0x3fc6</run_address>
         <size>0x86</size>
         <input_file_ref idref="fl-ce"/>
      </object_component>
      <object_component id="oc-96">
         <name>.text</name>
         <load_address>0x404c</load_address>
         <run_address>0x404c</run_address>
         <size>0x7a</size>
         <input_file_ref idref="fl-d6"/>
      </object_component>
      <object_component id="oc-369">
         <name>.text:_mcpy</name>
         <load_address>0x40c6</load_address>
         <run_address>0x40c6</run_address>
         <size>0x6e</size>
         <input_file_ref idref="fl-e4"/>
      </object_component>
      <object_component id="oc-15">
         <name>.text:decompress:lzss:__TI_decompress_lzss</name>
         <load_address>0x4134</load_address>
         <run_address>0x4134</run_address>
         <size>0x68</size>
         <input_file_ref idref="fl-d9"/>
      </object_component>
      <object_component id="oc-37e">
         <name>.text:frexp</name>
         <load_address>0x419c</load_address>
         <run_address>0x419c</run_address>
         <size>0x64</size>
         <input_file_ref idref="fl-f4"/>
      </object_component>
      <object_component id="oc-2a9">
         <name>.text:_pconv_f</name>
         <load_address>0x4200</load_address>
         <run_address>0x4200</run_address>
         <size>0x56</size>
         <input_file_ref idref="fl-e4"/>
      </object_component>
      <object_component id="oc-35d">
         <name>.text:__TI_ltoa</name>
         <load_address>0x4256</load_address>
         <run_address>0x4256</run_address>
         <size>0x54</size>
         <input_file_ref idref="fl-eb"/>
      </object_component>
      <object_component id="oc-363">
         <name>.text:_ecpy</name>
         <load_address>0x42aa</load_address>
         <run_address>0x42aa</run_address>
         <size>0x52</size>
         <input_file_ref idref="fl-e4"/>
      </object_component>
      <object_component id="oc-297">
         <name>.text:atoi</name>
         <load_address>0x42fc</load_address>
         <run_address>0x42fc</run_address>
         <size>0x4c</size>
         <input_file_ref idref="fl-ed"/>
      </object_component>
      <object_component id="oc-12b">
         <name>.text</name>
         <load_address>0x4348</load_address>
         <run_address>0x4348</run_address>
         <size>0x48</size>
         <input_file_ref idref="fl-d1"/>
      </object_component>
      <object_component id="oc-142">
         <name>.text:__TI_auto_init_nobinit_nopinit:__TI_auto_init_nobinit_nopinit</name>
         <load_address>0x4390</load_address>
         <run_address>0x4390</run_address>
         <size>0x44</size>
         <input_file_ref idref="fl-e6"/>
      </object_component>
      <object_component id="oc-f5">
         <name>.text:sprintf</name>
         <load_address>0x43d4</load_address>
         <run_address>0x43d4</run_address>
         <size>0x40</size>
         <input_file_ref idref="fl-cb"/>
      </object_component>
      <object_component id="oc-188">
         <name>.text:vsnprintf</name>
         <load_address>0x4414</load_address>
         <run_address>0x4414</run_address>
         <size>0x40</size>
         <input_file_ref idref="fl-cc"/>
      </object_component>
      <object_component id="oc-376">
         <name>.text:_fcpy</name>
         <load_address>0x4454</load_address>
         <run_address>0x4454</run_address>
         <size>0x3e</size>
         <input_file_ref idref="fl-e4"/>
      </object_component>
      <object_component id="oc-fb">
         <name>.text</name>
         <load_address>0x4492</load_address>
         <run_address>0x4492</run_address>
         <size>0x38</size>
         <input_file_ref idref="fl-d3"/>
      </object_component>
      <object_component id="oc-176">
         <name>.text:IntRegister</name>
         <load_address>0x44cc</load_address>
         <run_address>0x44cc</run_address>
         <size>0x34</size>
         <input_file_ref idref="fl-13"/>
      </object_component>
      <object_component id="oc-5c">
         <name>.text:_c_int00_noargs:_c_int00_noargs</name>
         <load_address>0x4500</load_address>
         <run_address>0x4500</run_address>
         <size>0x34</size>
         <input_file_ref idref="fl-df"/>
      </object_component>
      <object_component id="oc-24b">
         <name>.text:_outs</name>
         <load_address>0x4534</load_address>
         <run_address>0x4534</run_address>
         <size>0x30</size>
         <input_file_ref idref="fl-cc"/>
      </object_component>
      <object_component id="oc-11b">
         <name>.text</name>
         <load_address>0x4564</load_address>
         <run_address>0x4564</run_address>
         <size>0x2e</size>
         <input_file_ref idref="fl-d4"/>
      </object_component>
      <object_component id="oc-4a">
         <name>.text:decompress:ZI:__TI_zero_init_nomemset:__TI_zero_init_nomemset</name>
         <load_address>0x4592</load_address>
         <run_address>0x4592</run_address>
         <size>0x1c</size>
         <input_file_ref idref="fl-d7"/>
      </object_component>
      <object_component id="oc-2bb">
         <name>.text:memccpy</name>
         <load_address>0x45ae</load_address>
         <run_address>0x45ae</run_address>
         <size>0x1c</size>
         <input_file_ref idref="fl-ef"/>
      </object_component>
      <object_component id="oc-3a7">
         <name>.text:copysign</name>
         <load_address>0x45ca</load_address>
         <run_address>0x45ca</run_address>
         <size>0x1a</size>
         <input_file_ref idref="fl-f3"/>
      </object_component>
      <object_component id="oc-251">
         <name>.text:_outc</name>
         <load_address>0x45e4</load_address>
         <run_address>0x45e4</run_address>
         <size>0x18</size>
         <input_file_ref idref="fl-cc"/>
      </object_component>
      <object_component id="oc-1ce">
         <name>.text:_outs</name>
         <load_address>0x45fc</load_address>
         <run_address>0x45fc</run_address>
         <size>0x18</size>
         <input_file_ref idref="fl-cb"/>
      </object_component>
      <object_component id="oc-18e">
         <name>.text:strcmp</name>
         <load_address>0x4614</load_address>
         <run_address>0x4614</run_address>
         <size>0x18</size>
         <input_file_ref idref="fl-db"/>
      </object_component>
      <object_component id="oc-384">
         <name>.text:strchr</name>
         <load_address>0x462c</load_address>
         <run_address>0x462c</run_address>
         <size>0x16</size>
         <input_file_ref idref="fl-f0"/>
      </object_component>
      <object_component id="oc-194">
         <name>.text:strcpy</name>
         <load_address>0x4642</load_address>
         <run_address>0x4642</run_address>
         <size>0x14</size>
         <input_file_ref idref="fl-dc"/>
      </object_component>
      <object_component id="oc-ef">
         <name>.text:strlen</name>
         <load_address>0x4656</load_address>
         <run_address>0x4656</run_address>
         <size>0x14</size>
         <input_file_ref idref="fl-dd"/>
      </object_component>
      <object_component id="oc-2c1">
         <name>.text:wcslen</name>
         <load_address>0x466a</load_address>
         <run_address>0x466a</run_address>
         <size>0x12</size>
         <input_file_ref idref="fl-f2"/>
      </object_component>
      <object_component id="oc-27d">
         <name>.text:IntMasterEnable</name>
         <load_address>0x467c</load_address>
         <run_address>0x467c</run_address>
         <size>0x10</size>
         <input_file_ref idref="fl-13"/>
      </object_component>
      <object_component id="oc-181">
         <name>.text:lcd_clear</name>
         <load_address>0x468c</load_address>
         <run_address>0x468c</run_address>
         <size>0x10</size>
         <input_file_ref idref="fl-3"/>
      </object_component>
      <object_component id="oc-1b">
         <name>.text:decompress:none:__TI_decompress_none</name>
         <load_address>0x469c</load_address>
         <run_address>0x469c</run_address>
         <size>0xe</size>
         <input_file_ref idref="fl-d8"/>
      </object_component>
      <object_component id="oc-342">
         <name>.text:CPUcpsie</name>
         <load_address>0x46aa</load_address>
         <run_address>0x46aa</run_address>
         <size>0xc</size>
         <input_file_ref idref="fl-14"/>
      </object_component>
      <object_component id="oc-2a">
         <name>.text</name>
         <load_address>0x46b6</load_address>
         <run_address>0x46b6</run_address>
         <size>0xc</size>
         <input_file_ref idref="fl-6"/>
      </object_component>
      <object_component id="oc-1d4">
         <name>.text:_outc</name>
         <load_address>0x46c2</load_address>
         <run_address>0x46c2</run_address>
         <size>0xa</size>
         <input_file_ref idref="fl-cb"/>
      </object_component>
      <object_component id="oc-2c7">
         <name>.text:__aeabi_errno_addr</name>
         <load_address>0x46cc</load_address>
         <run_address>0x46cc</run_address>
         <size>0x8</size>
         <input_file_ref idref="fl-f1"/>
      </object_component>
      <object_component id="oc-9c">
         <name>.text:_system_pre_init</name>
         <load_address>0x46d4</load_address>
         <run_address>0x46d4</run_address>
         <size>0x4</size>
         <input_file_ref idref="fl-e7"/>
      </object_component>
      <object_component id="oc-136">
         <name>.text:abort:abort</name>
         <load_address>0x46d8</load_address>
         <run_address>0x46d8</run_address>
         <size>0x4</size>
         <input_file_ref idref="fl-e9"/>
      </object_component>
      <object_component id="oc-2f2">
         <name>.const:$O1$$</name>
         <load_address>0x46e0</load_address>
         <run_address>0x46e0</run_address>
         <size>0x158</size>
         <input_file_ref idref="fl-de"/>
      </object_component>
      <object_component id="oc-34d">
         <name>.const:.string:_ctypes_</name>
         <load_address>0x4838</load_address>
         <run_address>0x4838</run_address>
         <size>0x101</size>
         <input_file_ref idref="fl-ee"/>
      </object_component>
      <object_component id="oc-109">
         <name>.const:.string:$P$T1$2</name>
         <load_address>0x4939</load_address>
         <run_address>0x4939</run_address>
         <size>0xe</size>
         <input_file_ref idref="fl-4"/>
      </object_component>
      <object_component id="oc-10c">
         <name>.const:.string:$P$T2$3</name>
         <load_address>0x4947</load_address>
         <run_address>0x4947</run_address>
         <size>0x9</size>
         <input_file_ref idref="fl-4"/>
      </object_component>
      <object_component id="oc-115">
         <name>.const:.string:$P$T5$6</name>
         <load_address>0x4950</load_address>
         <run_address>0x4950</run_address>
         <size>0x9</size>
         <input_file_ref idref="fl-4"/>
      </object_component>
      <object_component id="oc-106">
         <name>.const:.string:$P$T0$1</name>
         <load_address>0x4959</load_address>
         <run_address>0x4959</run_address>
         <size>0x8</size>
         <input_file_ref idref="fl-4"/>
      </object_component>
      <object_component id="oc-10f">
         <name>.const:.string:$P$T3$4</name>
         <load_address>0x4961</load_address>
         <run_address>0x4961</run_address>
         <size>0x8</size>
         <input_file_ref idref="fl-4"/>
      </object_component>
      <object_component id="oc-112">
         <name>.const:.string:$P$T4$5</name>
         <load_address>0x4969</load_address>
         <run_address>0x4969</run_address>
         <size>0x6</size>
         <input_file_ref idref="fl-4"/>
      </object_component>
      <object_component id="oc-118">
         <name>.const:.string:$P$T6$7</name>
         <load_address>0x496f</load_address>
         <run_address>0x496f</run_address>
         <size>0x6</size>
         <input_file_ref idref="fl-4"/>
      </object_component>
      <object_component id="oc-19a">
         <name>.const:.string:lineAddress$1</name>
         <load_address>0x4975</load_address>
         <run_address>0x4975</run_address>
         <size>0x4</size>
         <input_file_ref idref="fl-3"/>
      </object_component>
      <object_component id="oc-19b">
         <name>.const:.string:lineAddresses$2</name>
         <load_address>0x4979</load_address>
         <run_address>0x4979</run_address>
         <size>0x4</size>
         <input_file_ref idref="fl-3"/>
      </object_component>
      <object_component id="oc-42c">
         <name>__TI_handler_table</name>
         <load_address>0x4980</load_address>
         <run_address>0x4980</run_address>
         <size>0xc</size>
      </object_component>
      <object_component id="oc-430">
         <name>.cinit..bss.load</name>
         <load_address>0x4990</load_address>
         <run_address>0x4990</run_address>
         <size>0x8</size>
      </object_component>
      <object_component id="oc-42e">
         <name>.cinit..vtable.load</name>
         <load_address>0x4998</load_address>
         <run_address>0x4998</run_address>
         <size>0x8</size>
      </object_component>
      <object_component id="oc-42f">
         <name>.cinit..data.load</name>
         <load_address>0x49a0</load_address>
         <run_address>0x49a0</run_address>
         <size>0x7</size>
      </object_component>
      <object_component id="oc-42d">
         <name>__TI_cinit_table</name>
         <load_address>0x49a8</load_address>
         <run_address>0x49a8</run_address>
         <size>0x18</size>
      </object_component>
      <object_component id="oc-23f">
         <name>.vtable</name>
         <uninitialized>true</uninitialized>
         <run_address>0x20000000</run_address>
         <size>0x26c</size>
         <input_file_ref idref="fl-13"/>
      </object_component>
      <object_component id="oc-17c">
         <name>.data</name>
         <load_address>0x20002324</load_address>
         <run_address>0x20002324</run_address>
         <size>0x1</size>
         <input_file_ref idref="fl-2"/>
      </object_component>
      <object_component id="oc-1bd">
         <name>.data</name>
         <load_address>0x20002318</load_address>
         <run_address>0x20002318</run_address>
         <size>0x4</size>
         <input_file_ref idref="fl-e"/>
      </object_component>
      <object_component id="oc-1a7">
         <name>.data</name>
         <load_address>0x2000231c</load_address>
         <run_address>0x2000231c</run_address>
         <size>0x4</size>
         <input_file_ref idref="fl-12"/>
      </object_component>
      <object_component id="oc-394">
         <name>.data</name>
         <load_address>0x20002320</load_address>
         <run_address>0x20002320</run_address>
         <size>0x4</size>
         <input_file_ref idref="fl-f1"/>
      </object_component>
      <object_component id="oc-19c">
         <name>.bss:lastbuffer$3</name>
         <uninitialized>true</uninitialized>
         <run_address>0x20002270</run_address>
         <size>0x54</size>
         <input_file_ref idref="fl-3"/>
      </object_component>
      <object_component id="oc-17f">
         <name>.common:_timeout_ticks</name>
         <uninitialized>true</uninitialized>
         <run_address>0x200022f8</run_address>
         <size>0x4</size>
      </object_component>
      <object_component id="oc-100">
         <name>.common:right_calibration_value</name>
         <uninitialized>true</uninitialized>
         <run_address>0x2000230c</run_address>
         <size>0x4</size>
      </object_component>
      <object_component id="oc-105">
         <name>.common:left_calibration_value</name>
         <uninitialized>true</uninitialized>
         <run_address>0x20002304</run_address>
         <size>0x4</size>
      </object_component>
      <object_component id="oc-28f">
         <name>.common:isr_int_value</name>
         <uninitialized>true</uninitialized>
         <run_address>0x20002300</run_address>
         <size>0x4</size>
      </object_component>
      <object_component id="oc-286">
         <name>.common:risingEdge</name>
         <uninitialized>true</uninitialized>
         <run_address>0x20002310</run_address>
         <size>0x4</size>
      </object_component>
      <object_component id="oc-287">
         <name>.common:fallingEdge</name>
         <uninitialized>true</uninitialized>
         <run_address>0x200022fc</run_address>
         <size>0x4</size>
      </object_component>
      <object_component id="oc-288">
         <name>.common:pulseLength</name>
         <uninitialized>true</uninitialized>
         <run_address>0x20002308</run_address>
         <size>0x4</size>
      </object_component>
      <object_component id="oc-283">
         <name>.common:isRisingEdge</name>
         <uninitialized>true</uninitialized>
         <run_address>0x20002314</run_address>
         <size>0x1</size>
      </object_component>
      <object_component id="oc-1a4">
         <name>.common:isr_char_buffer</name>
         <uninitialized>true</uninitialized>
         <run_address>0x200022c4</run_address>
         <size>0x34</size>
      </object_component>
      <object_component id="oc-24">
         <name>.sysmem</name>
         <uninitialized>true</uninitialized>
         <run_address>0x20001270</run_address>
         <size>0x10</size>
         <input_file_ref idref="fl-da"/>
      </object_component>
      <object_component id="oc-433">
         <name>.sysmem</name>
         <uninitialized>true</uninitialized>
         <run_address>0x20001270</run_address>
         <size>0x0</size>
      </object_component>
      <object_component id="oc-27">
         <name>.stack</name>
         <uninitialized>true</uninitialized>
         <run_address>0x20000270</run_address>
         <size>0x4</size>
         <input_file_ref idref="fl-df"/>
      </object_component>
      <object_component id="oc-432">
         <name>.stack</name>
         <uninitialized>true</uninitialized>
         <run_address>0x20000270</run_address>
         <size>0x0</size>
      </object_component>
      <object_component id="oc-c5">
         <name>.debug_info</name>
         <load_address>0x0</load_address>
         <run_address>0x0</run_address>
         <size>0x2b1</size>
         <input_file_ref idref="fl-2"/>
      </object_component>
      <object_component id="oc-17d">
         <name>.debug_info</name>
         <load_address>0x2b1</load_address>
         <run_address>0x2b1</run_address>
         <size>0xbf</size>
         <input_file_ref idref="fl-2"/>
      </object_component>
      <object_component id="oc-d8">
         <name>.debug_info</name>
         <load_address>0x370</load_address>
         <run_address>0x370</run_address>
         <size>0x507</size>
         <input_file_ref idref="fl-2"/>
      </object_component>
      <object_component id="oc-77">
         <name>.debug_info</name>
         <load_address>0x877</load_address>
         <run_address>0x877</run_address>
         <size>0x26b</size>
         <input_file_ref idref="fl-2"/>
      </object_component>
      <object_component id="oc-39">
         <name>.debug_info</name>
         <load_address>0xae2</load_address>
         <run_address>0xae2</run_address>
         <size>0x84</size>
         <input_file_ref idref="fl-2"/>
      </object_component>
      <object_component id="oc-c0">
         <name>.debug_info</name>
         <load_address>0xb66</load_address>
         <run_address>0xb66</run_address>
         <size>0x2a4</size>
         <input_file_ref idref="fl-2"/>
      </object_component>
      <object_component id="oc-7c">
         <name>.debug_info</name>
         <load_address>0xe0a</load_address>
         <run_address>0xe0a</run_address>
         <size>0xbb</size>
         <input_file_ref idref="fl-2"/>
      </object_component>
      <object_component id="oc-19e">
         <name>.debug_info</name>
         <load_address>0xec5</load_address>
         <run_address>0xec5</run_address>
         <size>0x37f</size>
         <input_file_ref idref="fl-3"/>
      </object_component>
      <object_component id="oc-182">
         <name>.debug_info</name>
         <load_address>0x1244</load_address>
         <run_address>0x1244</run_address>
         <size>0x114</size>
         <input_file_ref idref="fl-3"/>
      </object_component>
      <object_component id="oc-de">
         <name>.debug_info</name>
         <load_address>0x1358</load_address>
         <run_address>0x1358</run_address>
         <size>0x8a0</size>
         <input_file_ref idref="fl-3"/>
      </object_component>
      <object_component id="oc-269">
         <name>.debug_info</name>
         <load_address>0x1bf8</load_address>
         <run_address>0x1bf8</run_address>
         <size>0xcc</size>
         <input_file_ref idref="fl-3"/>
      </object_component>
      <object_component id="oc-19f">
         <name>.debug_info</name>
         <load_address>0x1cc4</load_address>
         <run_address>0x1cc4</run_address>
         <size>0x2c</size>
         <input_file_ref idref="fl-3"/>
      </object_component>
      <object_component id="oc-1df">
         <name>.debug_info</name>
         <load_address>0x1cf0</load_address>
         <run_address>0x1cf0</run_address>
         <size>0x35</size>
         <input_file_ref idref="fl-3"/>
      </object_component>
      <object_component id="oc-101">
         <name>.debug_info</name>
         <load_address>0x1d25</load_address>
         <run_address>0x1d25</run_address>
         <size>0x555</size>
         <input_file_ref idref="fl-4"/>
      </object_component>
      <object_component id="oc-107">
         <name>.debug_info</name>
         <load_address>0x227a</load_address>
         <run_address>0x227a</run_address>
         <size>0xbb</size>
         <input_file_ref idref="fl-4"/>
      </object_component>
      <object_component id="oc-10a">
         <name>.debug_info</name>
         <load_address>0x2335</load_address>
         <run_address>0x2335</run_address>
         <size>0xbb</size>
         <input_file_ref idref="fl-4"/>
      </object_component>
      <object_component id="oc-10d">
         <name>.debug_info</name>
         <load_address>0x23f0</load_address>
         <run_address>0x23f0</run_address>
         <size>0xbb</size>
         <input_file_ref idref="fl-4"/>
      </object_component>
      <object_component id="oc-110">
         <name>.debug_info</name>
         <load_address>0x24ab</load_address>
         <run_address>0x24ab</run_address>
         <size>0xbb</size>
         <input_file_ref idref="fl-4"/>
      </object_component>
      <object_component id="oc-113">
         <name>.debug_info</name>
         <load_address>0x2566</load_address>
         <run_address>0x2566</run_address>
         <size>0xbb</size>
         <input_file_ref idref="fl-4"/>
      </object_component>
      <object_component id="oc-116">
         <name>.debug_info</name>
         <load_address>0x2621</load_address>
         <run_address>0x2621</run_address>
         <size>0xbb</size>
         <input_file_ref idref="fl-4"/>
      </object_component>
      <object_component id="oc-119">
         <name>.debug_info</name>
         <load_address>0x26dc</load_address>
         <run_address>0x26dc</run_address>
         <size>0xbb</size>
         <input_file_ref idref="fl-4"/>
      </object_component>
      <object_component id="oc-a3">
         <name>.debug_info</name>
         <load_address>0x2797</load_address>
         <run_address>0x2797</run_address>
         <size>0x970</size>
         <input_file_ref idref="fl-4"/>
      </object_component>
      <object_component id="oc-131">
         <name>.debug_info</name>
         <load_address>0x3107</load_address>
         <run_address>0x3107</run_address>
         <size>0x9d</size>
         <input_file_ref idref="fl-4"/>
      </object_component>
      <object_component id="oc-1e4">
         <name>.debug_info</name>
         <load_address>0x31a4</load_address>
         <run_address>0x31a4</run_address>
         <size>0x110</size>
         <input_file_ref idref="fl-4"/>
      </object_component>
      <object_component id="oc-28a">
         <name>.debug_info</name>
         <load_address>0x32b4</load_address>
         <run_address>0x32b4</run_address>
         <size>0x8b</size>
         <input_file_ref idref="fl-5"/>
      </object_component>
      <object_component id="oc-32">
         <name>.debug_info</name>
         <load_address>0x333f</load_address>
         <run_address>0x333f</run_address>
         <size>0x29b</size>
         <input_file_ref idref="fl-6"/>
      </object_component>
      <object_component id="oc-13">
         <name>.debug_info</name>
         <load_address>0x35da</load_address>
         <run_address>0x35da</run_address>
         <size>0xda</size>
         <input_file_ref idref="fl-6"/>
      </object_component>
      <object_component id="oc-2d">
         <name>.debug_info</name>
         <load_address>0x36b4</load_address>
         <run_address>0x36b4</run_address>
         <size>0x256</size>
         <input_file_ref idref="fl-6"/>
      </object_component>
      <object_component id="oc-103">
         <name>.debug_info</name>
         <load_address>0x390a</load_address>
         <run_address>0x390a</run_address>
         <size>0x485</size>
         <input_file_ref idref="fl-e"/>
      </object_component>
      <object_component id="oc-1be">
         <name>.debug_info</name>
         <load_address>0x3d8f</load_address>
         <run_address>0x3d8f</run_address>
         <size>0x114</size>
         <input_file_ref idref="fl-e"/>
      </object_component>
      <object_component id="oc-ec">
         <name>.debug_info</name>
         <load_address>0x3ea3</load_address>
         <run_address>0x3ea3</run_address>
         <size>0x4ce</size>
         <input_file_ref idref="fl-e"/>
      </object_component>
      <object_component id="oc-1c1">
         <name>.debug_info</name>
         <load_address>0x4371</load_address>
         <run_address>0x4371</run_address>
         <size>0x9d</size>
         <input_file_ref idref="fl-e"/>
      </object_component>
      <object_component id="oc-290">
         <name>.debug_info</name>
         <load_address>0x440e</load_address>
         <run_address>0x440e</run_address>
         <size>0x2b7</size>
         <input_file_ref idref="fl-f"/>
      </object_component>
      <object_component id="oc-1bb">
         <name>.debug_info</name>
         <load_address>0x46c5</load_address>
         <run_address>0x46c5</run_address>
         <size>0x266</size>
         <input_file_ref idref="fl-f"/>
      </object_component>
      <object_component id="oc-284">
         <name>.debug_info</name>
         <load_address>0x492b</load_address>
         <run_address>0x492b</run_address>
         <size>0x3ba</size>
         <input_file_ref idref="fl-10"/>
      </object_component>
      <object_component id="oc-1b5">
         <name>.debug_info</name>
         <load_address>0x4ce5</load_address>
         <run_address>0x4ce5</run_address>
         <size>0x270</size>
         <input_file_ref idref="fl-10"/>
      </object_component>
      <object_component id="oc-1af">
         <name>.debug_info</name>
         <load_address>0x4f55</load_address>
         <run_address>0x4f55</run_address>
         <size>0x296</size>
         <input_file_ref idref="fl-11"/>
      </object_component>
      <object_component id="oc-1a5">
         <name>.debug_info</name>
         <load_address>0x51eb</load_address>
         <run_address>0x51eb</run_address>
         <size>0x326</size>
         <input_file_ref idref="fl-12"/>
      </object_component>
      <object_component id="oc-1a8">
         <name>.debug_info</name>
         <load_address>0x5511</load_address>
         <run_address>0x5511</run_address>
         <size>0xee</size>
         <input_file_ref idref="fl-12"/>
      </object_component>
      <object_component id="oc-e7">
         <name>.debug_info</name>
         <load_address>0x55ff</load_address>
         <run_address>0x55ff</run_address>
         <size>0x43b</size>
         <input_file_ref idref="fl-12"/>
      </object_component>
      <object_component id="oc-275">
         <name>.debug_info</name>
         <load_address>0x5a3a</load_address>
         <run_address>0x5a3a</run_address>
         <size>0x26b</size>
         <input_file_ref idref="fl-12"/>
      </object_component>
      <object_component id="oc-33d">
         <name>.debug_info</name>
         <load_address>0x5ca5</load_address>
         <run_address>0x5ca5</run_address>
         <size>0x297</size>
         <input_file_ref idref="fl-12"/>
      </object_component>
      <object_component id="oc-270">
         <name>.debug_info</name>
         <load_address>0x5f3c</load_address>
         <run_address>0x5f3c</run_address>
         <size>0xbb</size>
         <input_file_ref idref="fl-12"/>
      </object_component>
      <object_component id="oc-248">
         <name>.debug_info</name>
         <load_address>0x5ff7</load_address>
         <run_address>0x5ff7</run_address>
         <size>0x3b7</size>
         <input_file_ref idref="fl-13"/>
      </object_component>
      <object_component id="oc-240">
         <name>.debug_info</name>
         <load_address>0x63ae</load_address>
         <run_address>0x63ae</run_address>
         <size>0x160</size>
         <input_file_ref idref="fl-13"/>
      </object_component>
      <object_component id="oc-17a">
         <name>.debug_info</name>
         <load_address>0x650e</load_address>
         <run_address>0x650e</run_address>
         <size>0x2ca</size>
         <input_file_ref idref="fl-13"/>
      </object_component>
      <object_component id="oc-281">
         <name>.debug_info</name>
         <load_address>0x67d8</load_address>
         <run_address>0x67d8</run_address>
         <size>0x247</size>
         <input_file_ref idref="fl-13"/>
      </object_component>
      <object_component id="oc-330">
         <name>.debug_info</name>
         <load_address>0x6a1f</load_address>
         <run_address>0x6a1f</run_address>
         <size>0x26b</size>
         <input_file_ref idref="fl-13"/>
      </object_component>
      <object_component id="oc-329">
         <name>.debug_info</name>
         <load_address>0x6c8a</load_address>
         <run_address>0x6c8a</run_address>
         <size>0x297</size>
         <input_file_ref idref="fl-13"/>
      </object_component>
      <object_component id="oc-243">
         <name>.debug_info</name>
         <load_address>0x6f21</load_address>
         <run_address>0x6f21</run_address>
         <size>0xbb</size>
         <input_file_ref idref="fl-13"/>
      </object_component>
      <object_component id="oc-343">
         <name>.debug_info</name>
         <load_address>0x6fdc</load_address>
         <run_address>0x6fdc</run_address>
         <size>0x21b</size>
         <input_file_ref idref="fl-14"/>
      </object_component>
      <object_component id="oc-218">
         <name>.debug_info</name>
         <load_address>0x71f7</load_address>
         <run_address>0x71f7</run_address>
         <size>0x361</size>
         <input_file_ref idref="fl-ca"/>
      </object_component>
      <object_component id="oc-127">
         <name>.debug_info</name>
         <load_address>0x7558</load_address>
         <run_address>0x7558</run_address>
         <size>0x7ae</size>
         <input_file_ref idref="fl-ca"/>
      </object_component>
      <object_component id="oc-301">
         <name>.debug_info</name>
         <load_address>0x7d06</load_address>
         <run_address>0x7d06</run_address>
         <size>0x46</size>
         <input_file_ref idref="fl-ca"/>
      </object_component>
      <object_component id="oc-219">
         <name>.debug_info</name>
         <load_address>0x7d4c</load_address>
         <run_address>0x7d4c</run_address>
         <size>0x39</size>
         <input_file_ref idref="fl-ca"/>
      </object_component>
      <object_component id="oc-1db">
         <name>.debug_info</name>
         <load_address>0x7d85</load_address>
         <run_address>0x7d85</run_address>
         <size>0x333</size>
         <input_file_ref idref="fl-cb"/>
      </object_component>
      <object_component id="oc-f6">
         <name>.debug_info</name>
         <load_address>0x80b8</load_address>
         <run_address>0x80b8</run_address>
         <size>0x1d1</size>
         <input_file_ref idref="fl-cb"/>
      </object_component>
      <object_component id="oc-1d2">
         <name>.debug_info</name>
         <load_address>0x8289</load_address>
         <run_address>0x8289</run_address>
         <size>0x18d</size>
         <input_file_ref idref="fl-cb"/>
      </object_component>
      <object_component id="oc-1d7">
         <name>.debug_info</name>
         <load_address>0x8416</load_address>
         <run_address>0x8416</run_address>
         <size>0x16d</size>
         <input_file_ref idref="fl-cb"/>
      </object_component>
      <object_component id="oc-259">
         <name>.debug_info</name>
         <load_address>0x8583</load_address>
         <run_address>0x8583</run_address>
         <size>0x2c</size>
         <input_file_ref idref="fl-cb"/>
      </object_component>
      <object_component id="oc-258">
         <name>.debug_info</name>
         <load_address>0x85af</load_address>
         <run_address>0x85af</run_address>
         <size>0x340</size>
         <input_file_ref idref="fl-cc"/>
      </object_component>
      <object_component id="oc-18b">
         <name>.debug_info</name>
         <load_address>0x88ef</load_address>
         <run_address>0x88ef</run_address>
         <size>0x208</size>
         <input_file_ref idref="fl-cc"/>
      </object_component>
      <object_component id="oc-24f">
         <name>.debug_info</name>
         <load_address>0x8af7</load_address>
         <run_address>0x8af7</run_address>
         <size>0x1c6</size>
         <input_file_ref idref="fl-cc"/>
      </object_component>
      <object_component id="oc-255">
         <name>.debug_info</name>
         <load_address>0x8cbd</load_address>
         <run_address>0x8cbd</run_address>
         <size>0x179</size>
         <input_file_ref idref="fl-cc"/>
      </object_component>
      <object_component id="oc-25e">
         <name>.debug_info</name>
         <load_address>0x8e36</load_address>
         <run_address>0x8e36</run_address>
         <size>0x69</size>
         <input_file_ref idref="fl-cc"/>
      </object_component>
      <object_component id="oc-203">
         <name>.debug_info</name>
         <load_address>0x8e9f</load_address>
         <run_address>0x8e9f</run_address>
         <size>0x14c</size>
         <input_file_ref idref="fl-cd"/>
      </object_component>
      <object_component id="oc-208">
         <name>.debug_info</name>
         <load_address>0x8feb</load_address>
         <run_address>0x8feb</run_address>
         <size>0x128</size>
         <input_file_ref idref="fl-ce"/>
      </object_component>
      <object_component id="oc-2ee">
         <name>.debug_info</name>
         <load_address>0x9113</load_address>
         <run_address>0x9113</run_address>
         <size>0x12a</size>
         <input_file_ref idref="fl-ce"/>
      </object_component>
      <object_component id="oc-359">
         <name>.debug_info</name>
         <load_address>0x923d</load_address>
         <run_address>0x923d</run_address>
         <size>0x13a</size>
         <input_file_ref idref="fl-cf"/>
      </object_component>
      <object_component id="oc-123">
         <name>.debug_info</name>
         <load_address>0x9377</load_address>
         <run_address>0x9377</run_address>
         <size>0x13a</size>
         <input_file_ref idref="fl-d0"/>
      </object_component>
      <object_component id="oc-12c">
         <name>.debug_info</name>
         <load_address>0x94b1</load_address>
         <run_address>0x94b1</run_address>
         <size>0x12e</size>
         <input_file_ref idref="fl-d1"/>
      </object_component>
      <object_component id="oc-fd">
         <name>.debug_info</name>
         <load_address>0x95df</load_address>
         <run_address>0x95df</run_address>
         <size>0x12c</size>
         <input_file_ref idref="fl-d3"/>
      </object_component>
      <object_component id="oc-11e">
         <name>.debug_info</name>
         <load_address>0x970b</load_address>
         <run_address>0x970b</run_address>
         <size>0x12c</size>
         <input_file_ref idref="fl-d4"/>
      </object_component>
      <object_component id="oc-41">
         <name>.debug_info</name>
         <load_address>0x9837</load_address>
         <run_address>0x9837</run_address>
         <size>0x119</size>
         <input_file_ref idref="fl-d5"/>
      </object_component>
      <object_component id="oc-98">
         <name>.debug_info</name>
         <load_address>0x9950</load_address>
         <run_address>0x9950</run_address>
         <size>0x147</size>
         <input_file_ref idref="fl-d6"/>
      </object_component>
      <object_component id="oc-95">
         <name>.debug_info</name>
         <load_address>0x9a97</load_address>
         <run_address>0x9a97</run_address>
         <size>0x2d4</size>
         <input_file_ref idref="fl-d7"/>
      </object_component>
      <object_component id="oc-4d">
         <name>.debug_info</name>
         <load_address>0x9d6b</load_address>
         <run_address>0x9d6b</run_address>
         <size>0x1d2</size>
         <input_file_ref idref="fl-d7"/>
      </object_component>
      <object_component id="oc-90">
         <name>.debug_info</name>
         <load_address>0x9f3d</load_address>
         <run_address>0x9f3d</run_address>
         <size>0x46</size>
         <input_file_ref idref="fl-d7"/>
      </object_component>
      <object_component id="oc-ce">
         <name>.debug_info</name>
         <load_address>0x9f83</load_address>
         <run_address>0x9f83</run_address>
         <size>0x2c</size>
         <input_file_ref idref="fl-d7"/>
      </object_component>
      <object_component id="oc-49">
         <name>.debug_info</name>
         <load_address>0x9faf</load_address>
         <run_address>0x9faf</run_address>
         <size>0x2a8</size>
         <input_file_ref idref="fl-d8"/>
      </object_component>
      <object_component id="oc-1c">
         <name>.debug_info</name>
         <load_address>0xa257</load_address>
         <run_address>0xa257</run_address>
         <size>0x1ea</size>
         <input_file_ref idref="fl-d8"/>
      </object_component>
      <object_component id="oc-44">
         <name>.debug_info</name>
         <load_address>0xa441</load_address>
         <run_address>0xa441</run_address>
         <size>0x46</size>
         <input_file_ref idref="fl-d8"/>
      </object_component>
      <object_component id="oc-88">
         <name>.debug_info</name>
         <load_address>0xa487</load_address>
         <run_address>0xa487</run_address>
         <size>0x2c</size>
         <input_file_ref idref="fl-d8"/>
      </object_component>
      <object_component id="oc-86">
         <name>.debug_info</name>
         <load_address>0xa4b3</load_address>
         <run_address>0xa4b3</run_address>
         <size>0x29e</size>
         <input_file_ref idref="fl-d9"/>
      </object_component>
      <object_component id="oc-16">
         <name>.debug_info</name>
         <load_address>0xa751</load_address>
         <run_address>0xa751</run_address>
         <size>0x250</size>
         <input_file_ref idref="fl-d9"/>
      </object_component>
      <object_component id="oc-34">
         <name>.debug_info</name>
         <load_address>0xa9a1</load_address>
         <run_address>0xa9a1</run_address>
         <size>0x60</size>
         <input_file_ref idref="fl-d9"/>
      </object_component>
      <object_component id="oc-c7">
         <name>.debug_info</name>
         <load_address>0xaa01</load_address>
         <run_address>0xaa01</run_address>
         <size>0x46</size>
         <input_file_ref idref="fl-d9"/>
      </object_component>
      <object_component id="oc-81">
         <name>.debug_info</name>
         <load_address>0xaa47</load_address>
         <run_address>0xaa47</run_address>
         <size>0x39</size>
         <input_file_ref idref="fl-d9"/>
      </object_component>
      <object_component id="oc-70">
         <name>.debug_info</name>
         <load_address>0xaa80</load_address>
         <run_address>0xaa80</run_address>
         <size>0x3b2</size>
         <input_file_ref idref="fl-da"/>
      </object_component>
      <object_component id="oc-25">
         <name>.debug_info</name>
         <load_address>0xae32</load_address>
         <run_address>0xae32</run_address>
         <size>0x10c</size>
         <input_file_ref idref="fl-da"/>
      </object_component>
      <object_component id="oc-bb">
         <name>.debug_info</name>
         <load_address>0xaf3e</load_address>
         <run_address>0xaf3e</run_address>
         <size>0xb2</size>
         <input_file_ref idref="fl-da"/>
      </object_component>
      <object_component id="oc-b6">
         <name>.debug_info</name>
         <load_address>0xaff0</load_address>
         <run_address>0xaff0</run_address>
         <size>0x2c</size>
         <input_file_ref idref="fl-da"/>
      </object_component>
      <object_component id="oc-264">
         <name>.debug_info</name>
         <load_address>0xb01c</load_address>
         <run_address>0xb01c</run_address>
         <size>0x28a</size>
         <input_file_ref idref="fl-db"/>
      </object_component>
      <object_component id="oc-190">
         <name>.debug_info</name>
         <load_address>0xb2a6</load_address>
         <run_address>0xb2a6</run_address>
         <size>0x273</size>
         <input_file_ref idref="fl-db"/>
      </object_component>
      <object_component id="oc-266">
         <name>.debug_info</name>
         <load_address>0xb519</load_address>
         <run_address>0xb519</run_address>
         <size>0x2a4</size>
         <input_file_ref idref="fl-dc"/>
      </object_component>
      <object_component id="oc-196">
         <name>.debug_info</name>
         <load_address>0xb7bd</load_address>
         <run_address>0xb7bd</run_address>
         <size>0x24d</size>
         <input_file_ref idref="fl-dc"/>
      </object_component>
      <object_component id="oc-1c7">
         <name>.debug_info</name>
         <load_address>0xba0a</load_address>
         <run_address>0xba0a</run_address>
         <size>0x28f</size>
         <input_file_ref idref="fl-dd"/>
      </object_component>
      <object_component id="oc-f1">
         <name>.debug_info</name>
         <load_address>0xbc99</load_address>
         <run_address>0xbc99</run_address>
         <size>0x245</size>
         <input_file_ref idref="fl-dd"/>
      </object_component>
      <object_component id="oc-2f6">
         <name>.debug_info</name>
         <load_address>0xbede</load_address>
         <run_address>0xbede</run_address>
         <size>0x3aa</size>
         <input_file_ref idref="fl-de"/>
      </object_component>
      <object_component id="oc-2f3">
         <name>.debug_info</name>
         <load_address>0xc288</load_address>
         <run_address>0xc288</run_address>
         <size>0x13a</size>
         <input_file_ref idref="fl-de"/>
      </object_component>
      <object_component id="oc-20c">
         <name>.debug_info</name>
         <load_address>0xc3c2</load_address>
         <run_address>0xc3c2</run_address>
         <size>0x72f</size>
         <input_file_ref idref="fl-de"/>
      </object_component>
      <object_component id="oc-3b6">
         <name>.debug_info</name>
         <load_address>0xcaf1</load_address>
         <run_address>0xcaf1</run_address>
         <size>0x39</size>
         <input_file_ref idref="fl-de"/>
      </object_component>
      <object_component id="oc-2f8">
         <name>.debug_info</name>
         <load_address>0xcb2a</load_address>
         <run_address>0xcb2a</run_address>
         <size>0x2c</size>
         <input_file_ref idref="fl-de"/>
      </object_component>
      <object_component id="oc-28">
         <name>.debug_info</name>
         <load_address>0xcb56</load_address>
         <run_address>0xcb56</run_address>
         <size>0x10b</size>
         <input_file_ref idref="fl-df"/>
      </object_component>
      <object_component id="oc-5d">
         <name>.debug_info</name>
         <load_address>0xcc61</load_address>
         <run_address>0xcc61</run_address>
         <size>0x1a9</size>
         <input_file_ref idref="fl-df"/>
      </object_component>
      <object_component id="oc-2fe">
         <name>.debug_info</name>
         <load_address>0xce0a</load_address>
         <run_address>0xce0a</run_address>
         <size>0x288</size>
         <input_file_ref idref="fl-e0"/>
      </object_component>
      <object_component id="oc-212">
         <name>.debug_info</name>
         <load_address>0xd092</load_address>
         <run_address>0xd092</run_address>
         <size>0x327</size>
         <input_file_ref idref="fl-e0"/>
      </object_component>
      <object_component id="oc-2de">
         <name>.debug_info</name>
         <load_address>0xd3b9</load_address>
         <run_address>0xd3b9</run_address>
         <size>0x28d</size>
         <input_file_ref idref="fl-e1"/>
      </object_component>
      <object_component id="oc-1fd">
         <name>.debug_info</name>
         <load_address>0xd646</load_address>
         <run_address>0xd646</run_address>
         <size>0x380</size>
         <input_file_ref idref="fl-e1"/>
      </object_component>
      <object_component id="oc-3b0">
         <name>.debug_info</name>
         <load_address>0xd9c6</load_address>
         <run_address>0xd9c6</run_address>
         <size>0x28a</size>
         <input_file_ref idref="fl-e2"/>
      </object_component>
      <object_component id="oc-2e9">
         <name>.debug_info</name>
         <load_address>0xdc50</load_address>
         <run_address>0xdc50</run_address>
         <size>0x22a</size>
         <input_file_ref idref="fl-e2"/>
      </object_component>
      <object_component id="oc-3ae">
         <name>.debug_info</name>
         <load_address>0xde7a</load_address>
         <run_address>0xde7a</run_address>
         <size>0x2f8</size>
         <input_file_ref idref="fl-e3"/>
      </object_component>
      <object_component id="oc-2e2">
         <name>.debug_info</name>
         <load_address>0xe172</load_address>
         <run_address>0xe172</run_address>
         <size>0x225</size>
         <input_file_ref idref="fl-e3"/>
      </object_component>
      <object_component id="oc-2ce">
         <name>.debug_info</name>
         <load_address>0xe397</load_address>
         <run_address>0xe397</run_address>
         <size>0x590</size>
         <input_file_ref idref="fl-e4"/>
      </object_component>
      <object_component id="oc-29e">
         <name>.debug_info</name>
         <load_address>0xe927</load_address>
         <run_address>0xe927</run_address>
         <size>0x21e</size>
         <input_file_ref idref="fl-e4"/>
      </object_component>
      <object_component id="oc-365">
         <name>.debug_info</name>
         <load_address>0xeb45</load_address>
         <run_address>0xeb45</run_address>
         <size>0x1b3</size>
         <input_file_ref idref="fl-e4"/>
      </object_component>
      <object_component id="oc-36a">
         <name>.debug_info</name>
         <load_address>0xecf8</load_address>
         <run_address>0xecf8</run_address>
         <size>0x21b</size>
         <input_file_ref idref="fl-e4"/>
      </object_component>
      <object_component id="oc-2a5">
         <name>.debug_info</name>
         <load_address>0xef13</load_address>
         <run_address>0xef13</run_address>
         <size>0x3c0</size>
         <input_file_ref idref="fl-e4"/>
      </object_component>
      <object_component id="oc-371">
         <name>.debug_info</name>
         <load_address>0xf2d3</load_address>
         <run_address>0xf2d3</run_address>
         <size>0x30a</size>
         <input_file_ref idref="fl-e4"/>
      </object_component>
      <object_component id="oc-378">
         <name>.debug_info</name>
         <load_address>0xf5dd</load_address>
         <run_address>0xf5dd</run_address>
         <size>0x215</size>
         <input_file_ref idref="fl-e4"/>
      </object_component>
      <object_component id="oc-2ab">
         <name>.debug_info</name>
         <load_address>0xf7f2</load_address>
         <run_address>0xf7f2</run_address>
         <size>0x215</size>
         <input_file_ref idref="fl-e4"/>
      </object_component>
      <object_component id="oc-2b1">
         <name>.debug_info</name>
         <load_address>0xfa07</load_address>
         <run_address>0xfa07</run_address>
         <size>0x304</size>
         <input_file_ref idref="fl-e4"/>
      </object_component>
      <object_component id="oc-2b7">
         <name>.debug_info</name>
         <load_address>0xfd0b</load_address>
         <run_address>0xfd0b</run_address>
         <size>0x4b5</size>
         <input_file_ref idref="fl-e4"/>
      </object_component>
      <object_component id="oc-1c9">
         <name>.debug_info</name>
         <load_address>0x101c0</load_address>
         <run_address>0x101c0</run_address>
         <size>0x5f4</size>
         <input_file_ref idref="fl-e4"/>
      </object_component>
      <object_component id="oc-2cf">
         <name>.debug_info</name>
         <load_address>0x107b4</load_address>
         <run_address>0x107b4</run_address>
         <size>0x86</size>
         <input_file_ref idref="fl-e4"/>
      </object_component>
      <object_component id="oc-39b">
         <name>.debug_info</name>
         <load_address>0x1083a</load_address>
         <run_address>0x1083a</run_address>
         <size>0x39</size>
         <input_file_ref idref="fl-e4"/>
      </object_component>
      <object_component id="oc-3f0">
         <name>.debug_info</name>
         <load_address>0x10873</load_address>
         <run_address>0x10873</run_address>
         <size>0xb6</size>
         <input_file_ref idref="fl-e4"/>
      </object_component>
      <object_component id="oc-3a0">
         <name>.debug_info</name>
         <load_address>0x10929</load_address>
         <run_address>0x10929</run_address>
         <size>0x46</size>
         <input_file_ref idref="fl-e4"/>
      </object_component>
      <object_component id="oc-2d4">
         <name>.debug_info</name>
         <load_address>0x1096f</load_address>
         <run_address>0x1096f</run_address>
         <size>0x46</size>
         <input_file_ref idref="fl-e4"/>
      </object_component>
      <object_component id="oc-355">
         <name>.debug_info</name>
         <load_address>0x109b5</load_address>
         <run_address>0x109b5</run_address>
         <size>0x134</size>
         <input_file_ref idref="fl-e5"/>
      </object_component>
      <object_component id="oc-22a">
         <name>.debug_info</name>
         <load_address>0x10ae9</load_address>
         <run_address>0x10ae9</run_address>
         <size>0x4b3</size>
         <input_file_ref idref="fl-e6"/>
      </object_component>
      <object_component id="oc-144">
         <name>.debug_info</name>
         <load_address>0x10f9c</load_address>
         <run_address>0x10f9c</run_address>
         <size>0x1a6</size>
         <input_file_ref idref="fl-e6"/>
      </object_component>
      <object_component id="oc-316">
         <name>.debug_info</name>
         <load_address>0x11142</load_address>
         <run_address>0x11142</run_address>
         <size>0x39</size>
         <input_file_ref idref="fl-e6"/>
      </object_component>
      <object_component id="oc-3c0">
         <name>.debug_info</name>
         <load_address>0x1117b</load_address>
         <run_address>0x1117b</run_address>
         <size>0x39</size>
         <input_file_ref idref="fl-e6"/>
      </object_component>
      <object_component id="oc-31b">
         <name>.debug_info</name>
         <load_address>0x111b4</load_address>
         <run_address>0x111b4</run_address>
         <size>0x39</size>
         <input_file_ref idref="fl-e6"/>
      </object_component>
      <object_component id="oc-320">
         <name>.debug_info</name>
         <load_address>0x111ed</load_address>
         <run_address>0x111ed</run_address>
         <size>0xcd</size>
         <input_file_ref idref="fl-e6"/>
      </object_component>
      <object_component id="oc-9d">
         <name>.debug_info</name>
         <load_address>0x112ba</load_address>
         <run_address>0x112ba</run_address>
         <size>0x153</size>
         <input_file_ref idref="fl-e7"/>
      </object_component>
      <object_component id="oc-137">
         <name>.debug_info</name>
         <load_address>0x1140d</load_address>
         <run_address>0x1140d</run_address>
         <size>0x122</size>
         <input_file_ref idref="fl-e9"/>
      </object_component>
      <object_component id="oc-3da">
         <name>.debug_info</name>
         <load_address>0x1152f</load_address>
         <run_address>0x1152f</run_address>
         <size>0x29c</size>
         <input_file_ref idref="fl-eb"/>
      </object_component>
      <object_component id="oc-35f">
         <name>.debug_info</name>
         <load_address>0x117cb</load_address>
         <run_address>0x117cb</run_address>
         <size>0x1da</size>
         <input_file_ref idref="fl-eb"/>
      </object_component>
      <object_component id="oc-351">
         <name>.debug_info</name>
         <load_address>0x119a5</load_address>
         <run_address>0x119a5</run_address>
         <size>0x2b9</size>
         <input_file_ref idref="fl-ed"/>
      </object_component>
      <object_component id="oc-298">
         <name>.debug_info</name>
         <load_address>0x11c5e</load_address>
         <run_address>0x11c5e</run_address>
         <size>0x17c</size>
         <input_file_ref idref="fl-ed"/>
      </object_component>
      <object_component id="oc-3cf">
         <name>.debug_info</name>
         <load_address>0x11dda</load_address>
         <run_address>0x11dda</run_address>
         <size>0xf9</size>
         <input_file_ref idref="fl-ee"/>
      </object_component>
      <object_component id="oc-34e">
         <name>.debug_info</name>
         <load_address>0x11ed3</load_address>
         <run_address>0x11ed3</run_address>
         <size>0x105</size>
         <input_file_ref idref="fl-ee"/>
      </object_component>
      <object_component id="oc-38c">
         <name>.debug_info</name>
         <load_address>0x11fd8</load_address>
         <run_address>0x11fd8</run_address>
         <size>0x2a7</size>
         <input_file_ref idref="fl-ef"/>
      </object_component>
      <object_component id="oc-2be">
         <name>.debug_info</name>
         <load_address>0x1227f</load_address>
         <run_address>0x1227f</run_address>
         <size>0x1b8</size>
         <input_file_ref idref="fl-ef"/>
      </object_component>
      <object_component id="oc-3e2">
         <name>.debug_info</name>
         <load_address>0x12437</load_address>
         <run_address>0x12437</run_address>
         <size>0x29a</size>
         <input_file_ref idref="fl-f0"/>
      </object_component>
      <object_component id="oc-387">
         <name>.debug_info</name>
         <load_address>0x126d1</load_address>
         <run_address>0x126d1</run_address>
         <size>0x262</size>
         <input_file_ref idref="fl-f0"/>
      </object_component>
      <object_component id="oc-398">
         <name>.debug_info</name>
         <load_address>0x12933</load_address>
         <run_address>0x12933</run_address>
         <size>0x289</size>
         <input_file_ref idref="fl-f1"/>
      </object_component>
      <object_component id="oc-395">
         <name>.debug_info</name>
         <load_address>0x12bbc</load_address>
         <run_address>0x12bbc</run_address>
         <size>0x10e</size>
         <input_file_ref idref="fl-f1"/>
      </object_component>
      <object_component id="oc-2c9">
         <name>.debug_info</name>
         <load_address>0x12cca</load_address>
         <run_address>0x12cca</run_address>
         <size>0x14e</size>
         <input_file_ref idref="fl-f1"/>
      </object_component>
      <object_component id="oc-393">
         <name>.debug_info</name>
         <load_address>0x12e18</load_address>
         <run_address>0x12e18</run_address>
         <size>0x28f</size>
         <input_file_ref idref="fl-f2"/>
      </object_component>
      <object_component id="oc-2c5">
         <name>.debug_info</name>
[...]
         <value>0x200022f8</value>
      </symbol>
      <symbol id="sm-77">
         <name>timer_pause</name>
         <value>0x28f7</value>
         <object_component_ref idref="oc-d7"/>
      </symbol>
      <symbol id="sm-78">
         <name>timer_resume</name>
         <value>0x2909</value>
         <object_component_ref idref="oc-d7"/>
      </symbol>
      <symbol id="sm-79">
         <name>timer_getMillis</name>
         <value>0x291b</value>
         <object_component_ref idref="oc-d7"/>
      </symbol>
      <symbol id="sm-7a">
         <name>_running</name>
         <value>0x20002324</value>
         <object_component_ref idref="oc-17c"/>
      </symbol>
      <symbol id="sm-7b">
         <name>timer_init</name>
         <value>0x2855</value>
         <object_component_ref idref="oc-d7"/>
      </symbol>
      <symbol id="sm-7c">
         <name>timer_stop</name>
         <value>0x28cd</value>
         <object_component_ref idref="oc-d7"/>
      </symbol>
      <symbol id="sm-7d">
         <name>timer_getMicros</name>
         <value>0x2973</value>
         <object_component_ref idref="oc-d7"/>
      </symbol>
      <symbol id="sm-7e">
         <name>timer_waitMillis</name>
         <value>0x29ff</value>
         <object_component_ref idref="oc-d7"/>
      </symbol>
      <symbol id="sm-7f">
         <name>timer_waitMicros</name>
         <value>0x29cd</value>
         <object_component_ref idref="oc-d7"/>
      </symbol>
      <symbol id="sm-cb">
         <name>lcd_sendCommand</name>
         <value>0x21af</value>
         <object_component_ref idref="oc-dd"/>
      </symbol>
      <symbol id="sm-cc">
         <name>lcd_sendNibble</name>
         <value>0x21ed</value>
         <object_component_ref idref="oc-dd"/>
      </symbol>
      <symbol id="sm-cd">
         <name>lcd_clear</name>
         <value>0x468d</value>
         <object_component_ref idref="oc-181"/>
      </symbol>
      <symbol id="sm-ce">
         <name>lcd_printf</name>
         <value>0x2297</value>
         <object_component_ref idref="oc-dd"/>
      </symbol>
      <symbol id="sm-cf">
         <name>lcd_setCursorPos</name>
         <value>0x2259</value>
         <object_component_ref idref="oc-dd"/>
      </symbol>
      <symbol id="sm-d0">
         <name>lcd_init</name>
         <value>0x2099</value>
         <object_component_ref idref="oc-dd"/>
      </symbol>
      <symbol id="sm-d1">
         <name>lcd_puts</name>
         <value>0x2191</value>
         <object_component_ref idref="oc-dd"/>
      </symbol>
      <symbol id="sm-d2">
         <name>lcd_putc</name>
         <value>0x2159</value>
         <object_component_ref idref="oc-dd"/>
      </symbol>
      <symbol id="sm-d3">
         <name>lcd_reverseNibble</name>
         <value>0x205d</value>
         <object_component_ref idref="oc-dd"/>
      </symbol>
      <symbol id="sm-d4">
         <name>lcd_gotoLine</name>
         <value>0x2231</value>
         <object_component_ref idref="oc-dd"/>
      </symbol>
      <symbol id="sm-174">
         <name>right_calibration_value</name>
         <value>0x2000230c</value>
      </symbol>
      <symbol id="sm-175">
         <name>left_calibration_value</name>
         <value>0x20002304</value>
      </symbol>
      <symbol id="sm-176">
         <name>main</name>
         <value>0x13f5</value>
         <object_component_ref idref="oc-a2"/>
      </symbol>
      <symbol id="sm-198">
         <name>ResetISR</name>
         <value>0x46b7</value>
         <object_component_ref idref="oc-2a"/>
      </symbol>
      <symbol id="sm-199">
         <name>g_pfnVectors</name>
         <value>0x0</value>
         <object_component_ref idref="oc-12"/>
      </symbol>
      <symbol id="sm-1d5">
         <name>cyBOT_SERVO_cal</name>
         <value>0x26cd</value>
         <object_component_ref idref="oc-e9"/>
      </symbol>
      <symbol id="sm-1d6">
         <name>cyBOT_Scan</name>
         <value>0x265b</value>
         <object_component_ref idref="oc-e9"/>
      </symbol>
      <symbol id="sm-1d7">
         <name>cyBOT_scan_features</name>
         <value>0x20002318</value>
         <object_component_ref idref="oc-1bd"/>
      </symbol>
      <symbol id="sm-1d8">
         <name>cyBOT_scan_version</name>
         <value>0x25f5</value>
         <object_component_ref idref="oc-e9"/>
      </symbol>
      <symbol id="sm-1d9">
         <name>cyBOT_init_Scan</name>
         <value>0x2603</value>
         <object_component_ref idref="oc-e9"/>
      </symbol>
      <symbol id="sm-200">
         <name>isr_int_value</name>
         <value>0x20002300</value>
      </symbol>
      <symbol id="sm-201">
         <name>ir_enableInterrupt</name>
         <value>0x39ef</value>
         <object_component_ref idref="oc-1b7"/>
      </symbol>
      <symbol id="sm-202">
         <name>ir_getDistance</name>
         <value>0x39d1</value>
         <object_component_ref idref="oc-1b7"/>
      </symbol>
      <symbol id="sm-203">
         <name>ir_init</name>
         <value>0x3941</value>
         <object_component_ref idref="oc-1b7"/>
      </symbol>
      <symbol id="sm-204">
         <name>ADC0SS0_Handler</name>
         <value>0x39d9</value>
         <object_component_ref idref="oc-1b7"/>
      </symbol>
      <symbol id="sm-205">
         <name>ir_getValue</name>
         <value>0x39a9</value>
         <object_component_ref idref="oc-1b7"/>
      </symbol>
      <symbol id="sm-234">
         <name>risingEdge</name>
         <value>0x20002310</value>
      </symbol>
      <symbol id="sm-235">
         <name>fallingEdge</name>
         <value>0x200022fc</value>
      </symbol>
      <symbol id="sm-236">
         <name>pulseLength</name>
         <value>0x20002308</value>
      </symbol>
      <symbol id="sm-237">
         <name>isRisingEdge</name>
         <value>0x20002314</value>
      </symbol>
      <symbol id="sm-238">
         <name>TIMER3B_Handler</name>
         <value>0x2b8d</value>
         <object_component_ref idref="oc-1b1"/>
      </symbol>
      <symbol id="sm-239">
         <name>ping_init</name>
         <value>0x2a9d</value>
         <object_component_ref idref="oc-1b1"/>
      </symbol>
      <symbol id="sm-23a">
         <name>ping_getDistance</name>
         <value>0x2bdf</value>
         <object_component_ref idref="oc-1b1"/>
      </symbol>
      <symbol id="sm-23b">
         <name>ping_trigger</name>
         <value>0x2b23</value>
         <object_component_ref idref="oc-1b1"/>
      </symbol>
      <symbol id="sm-25d">
         <name>servo_move</name>
         <value>0x34e1</value>
         <object_component_ref idref="oc-1ab"/>
      </symbol>
      <symbol id="sm-25e">
         <name>servo_init</name>
         <value>0x3451</value>
         <object_component_ref idref="oc-1ab"/>
      </symbol>
      <symbol id="sm-25f">
         <name>servo_stop</name>
         <value>0x34d5</value>
         <object_component_ref idref="oc-1ab"/>
      </symbol>
      <symbol id="sm-260">
         <name>servo_setPWM</name>
         <value>0x3541</value>
         <object_component_ref idref="oc-1ab"/>
      </symbol>
      <symbol id="sm-29c">
         <name>isr_char_buffer</name>
         <value>0x200022c4</value>
      </symbol>
      <symbol id="sm-29d">
         <name>cyBot_getByte</name>
         <value>0x33e3</value>
         <object_component_ref idref="oc-e3"/>
      </symbol>
      <symbol id="sm-29e">
         <name>cyBot_sendByte</name>
         <value>0x32f5</value>
         <object_component_ref idref="oc-e3"/>
      </symbol>
      <symbol id="sm-29f">
         <name>cyBot_uart_sendStr</name>
         <value>0x3301</value>
         <object_component_ref idref="oc-e3"/>
      </symbol>
      <symbol id="sm-2a0">
         <name>isr_counter</name>
         <value>0x2000231c</value>
         <object_component_ref idref="oc-1a7"/>
      </symbol>
      <symbol id="sm-2a1">
         <name>cyBot_uart_sendBuffer</name>
         <value>0x331b</value>
         <object_component_ref idref="oc-e3"/>
      </symbol>
      <symbol id="sm-2a2">
         <name>cyBot_uart_flush</name>
         <value>0x33c5</value>
         <object_component_ref idref="oc-e3"/>
      </symbol>
      <symbol id="sm-2a3">
         <name>cyBot_UART1_Handler</name>
         <value>0x33fd</value>
         <object_component_ref idref="oc-e3"/>
      </symbol>
      <symbol id="sm-2a4">
         <name>cyBot_uart_init</name>
         <value>0x3333</value>
         <object_component_ref idref="oc-e3"/>
      </symbol>
      <symbol id="sm-2d3">
         <name>IntRegister</name>
         <value>0x44cd</value>
         <object_component_ref idref="oc-176"/>
      </symbol>
      <symbol id="sm-2d4">
         <name>g_pfnRAMVectors</name>
         <value>0x20000000</value>
         <object_component_ref idref="oc-23f"/>
      </symbol>
      <symbol id="sm-2d5">
         <name>IntMasterEnable</name>
         <value>0x467d</value>
         <object_component_ref idref="oc-27d"/>
      </symbol>
      <symbol id="sm-2df">
         <name>CPUcpsie</name>
         <value>0x46ab</value>
         <object_component_ref idref="oc-342"/>
      </symbol>
      <symbol id="sm-339">
         <name>sin</name>
         <value>0x1a7d</value>
         <object_component_ref idref="oc-125"/>
      </symbol>
      <symbol id="sm-33a">
         <name>sinl</name>
         <value>0x1a7d</value>
         <object_component_ref idref="oc-125"/>
      </symbol>
      <symbol id="sm-361">
         <name>sprintf</name>
         <value>0x43d5</value>
         <object_component_ref idref="oc-f5"/>
      </symbol>
      <symbol id="sm-38b">
         <name>vsnprintf</name>
         <value>0x4415</value>
         <object_component_ref idref="oc-188"/>
      </symbol>
      <symbol id="sm-3a2">
         <name>__aeabi_dsub</name>
         <value>0x2e59</value>
         <object_component_ref idref="oc-201"/>
      </symbol>
      <symbol id="sm-3a3">
         <name>__aeabi_dadd</name>
         <value>0x2e63</value>
         <object_component_ref idref="oc-201"/>
      </symbol>
      <symbol id="sm-3c5">
         <name>__aeabi_cdcmpeq</name>
         <value>0x3f41</value>
         <object_component_ref idref="oc-206"/>
      </symbol>
      <symbol id="sm-3c6">
         <name>__aeabi_cdcmple</name>
         <value>0x3f41</value>
         <object_component_ref idref="oc-206"/>
      </symbol>
      <symbol id="sm-3c7">
         <name>__aeabi_cdrcmple</name>
         <value>0x3fc7</value>
         <object_component_ref idref="oc-2ed"/>
      </symbol>
      <symbol id="sm-3db">
         <name>__aeabi_ddiv</name>
         <value>0x36e5</value>
         <object_component_ref idref="oc-358"/>
      </symbol>
      <symbol id="sm-3e6">
         <name>__aeabi_dmul</name>
         <value>0x3b69</value>
         <object_component_ref idref="oc-120"/>
      </symbol>
      <symbol id="sm-3f0">
         <name>__aeabi_d2iz</name>
         <value>0x4349</value>
         <object_component_ref idref="oc-12b"/>
      </symbol>
      <symbol id="sm-3fc">
         <name>__aeabi_f2d</name>
         <value>0x4493</value>
         <object_component_ref idref="oc-fb"/>
      </symbol>
      <symbol id="sm-406">
         <name>__aeabi_i2d</name>
         <value>0x4565</value>
         <object_component_ref idref="oc-11b"/>
      </symbol>
      <symbol id="sm-421">
         <name>memcpy</name>
         <value>0x3e0f</value>
         <object_component_ref idref="oc-3e"/>
      </symbol>
      <symbol id="sm-422">
         <name>__aeabi_memcpy</name>
         <value>0x3e0f</value>
         <object_component_ref idref="oc-3e"/>
      </symbol>
      <symbol id="sm-423">
         <name>__aeabi_memcpy8</name>
         <value>0x3e0f</value>
         <object_component_ref idref="oc-3e"/>
      </symbol>
      <symbol id="sm-424">
         <name>__aeabi_memcpy4</name>
         <value>0x3e0f</value>
         <object_component_ref idref="oc-3e"/>
      </symbol>
      <symbol id="sm-433">
         <name>__aeabi_memset</name>
         <value>0x404f</value>
         <object_component_ref idref="oc-96"/>
      </symbol>
      <symbol id="sm-434">
         <name>memset</name>
         <value>0x4055</value>
         <object_component_ref idref="oc-96"/>
      </symbol>
      <symbol id="sm-435">
         <name>__aeabi_memset8</name>
         <value>0x404f</value>
         <object_component_ref idref="oc-96"/>
      </symbol>
      <symbol id="sm-436">
         <name>__aeabi_memset4</name>
         <value>0x404f</value>
         <object_component_ref idref="oc-96"/>
      </symbol>
      <symbol id="sm-437">
         <name>__aeabi_memclr8</name>
         <value>0x404d</value>
         <object_component_ref idref="oc-96"/>
      </symbol>
      <symbol id="sm-438">
         <name>__aeabi_memclr4</name>
         <value>0x404d</value>
         <object_component_ref idref="oc-96"/>
      </symbol>
      <symbol id="sm-439">
         <name>__aeabi_memclr</name>
         <value>0x404d</value>
         <object_component_ref idref="oc-96"/>
      </symbol>
      <symbol id="sm-452">
         <name>__TI_zero_init_nomemset</name>
         <value>0x4593</value>
         <object_component_ref idref="oc-4a"/>
      </symbol>
      <symbol id="sm-469">
         <name>__TI_decompress_none</name>
         <value>0x469d</value>
         <object_component_ref idref="oc-1b"/>
      </symbol>
      <symbol id="sm-48c">
         <name>__TI_decompress_lzss</name>
         <value>0x4135</value>
         <object_component_ref idref="oc-15"/>
      </symbol>
      <symbol id="sm-4a1">
         <name>_sys_memory</name>
         <value>0x20001270</value>
         <object_component_ref idref="oc-24"/>
      </symbol>
      <symbol id="sm-4b0">
         <name>strcmp</name>
         <value>0x4615</value>
         <object_component_ref idref="oc-18e"/>
      </symbol>
      <symbol id="sm-4be">
         <name>strcpy</name>
         <value>0x4643</value>
         <object_component_ref idref="oc-194"/>
      </symbol>
      <symbol id="sm-4cc">
         <name>strlen</name>
         <value>0x4657</value>
         <object_component_ref idref="oc-ef"/>
      </symbol>
      <symbol id="sm-53c">
         <name>__kernel_rem_pio2</name>
         <value>0xcbd</value>
         <object_component_ref idref="oc-20b"/>
      </symbol>
      <symbol id="sm-54f">
         <name>__stack</name>
         <value>0x20000270</value>
         <object_component_ref idref="oc-27"/>
      </symbol>
      <symbol id="sm-550">
         <name>_c_int00_noargs</name>
         <value>0x4501</value>
         <object_component_ref idref="oc-5c"/>
      </symbol>
      <symbol id="sm-566">
         <name>__kernel_cos</name>
         <value>0x3185</value>
         <object_component_ref idref="oc-211"/>
      </symbol>
      <symbol id="sm-57d">
         <name>__kernel_sin</name>
         <value>0x3011</value>
         <object_component_ref idref="oc-1fb"/>
      </symbol>
      <symbol id="sm-59a">
         <name>floorl</name>
         <value>0x3c65</value>
         <object_component_ref idref="oc-2e7"/>
      </symbol>
      <symbol id="sm-59b">
         <name>floor</name>
         <value>0x3c65</value>
         <object_component_ref idref="oc-2e7"/>
      </symbol>
      <symbol id="sm-5b8">
         <name>scalbn</name>
         <value>0x3a59</value>
         <object_component_ref idref="oc-2e1"/>
      </symbol>
      <symbol id="sm-5b9">
         <name>scalbnl</name>
         <value>0x3a59</value>
         <object_component_ref idref="oc-2e1"/>
      </symbol>
      <symbol id="sm-5ba">
         <name>ldexpl</name>
         <value>0x3a59</value>
         <object_component_ref idref="oc-2e1"/>
      </symbol>
      <symbol id="sm-5bb">
         <name>ldexp</name>
         <value>0x3a59</value>
         <object_component_ref idref="oc-2e1"/>
      </symbol>
      <symbol id="sm-720">
         <name>__TI_printfi</name>
         <value>0x26d</value>
         <object_component_ref idref="oc-1c8"/>
      </symbol>
      <symbol id="sm-72d">
         <name>__aeabi_uldivmod</name>
         <value>0x3eab</value>
         <object_component_ref idref="oc-352"/>
      </symbol>
      <symbol id="sm-755">
         <name>__TI_auto_init_nobinit_nopinit</name>
         <value>0x4391</value>
         <object_component_ref idref="oc-142"/>
      </symbol>
      <symbol id="sm-75f">
         <name>_system_pre_init</name>
         <value>0x46d5</value>
         <object_component_ref idref="oc-9c"/>
      </symbol>
      <symbol id="sm-76b">
         <name>C$$EXIT</name>
         <value>0x46d9</value>
         <object_component_ref idref="oc-136"/>
      </symbol>
      <symbol id="sm-76c">
         <name>abort</name>
         <value>0x46d9</value>
         <object_component_ref idref="oc-136"/>
      </symbol>
      <symbol id="sm-77c">
         <name>__TI_ltoa</name>
         <value>0x4257</value>
         <object_component_ref idref="oc-35d"/>
      </symbol>
      <symbol id="sm-793">
         <name>atoi</name>
         <value>0x42fd</value>
         <object_component_ref idref="oc-297"/>
      </symbol>
      <symbol id="sm-79e">
         <name>_ctypes_</name>
         <value>0x4838</value>
         <object_component_ref idref="oc-34d"/>
      </symbol>
      <symbol id="sm-7ae">
         <name>memccpy</name>
         <value>0x45af</value>
         <object_component_ref idref="oc-2bb"/>
      </symbol>
      <symbol id="sm-7be">
         <name>strchr</name>
         <value>0x462d</value>
         <object_component_ref idref="oc-384"/>
      </symbol>
      <symbol id="sm-7d4">
         <name>__aeabi_errno_addr</name>
         <value>0x46cd</value>
         <object_component_ref idref="oc-2c7"/>
      </symbol>
      <symbol id="sm-7d5">
         <name>errno</name>
         <value>0x20002320</value>
         <object_component_ref idref="oc-394"/>
      </symbol>
      <symbol id="sm-7ee">
         <name>wcslen</name>
         <value>0x466b</value>
         <object_component_ref idref="oc-2c1"/>
      </symbol>
      <symbol id="sm-7f8">
         <name>copysign</name>
         <value>0x45cb</value>
         <object_component_ref idref="oc-3a7"/>
      </symbol>
      <symbol id="sm-7f9">
         <name>copysignl</name>
         <value>0x45cb</value>
         <object_component_ref idref="oc-3a7"/>
      </symbol>
      <symbol id="sm-80f">
         <name>frexpl</name>
         <value>0x419d</value>
         <object_component_ref idref="oc-37e"/>
      </symbol>
      <symbol id="sm-810">
         <name>frexp</name>
         <value>0x419d</value>
         <object_component_ref idref="oc-37e"/>
      </symbol>
      <symbol id="sm-81a">
         <name>__aeabi_idiv0</name>
         <value>0xcbb</value>
         <object_component_ref idref="oc-3d2"/>
      </symbol>
      <symbol id="sm-81b">
         <name>__aeabi_ldiv0</name>
         <value>0xcbb</value>
         <object_component_ref idref="oc-3d2"/>
      </symbol>
      <symbol id="sm-81c">
         <name>__TI_static_base__</name>
         <value>0x0</value>
      </symbol>
      <symbol id="sm-81f">
         <name>__mpu_init</name>
         <value>0x0</value>
      </symbol>
      <symbol id="sm-820">
         <name>_system_post_cinit</name>
         <value>0x0</value>
      </symbol>
   </symbol_table>
   <title>Link successful</title>
</link_info>
