******************************************************************************
                  TI ARM Linker PC v20.2.7                     
******************************************************************************
>> Linked Mon Mar 25 18:08:25 2024

OUTPUT FILE NAME:   <Lab7.out>
ENTRY POINT SYMBOL: "_c_int00_noargs"  address: 00005c91


MEMORY CONFIGURATION

         name            origin    length      used     unused   attr    fill
----------------------  --------  ---------  --------  --------  ----  --------
  FLASH                 00000000   00040000  0000625b  00039da5  R  X
  SRAM                  20000000   00008000  00002333  00005ccd  RW X


SEGMENT ALLOCATION MAP

run origin  load origin   length   init length attrs members
----------  ----------- ---------- ----------- ----- -------
00000000    00000000    00006260   00006260    r-x
  00000000    00000000    0000026c   0000026c    r-- .intvecs
  0000026c    0000026c    00005c68   00005c68    r-x .text
  00005ed8    00005ed8    00000337   00000337    r-- .const
  00006210    00006210    00000050   00000050    r-- .cinit
20000000    20000000    00002339   00000000    rw-
  20000000    20000000    0000026c   00000000    rw- .vtable
  20000270    20000270    00001000   00000000    rw- .stack
  20001270    20001270    00001000   00000000    rw- .sysmem
  20002270    20002270    0000008e   00000000    rw- .bss
  20002300    20002300    00000039   00000000    rw- .data


SECTION ALLOCATION MAP

 output                                  attributes/
section   page    origin      length       input sections
--------  ----  ----------  ----------   ----------------
.intvecs   0    00000000    0000026c     
                  00000000    0000026c     tm4c123gh6pm_startup_ccs.obj (.intvecs)

.text      0    0000026c    00005c68     
                  0000026c    00000e4c     open_interface.obj (.text)
                  000010b8    00000a88     main7.obj (.text)
                  00001b40    00000a4e     rtsv7M4_T_le_v4SPD16_eabi.lib : _printfi.c.obj (.text:__TI_printfi)
                  0000258e    00000002                                   : _lock.c.obj (.text:_nop)
                  00002590    00000738                                   : k_rem_pio2.c.obj (.text:__kernel_rem_pio2)
                  00002cc8    000005e0                                   : s_sin.c.obj (.text:sin)
                  000032a8    00000328     lcd.obj (.text)
                  000035d0    00000270     rtsv7M4_T_le_v4SPD16_eabi.lib : _printfi.c.obj (.text:_pconv_a)
                  00003840    00000260     libcybotScan.lib : cyBot_Scan.obj (.text)
                  00003aa0    00000248     Timer.obj (.text)
                  00003ce8    00000238     movement.obj (.text)
                  00003f20    000001ec     libcybotScan.lib : ping.obj (.text)
                  0000410c    000001d0     rtsv7M4_T_le_v4SPD16_eabi.lib : _printfi.c.obj (.text:_pconv_g)
                  000042dc    000001b6                                   : fd_add_t2.asm.obj (.text)
                  00004492    00000002                                   : div0.asm.obj (.text)
                  00004494    00000174                                   : k_sin.c.obj (.text:__kernel_sin)
                  00004608    00000170                                   : k_cos.c.obj (.text:__kernel_cos)
                  00004778    0000016c     uart.obj (.text)
                  000048e4    00000158     libcybotScan.lib : servo.obj (.text)
                  00004a3c    0000013c     rtsv7M4_T_le_v4SPD16_eabi.lib : _printfi.c.obj (.text:_pconv_e)
                  00004b78    00000136                                   : fd_div_t2.asm.obj (.text)
                  00004cae    00000002     --HOLE-- [fill = 0]
                  00004cb0    00000124                                   : _printfi.c.obj (.text:fcvt)
                  00004dd4    00000118     libcybotScan.lib : ir.obj (.text)
                  00004eec    00000110     rtsv7M4_T_le_v4SPD16_eabi.lib : s_scalbn.c.obj (.text:scalbn)
                  00004ffc    00000100                                   : memory.c.obj (.text:aligned_alloc)
                  000050fc    000000fc                                   : fd_mul_t2.asm.obj (.text)
                  000051f8    000000f8                                   : s_floor.c.obj (.text:floor)
                  000052f0    000000e4                                   : memory.c.obj (.text:free)
                  000053d4    000000b1                                   : _printfi.c.obj (.text:_ltostr)
                  00005485    00000001     --HOLE-- [fill = 0]
                  00005486    0000009c                                   : memcpy_t2.asm.obj (.text)
                  00005522    00000096                                   : ull_div_t2.asm.obj (.text)
                  000055b8    00000086                                   : fd_cmp_t2.asm.obj (.text:__aeabi_cdcmple)
                  0000563e    00000086                                   : fd_cmp_t2.asm.obj (.text:__aeabi_cdrcmple)
                  000056c4    0000007a                                   : memset_t2.asm.obj (.text)
                  0000573e    00000002     --HOLE-- [fill = 0]
                  00005740    00000070                                   : memory.c.obj (.text:split)
                  000057b0    0000006e                                   : _printfi.c.obj (.text:_mcpy)
                  0000581e    0000006e                                   : fd_tos_t2.asm.obj (.text)
                  0000588c    00000068                                   : copy_decompress_lzss.c.obj (.text:decompress:lzss:__TI_decompress_lzss)
                  000058f4    00000064                                   : s_frexp.c.obj (.text:frexp)
                  00005958    00000056                                   : _printfi.c.obj (.text:_pconv_f)
                  000059ae    00000054                                   : _ltoa.c.obj (.text:__TI_ltoa)
                  00005a02    00000052                                   : _printfi.c.obj (.text:_ecpy)
                  00005a54    0000004c                                   : atoi.c.obj (.text:atoi)
                  00005aa0    00000048                                   : fd_toi_t2.asm.obj (.text)
                  00005ae8    00000044                                   : autoinit.c.obj (.text:__TI_auto_init_nobinit_nopinit:__TI_auto_init_nobinit_nopinit)
                  00005b2c    00000040                                   : sprintf.c.obj (.text:sprintf)
                  00005b6c    00000040                                   : vsnprintf.c.obj (.text:vsnprintf)
                  00005bac    0000003e                                   : _printfi.c.obj (.text:_fcpy)
                  00005bea    00000002     --HOLE-- [fill = 0]
                  00005bec    00000038                                   : memory.c.obj (.text:calloc)
                  00005c24    00000038                                   : fs_tod_t2.asm.obj (.text)
                  00005c5c    00000034     driverlib.lib : interrupt.obj (.text:IntRegister)
                  00005c90    00000034     rtsv7M4_T_le_v4SPD16_eabi.lib : boot_cortex_m.c.obj (.text:_c_int00_noargs:_c_int00_noargs)
                  00005cc4    00000030                                   : vsnprintf.c.obj (.text:_outs)
                  00005cf4    0000002e                                   : i_tofd_t2.asm.obj (.text)
                  00005d22    00000002     --HOLE-- [fill = 0]
                  00005d24    00000028                                   : memory.c.obj (.text:free_list_insert)
                  00005d4c    0000001c                                   : copy_zero_init.c.obj (.text:decompress:ZI:__TI_zero_init_nomemset:__TI_zero_init_nomemset)
                  00005d68    0000001c                                   : memory.c.obj (.text:free_list_remove)
                  00005d84    0000001c                                   : memccpy.c.obj (.text:memccpy)
                  00005da0    0000001a                                   : s_copysign.c.obj (.text:copysign)
                  00005dba    00000018                                   : vsnprintf.c.obj (.text:_outc)
                  00005dd2    00000018                                   : sprintf.c.obj (.text:_outs)
                  00005dea    00000018     open_interface.obj (.text:oi_parseInt)
                  00005e02    00000018     rtsv7M4_T_le_v4SPD16_eabi.lib : strcmp.c.obj (.text:strcmp)
                  00005e1a    00000016                                   : strchr.c.obj (.text:strchr)
                  00005e30    00000014                                   : strcpy.c.obj (.text:strcpy)
                  00005e44    00000014                                   : strlen.c.obj (.text:strlen)
                  00005e58    00000012                                   : wcslen.c.obj (.text:wcslen)
                  00005e6a    00000010     driverlib.lib : interrupt.obj (.text:IntMasterEnable)
                  00005e7a    00000010     lcd.obj (.text:lcd_clear)
                  00005e8a    0000000e     rtsv7M4_T_le_v4SPD16_eabi.lib : copy_decompress_none.c.obj (.text:decompress:none:__TI_decompress_none)
                  00005e98    0000000c     driverlib.lib : cpu.obj (.text:CPUcpsie)
                  00005ea4    0000000c     tm4c123gh6pm_startup_ccs.obj (.text)
                  00005eb0    0000000a     rtsv7M4_T_le_v4SPD16_eabi.lib : sprintf.c.obj (.text:_outc)
                  00005eba    00000002     --HOLE-- [fill = 0]
                  00005ebc    00000008                                   : errno.c.obj (.text:__aeabi_errno_addr)
                  00005ec4    00000008                                   : memory.c.obj (.text:malloc)
                  00005ecc    00000004                                   : pre_init.c.obj (.text:_system_pre_init)
                  00005ed0    00000004                                   : exit.c.obj (.text:abort:abort)

.const     0    00005ed8    00000337     
                  00005ed8    00000158     rtsv7M4_T_le_v4SPD16_eabi.lib : k_rem_pio2.c.obj (.const:$O1$$)
                  00006030    00000101                                   : ctype.c.obj (.const:.string:_ctypes_)
                  00006131    0000001d     main7.obj (.const:.string:$P$T11$12)
                  0000614e    0000000f     open_interface.obj (.const:.string:$P$T0$3)
                  0000615d    0000000e     main7.obj (.const:.string:$P$T1$2)
                  0000616b    0000000e     main7.obj (.const:.string:$P$T13$14)
                  00006179    0000000e     main7.obj (.const:.string:$P$T5$6)
                  00006187    0000000d     main7.obj (.const:.string:$P$T0$1)
                  00006194    0000000d     open_interface.obj (.const:.string:$P$T2$10)
                  000061a1    0000000c     open_interface.obj (.const:.string:$P$T1$9)
                  000061ad    0000000c     main7.obj (.const:.string:$P$T14$15)
                  000061b9    0000000c     main7.obj (.const:.string:$P$T6$7)
                  000061c5    0000000b     main7.obj (.const:.string:$P$T3$4)
                  000061d0    0000000a     main7.obj (.const:.string:$P$T2$3)
                  000061da    00000009     main7.obj (.const:.string:$P$T9$10)
                  000061e3    00000008     main7.obj (.const:.string:$P$T12$13)
                  000061eb    00000008     main7.obj (.const:.string:$P$T4$5)
                  000061f3    00000008     main7.obj (.const:.string:$P$T7$8)
                  000061fb    00000006     main7.obj (.const:.string:$P$T10$11)
                  00006201    00000006     main7.obj (.const:.string:$P$T8$9)
                  00006207    00000004     lcd.obj (.const:.string:lineAddress$1)
                  0000620b    00000004     lcd.obj (.const:.string:lineAddresses$2)

.cinit     0    00006210    00000050     
                  00006210    00000018     (.cinit..data.load) [load image, compression = lzss]
                  00006228    0000000c     (__TI_handler_table)
                  00006234    00000004     --HOLE-- [fill = 0]
                  00006238    00000008     (.cinit..bss.load) [load image, compression = zero_init]
                  00006240    00000008     (.cinit..vtable.load) [load image, compression = zero_init]
                  00006248    00000018     (__TI_cinit_table)

.init_array 
*          0    00000000    00000000     UNINITIALIZED

.vtable    0    20000000    0000026c     UNINITIALIZED
                  20000000    0000026c     driverlib.lib : interrupt.obj (.vtable)

.stack     0    20000270    00001000     UNINITIALIZED
                  20000270    00000004     rtsv7M4_T_le_v4SPD16_eabi.lib : boot_cortex_m.c.obj (.stack)
                  20000274    00000ffc     --HOLE--

.sysmem    0    20001270    00001000     UNINITIALIZED
                  20001270    00000010     rtsv7M4_T_le_v4SPD16_eabi.lib : memory.c.obj (.sysmem)
                  20001280    00000ff0     --HOLE--

.bss       0    20002270    0000008e     UNINITIALIZED
                  20002270    00000054     lcd.obj (.bss:lastbuffer$3)
                  200022c4    00000018     open_interface.obj (.bss:firmware$2)
                  200022dc    00000004     (.common:_timeout_ticks)
                  200022e0    00000004     (.common:fallingEdge)
                  200022e4    00000004     (.common:isr_int_value)
                  200022e8    00000004     (.common:left_calibration_value)
                  200022ec    00000004     (.common:pulseLength)
                  200022f0    00000004     (.common:right_calibration_value)
                  200022f4    00000004     (.common:risingEdge)
                  200022f8    00000004     (.common:uart_event)
                  200022fc    00000001     (.common:isRisingEdge)
                  200022fd    00000001     (.common:uart_typed)

.data      0    20002300    00000039     UNINITIALIZED
                  20002300    00000020     open_interface.obj (.data)
                  20002320    00000008     rtsv7M4_T_le_v4SPD16_eabi.lib : _lock.c.obj (.data:$O1$$)
                  20002328    00000008                                   : memory.c.obj (.data:$O1$$)
                  20002330    00000004     libcybotScan.lib : cyBot_Scan.obj (.data)
                  20002334    00000004     rtsv7M4_T_le_v4SPD16_eabi.lib : errno.c.obj (.data)
                  20002338    00000001     Timer.obj (.data)

__llvm_prf_cnts 
*          0    20000000    00000000     UNINITIALIZED

MODULE SUMMARY

       Module                         code    ro data   rw data
       ------                         ----    -------   -------
    .\
       open_interface.obj             3684    40        56     
       main7.obj                      2696    174       13     
       lcd.obj                        824     8         84     
       tm4c123gh6pm_startup_ccs.obj   12      620       0      
       Timer.obj                      584     0         5      
       movement.obj                   568     0         0      
       uart.obj                       364     0         0      
    +--+------------------------------+-------+---------+---------+
       Total:                         8732    842       158    
                                                               
    ../libcybotScan.lib
       cyBot_Scan.obj                 608     0         4      
       ping.obj                       492     0         13     
       servo.obj                      344     0         0      
       ir.obj                         280     0         4      
    +--+------------------------------+-------+---------+---------+
       Total:                         1724    0         21     
                                                               
    C:/ti/TivaWare_C_Series-2.2.0.295/driverlib/ccs/Debug/driverlib.lib
       interrupt.obj                  68      0         620    
       cpu.obj                        12      0         0      
    +--+------------------------------+-------+---------+---------+
       Total:                         80      0         620    
                                                               
    C:\ti\ccs1230\ccs\tools\compiler\ti-cgt-arm_20.2.7.LTS\lib\rtsv7M4_T_le_v4SPD16_eabi.lib
       _printfi.c.obj                 4851    0         0      
       k_rem_pio2.c.obj               1848    344       0      
       s_sin.c.obj                    1504    0         0      
       memory.c.obj                   728     0         8      
       fd_add_t2.asm.obj              438     0         0      
       k_sin.c.obj                    372     0         0      
       k_cos.c.obj                    368     0         0      
       fd_div_t2.asm.obj              310     0         0      
       s_scalbn.c.obj                 272     0         0      
       fd_cmp_t2.asm.obj              268     0         0      
       ctype.c.obj                    0       257       0      
       fd_mul_t2.asm.obj              252     0         0      
       s_floor.c.obj                  248     0         0      
       memcpy_t2.asm.obj              156     0         0      
       ull_div_t2.asm.obj             150     0         0      
       vsnprintf.c.obj                136     0         0      
       memset_t2.asm.obj              122     0         0      
       fd_tos_t2.asm.obj              110     0         0      
       copy_decompress_lzss.c.obj     104     0         0      
       s_frexp.c.obj                  100     0         0      
       sprintf.c.obj                  98      0         0      
       _ltoa.c.obj                    84      0         0      
       atoi.c.obj                     76      0         0      
       fd_toi_t2.asm.obj              72      0         0      
       autoinit.c.obj                 68      0         0      
       fs_tod_t2.asm.obj              56      0         0      
       boot_cortex_m.c.obj            52      0         0      
       i_tofd_t2.asm.obj              46      0         0      
       copy_zero_init.c.obj           28      0         0      
       memccpy.c.obj                  28      0         0      
       s_copysign.c.obj               26      0         0      
       strcmp.c.obj                   24      0         0      
       strchr.c.obj                   22      0         0      
       strcpy.c.obj                   20      0         0      
       strlen.c.obj                   20      0         0      
       wcslen.c.obj                   18      0         0      
       copy_decompress_none.c.obj     14      0         0      
       errno.c.obj                    8       0         4      
       _lock.c.obj                    2       0         8      
       exit.c.obj                     4       0         0      
       pre_init.c.obj                 4       0         0      
       div0.asm.obj                   2       0         0      
    +--+------------------------------+-------+---------+---------+
       Total:                         13109   601       20     
                                                               
       Heap:                          0       0         4096   
       Stack:                         0       0         4096   
       Linker Generated:              0       76        0      
    +--+------------------------------+-------+---------+---------+
       Grand Total:                   23645   1519      9011   


LINKER GENERATED COPY TABLES

__TI_cinit_table @ 00006248 records: 3, size/record: 8, table size: 24
	.data: load addr=00006210, load size=00000018 bytes, run addr=20002300, run size=00000039 bytes, compression=lzss
	.bss: load addr=00006238, load size=00000008 bytes, run addr=20002270, run size=0000008e bytes, compression=zero_init
	.vtable: load addr=00006240, load size=00000008 bytes, run addr=20000000, run size=0000026c bytes, compression=zero_init


LINKER GENERATED HANDLER TABLE

__TI_handler_table @ 00006228 records: 3, size/record: 4, table size: 12
	index: 0, handler: __TI_zero_init
	index: 1, handler: __TI_decompress_lzss
	index: 2, handler: __TI_decompress_none


GLOBAL SYMBOLS: SORTED ALPHABETICALLY BY Name 

address   name                          
-------   ----                          
00004e6d  ADC0SS0_Handler               
00005ed1  C$$EXIT                       
00005e99  CPUcpsie                      
00000bc3  GPIOF_Handler                 
00005e6b  IntMasterEnable               
00005c5d  IntRegister                   
00005ea5  ResetISR                      
00004011  TIMER3B_Handler               
20001270  __STACK_END                   
00001000  __STACK_SIZE                  
20000470  __STACK_TOP                   
00001000  __SYSMEM_SIZE                 
00006248  __TI_CINIT_Base               
00006260  __TI_CINIT_Limit              
00006228  __TI_Handler_Table_Base       
00006234  __TI_Handler_Table_Limit      
00005ae9  __TI_auto_init_nobinit_nopinit
0000588d  __TI_decompress_lzss          
00005e8b  __TI_decompress_none          
000059af  __TI_ltoa                     
ffffffff  __TI_pprof_out_hndl           
00001b41  __TI_printfi                  
ffffffff  __TI_prof_data_size           
ffffffff  __TI_prof_data_start          
00000000  __TI_static_base__            
00005d4d  __TI_zero_init_nomemset       
000055b9  __aeabi_cdcmpeq               
000055b9  __aeabi_cdcmple               
0000563f  __aeabi_cdrcmple              
0000581f  __aeabi_d2f                   
00005aa1  __aeabi_d2iz                  
000042e7  __aeabi_dadd                  
00004b79  __aeabi_ddiv                  
000050fd  __aeabi_dmul                  
000042dd  __aeabi_dsub                  
00005ebd  __aeabi_errno_addr            
00005c25  __aeabi_f2d                   
00005cf5  __aeabi_i2d                   
00004493  __aeabi_idiv0                 
00004493  __aeabi_ldiv0                 
000056c5  __aeabi_memclr                
000056c5  __aeabi_memclr4               
000056c5  __aeabi_memclr8               
00005487  __aeabi_memcpy                
00005487  __aeabi_memcpy4               
00005487  __aeabi_memcpy8               
000056c7  __aeabi_memset                
000056c7  __aeabi_memset4               
000056c7  __aeabi_memset8               
00005523  __aeabi_uldivmod              
ffffffff  __binit__                     
ffffffff  __c_args__                    
00004609  __kernel_cos                  
00002591  __kernel_rem_pio2             
00004495  __kernel_sin                  
UNDEFED   __mpu_init                    
20000270  __stack                       
20000000  __start___llvm_prf_cnts       
20000000  __stop___llvm_prf_cnts        
00005c91  _c_int00_noargs               
00006030  _ctypes_                      
20002320  _lock                         
0000258f  _nop                          
20002338  _running                      
20001270  _sys_memory                   
UNDEFED   _system_post_cinit            
00005ecd  _system_pre_init              
200022dc  _timeout_ticks                
20002324  _unlock                       
00005ed1  abort                         
00004ffd  aligned_alloc                 
00005a55  atoi                          
ffffffff  binit                         
00005bed  calloc                        
00003ce9  collisionBumpLeft             
00003d89  collisionBumpRight            
00005da1  copysign                      
00005da1  copysignl                     
00003919  cyBOT_SERVO_cal               
000038a7  cyBOT_Scan                    
0000384f  cyBOT_init_Scan               
20002330  cyBOT_scan_features           
00003841  cyBOT_scan_version            
20002334  errno                         
200022e0  fallingEdge                   
000051f9  floor                         
000051f9  floorl                        
000052f1  free                          
000058f5  frexp                         
000058f5  frexpl                        
20000000  g_pfnRAMVectors               
00000000  g_pfnVectors                  
0000097f  go_charge                     
00004e83  ir_enableInterrupt            
00004e65  ir_getDistance                
00004e3d  ir_getValue                   
00004dd5  ir_init                       
200022fc  isRisingEdge                  
200022e4  isr_int_value                 
00005e7b  lcd_clear                     
0000347d  lcd_gotoLine                  
000032e5  lcd_init                      
000034e3  lcd_printf                    
000033a5  lcd_putc                      
000033dd  lcd_puts                      
000032a9  lcd_reverseNibble             
000033fb  lcd_sendCommand               
00003439  lcd_sendNibble                
000034a5  lcd_setCursorPos              
00004eed  ldexp                         
00004eed  ldexpl                        
200022e8  left_calibration_value        
000010b9  main                          
00005ec5  malloc                        
00004ffd  memalign                      
00005d85  memccpy                       
00005487  memcpy                        
000056cd  memset                        
20002300  motor_cal_factor_L            
20002304  motor_cal_factor_R            
00003e6b  move_backward                 
00003e29  move_forward                  
0000026d  oi_alloc                      
00000aa9  oi_checkFirmware              
000002c7  oi_close                      
00000279  oi_free                       
00000ded  oi_getMotorCalibrationLeft    
00000e01  oi_getMotorCalibrationRight   
000002b1  oi_init                       
00000289  oi_init_noupdate              
00000915  oi_loadSong                   
00000f71  oi_moveBackward               
00000e59  oi_moveForward                
00005deb  oi_parseInt                   
0000032b  oi_parsePacket                
0000096b  oi_play_song                  
0000084b  oi_setLeds                    
00000db1  oi_setMotorCalibration        
0000088f  oi_setWheels                  
00000b51  oi_shutoff_init               
00001049  oi_turnClockwise              
00000fe5  oi_turnCounterClockwise       
0000098d  oi_uartInit                   
00000a31  oi_uartReceive                
00000a77  oi_uartSendBuff               
00000a15  oi_uartSendChar               
00000a59  oi_uartSendStr                
000002d9  oi_update                     
00004063  ping_getDistance              
00003f21  ping_init                     
00003fa7  ping_trigger                  
200022ec  pulseLength                   
200022f0  right_calibration_value       
200022f4  risingEdge                    
00004eed  scalbn                        
00004eed  scalbnl                       
000048e5  servo_init                    
00004975  servo_move                    
000049d5  servo_setPWM                  
00004969  servo_stop                    
00002cc9  sin                           
00002cc9  sinl                          
00005b2d  sprintf                       
00005e1b  strchr                        
00005e03  strcmp                        
00005e31  strcpy                        
00005e45  strlen                        
00003bbf  timer_getMicros               
00003b67  timer_getMillis               
00003aa1  timer_init                    
00003b43  timer_pause                   
00003b55  timer_resume                  
00003b19  timer_stop                    
00003c19  timer_waitMicros              
00003c4b  timer_waitMillis              
00003ea9  turn_left                     
00003edb  turn_right                    
200022f8  uart_event                    
00004779  uart_init                     
00004869  uart_interrupt_handler        
00004843  uart_interrupt_init           
00004801  uart_receive                  
000047e5  uart_sendChar                 
00004839  uart_sendStr                  
200022fd  uart_typed                    
00005b6d  vsnprintf                     
00005e59  wcslen                        


GLOBAL SYMBOLS: SORTED BY Symbol Address 

address   name                          
-------   ----                          
00000000  __TI_static_base__            
00000000  g_pfnVectors                  
0000026d  oi_alloc                      
00000279  oi_free                       
00000289  oi_init_noupdate              
000002b1  oi_init                       
000002c7  oi_close                      
000002d9  oi_update                     
0000032b  oi_parsePacket                
0000084b  oi_setLeds                    
0000088f  oi_setWheels                  
00000915  oi_loadSong                   
0000096b  oi_play_song                  
0000097f  go_charge                     
0000098d  oi_uartInit                   
00000a15  oi_uartSendChar               
00000a31  oi_uartReceive                
00000a59  oi_uartSendStr                
00000a77  oi_uartSendBuff               
00000aa9  oi_checkFirmware              
00000b51  oi_shutoff_init               
00000bc3  GPIOF_Handler                 
00000db1  oi_setMotorCalibration        
00000ded  oi_getMotorCalibrationLeft    
00000e01  oi_getMotorCalibrationRight   
00000e59  oi_moveForward                
00000f71  oi_moveBackward               
00000fe5  oi_turnCounterClockwise       
00001000  __STACK_SIZE                  
00001000  __SYSMEM_SIZE                 
00001049  oi_turnClockwise              
000010b9  main                          
00001b41  __TI_printfi                  
0000258f  _nop                          
00002591  __kernel_rem_pio2             
00002cc9  sin                           
00002cc9  sinl                          
000032a9  lcd_reverseNibble             
000032e5  lcd_init                      
000033a5  lcd_putc                      
000033dd  lcd_puts                      
000033fb  lcd_sendCommand               
00003439  lcd_sendNibble                
0000347d  lcd_gotoLine                  
000034a5  lcd_setCursorPos              
000034e3  lcd_printf                    
00003841  cyBOT_scan_version            
0000384f  cyBOT_init_Scan               
000038a7  cyBOT_Scan                    
00003919  cyBOT_SERVO_cal               
00003aa1  timer_init                    
00003b19  timer_stop                    
00003b43  timer_pause                   
00003b55  timer_resume                  
00003b67  timer_getMillis               
00003bbf  timer_getMicros               
00003c19  timer_waitMicros              
00003c4b  timer_waitMillis              
00003ce9  collisionBumpLeft             
00003d89  collisionBumpRight            
00003e29  move_forward                  
00003e6b  move_backward                 
00003ea9  turn_left                     
00003edb  turn_right                    
00003f21  ping_init                     
00003fa7  ping_trigger                  
00004011  TIMER3B_Handler               
00004063  ping_getDistance              
000042dd  __aeabi_dsub                  
000042e7  __aeabi_dadd                  
00004493  __aeabi_idiv0                 
00004493  __aeabi_ldiv0                 
00004495  __kernel_sin                  
00004609  __kernel_cos                  
00004779  uart_init                     
000047e5  uart_sendChar                 
00004801  uart_receive                  
00004839  uart_sendStr                  
00004843  uart_interrupt_init           
00004869  uart_interrupt_handler        
000048e5  servo_init                    
00004969  servo_stop                    
00004975  servo_move                    
000049d5  servo_setPWM                  
00004b79  __aeabi_ddiv                  
00004dd5  ir_init                       
00004e3d  ir_getValue                   
00004e65  ir_getDistance                
00004e6d  ADC0SS0_Handler               
00004e83  ir_enableInterrupt            
00004eed  ldexp                         
00004eed  ldexpl                        
00004eed  scalbn                        
00004eed  scalbnl                       
00004ffd  aligned_alloc                 
00004ffd  memalign                      
000050fd  __aeabi_dmul                  
000051f9  floor                         
000051f9  floorl                        
000052f1  free                          
00005487  __aeabi_memcpy                
00005487  __aeabi_memcpy4               
00005487  __aeabi_memcpy8               
00005487  memcpy                        
00005523  __aeabi_uldivmod              
000055b9  __aeabi_cdcmpeq               
000055b9  __aeabi_cdcmple               
0000563f  __aeabi_cdrcmple              
000056c5  __aeabi_memclr                
000056c5  __aeabi_memclr4               
000056c5  __aeabi_memclr8               
000056c7  __aeabi_memset                
000056c7  __aeabi_memset4               
000056c7  __aeabi_memset8               
000056cd  memset                        
0000581f  __aeabi_d2f                   
0000588d  __TI_decompress_lzss          
000058f5  frexp                         
000058f5  frexpl                        
000059af  __TI_ltoa                     
00005a55  atoi                          
00005aa1  __aeabi_d2iz                  
00005ae9  __TI_auto_init_nobinit_nopinit
00005b2d  sprintf                       
00005b6d  vsnprintf                     
00005bed  calloc                        
00005c25  __aeabi_f2d                   
00005c5d  IntRegister                   
00005c91  _c_int00_noargs               
00005cf5  __aeabi_i2d                   
00005d4d  __TI_zero_init_nomemset       
00005d85  memccpy                       
00005da1  copysign                      
00005da1  copysignl                     
00005deb  oi_parseInt                   
00005e03  strcmp                        
00005e1b  strchr                        
00005e31  strcpy                        
00005e45  strlen                        
00005e59  wcslen                        
00005e6b  IntMasterEnable               
00005e7b  lcd_clear                     
00005e8b  __TI_decompress_none          
00005e99  CPUcpsie                      
00005ea5  ResetISR                      
00005ebd  __aeabi_errno_addr            
00005ec5  malloc                        
00005ecd  _system_pre_init              
00005ed1  C$$EXIT                       
00005ed1  abort                         
00006030  _ctypes_                      
00006228  __TI_Handler_Table_Base       
00006234  __TI_Handler_Table_Limit      
00006248  __TI_CINIT_Base               
00006260  __TI_CINIT_Limit              
20000000  __start___llvm_prf_cnts       
20000000  __stop___llvm_prf_cnts        
20000000  g_pfnRAMVectors               
20000270  __stack                       
20000470  __STACK_TOP                   
20001270  __STACK_END                   
20001270  _sys_memory                   
200022dc  _timeout_ticks                
200022e0  fallingEdge                   
200022e4  isr_int_value                 
200022e8  left_calibration_value        
200022ec  pulseLength                   
200022f0  right_calibration_value       
200022f4  risingEdge                    
200022f8  uart_event                    
200022fc  isRisingEdge                  
200022fd  uart_typed                    
20002300  motor_cal_factor_L            
20002304  motor_cal_factor_R            
20002320  _lock                         
20002324  _unlock                       
20002330  cyBOT_scan_features           
20002334  errno                         
20002338  _running                      
ffffffff  __TI_pprof_out_hndl           
ffffffff  __TI_prof_data_size           
ffffffff  __TI_prof_data_start          
ffffffff  __binit__                     
ffffffff  __c_args__                    
ffffffff  binit                         
UNDEFED   __mpu_init                    
UNDEFED   _system_post_cinit            

[187 symbols]
